Component: ARM Compiler 5.05 update 2 (build 169) Tool: armlink [4d0f33]

==============================================================================

Section Cross References

    main.o(.text) refers to stm32f4xx_hal_rcc.o(.text) for HAL_RCC_OscConfig
    main.o(.text) refers to memcpya.o(.text) for __aeabi_memcpy4
    main.o(.text) refers to stm32f4xx_hal_tim.o(.text) for HAL_TIM_Base_MspInit
    main.o(.text) refers to stm32f4xx_hal_cortex.o(.text) for HAL_NVIC_EnableIRQ
    main.o(.text) refers to stm32f4xx_hal_gpio.o(.text) for HAL_GPIO_EXTI_IRQHandler
    main.o(.text) refers to rt_cmsis.o(i.osMutexWait) for osMutexWait
    main.o(.text) refers to lis3dsh.o(.text) for LIS3DSH_ReadACC
    main.o(.text) refers to rt_cmsis.o(i.osMutexRelease) for osMutexRelease
    main.o(.text) refers to rt_cmsis.o(i.osSignalSet) for osSignalSet
    main.o(.text) refers to rt_cmsis.o(i.osKernelInitialize) for osKernelInitialize
    main.o(.text) refers to stm32f4xx_hal.o(.text) for HAL_Init
    main.o(.text) refers to printfa.o(i.__0printf) for __2printf
    main.o(.text) refers to thread_tempsensor.o(.text) for ADC_config
    main.o(.text) refers to thread_accelerometer.o(.text) for Accelerometer_config
    main.o(.text) refers to rt_cmsis.o(i.osKernelStart) for osKernelStart
    main.o(.text) refers to rt_time.o(.data) for os_time
    main.o(.text) refers to main.o(.bss) for handle_tim3
    main.o(.text) refers to main.o(.data) for accelerometerMutex
    main.o(.text) refers to thread_accelerometer.o(.bss) for accelerometer_out
    main.o(.text) refers to thread_accelerometer.o(.data) for tid_Thread_Accelerometer
    main.o(.text) refers to thread_tempsensor.o(.data) for tid_Thread_TempSensor
    thread_tempsensor.o(.text) refers to rt_cmsis.o(i.osThreadCreate) for osThreadCreate
    thread_tempsensor.o(.text) refers to printfa.o(i.__0printf) for __2printf
    thread_tempsensor.o(.text) refers to rt_cmsis.o(i.osSignalWait) for osSignalWait
    thread_tempsensor.o(.text) refers to rt_cmsis.o(i.osMutexWait) for osMutexWait
    thread_tempsensor.o(.text) refers to rt_cmsis.o(i.osMutexRelease) for osMutexRelease
    thread_tempsensor.o(.text) refers to stm32f4xx_hal_adc.o(.text) for HAL_ADC_PollForConversion
    thread_tempsensor.o(.text) refers to f2d.o(.text) for __aeabi_f2d
    thread_tempsensor.o(.text) refers to rt_cmsis.o(i.osMutexCreate) for osMutexCreate
    thread_tempsensor.o(.text) refers to thread_tempsensor.o(.constdata) for os_thread_def_Thread_TempSensor
    thread_tempsensor.o(.text) refers to thread_tempsensor.o(.data) for tid_Thread_TempSensor
    thread_tempsensor.o(.text) refers to main.o(.data) for temperatureMutex
    thread_tempsensor.o(.text) refers to thread_tempsensor.o(.bss) for ADC1_Handle
    thread_tempsensor.o(.constdata) refers to thread_tempsensor.o(.text) for Thread_TempSensor
    thread_accelerometer.o(.text) refers to rt_cmsis.o(i.osThreadCreate) for osThreadCreate
    thread_accelerometer.o(.text) refers to printfa.o(i.__0printf) for __2printf
    thread_accelerometer.o(.text) refers to f2d.o(.text) for __aeabi_f2d
    thread_accelerometer.o(.text) refers to sqrt.o(i.__hardfp_sqrt) for __hardfp_sqrt
    thread_accelerometer.o(.text) refers to ddiv.o(.text) for __aeabi_ddiv
    thread_accelerometer.o(.text) refers to atan.o(i.__hardfp_atan) for __hardfp_atan
    thread_accelerometer.o(.text) refers to dmul.o(.text) for __aeabi_dmul
    thread_accelerometer.o(.text) refers to dadd.o(.text) for __aeabi_drsub
    thread_accelerometer.o(.text) refers to d2f.o(.text) for __aeabi_d2f
    thread_accelerometer.o(.text) refers to rt_cmsis.o(i.osMutexWait) for osMutexWait
    thread_accelerometer.o(.text) refers to rt_cmsis.o(i.osMutexRelease) for osMutexRelease
    thread_accelerometer.o(.text) refers to kalmanfilter_asm.o(fn) for Kalmanfilter_asm
    thread_accelerometer.o(.text) refers to rt_cmsis.o(i.osSignalWait) for osSignalWait
    thread_accelerometer.o(.text) refers to thread_accelerometer.o(.constdata) for os_thread_def_Thread_Accelerometer
    thread_accelerometer.o(.text) refers to thread_accelerometer.o(.data) for tid_Thread_Accelerometer
    thread_accelerometer.o(.text) refers to thread_accelerometer.o(.bss) for accel
    thread_accelerometer.o(.text) refers to main.o(.data) for accelerometerMutex
    thread_accelerometer.o(.text) refers to acos.o(i.__hardfp_acos) for __hardfp_acos
    thread_accelerometer.o(.text) refers to lis3dsh.o(.text) for LIS3DSH_Init
    thread_accelerometer.o(.text) refers to stm32f4xx_hal_gpio.o(.text) for HAL_GPIO_Init
    thread_accelerometer.o(.text) refers to stm32f4xx_hal_cortex.o(.text) for HAL_NVIC_EnableIRQ
    thread_accelerometer.o(.text) refers to rt_cmsis.o(i.osMutexCreate) for osMutexCreate
    thread_accelerometer.o(.constdata) refers to thread_accelerometer.o(.text) for Thread_Accelerometer
    supporting_functions.o(.text) refers to printfa.o(i.__0printf) for __2printf
[...]
    .data                                    0x20000088   Section        8  rt_robin.o(.data)
    .data                                    0x20000090   Section        4  stdout.o(.data)
    .data                                    0x20000094   Section        4  errno.o(.data)
    _errno                                   0x20000094   Data           4  errno.o(.data)
    .bss                                     0x20000098   Section       60  main.o(.bss)
    .bss                                     0x200000d4   Section       88  thread_tempsensor.o(.bss)
    .bss                                     0x2000012c   Section       84  thread_accelerometer.o(.bss)
    .bss                                     0x20000180   Section       88  lis3dsh.o(.bss)
    .bss                                     0x200001d8   Section     6640  rtx_conf_cm.o(.bss)
    .bss                                     0x20001bc8   Section       52  rt_task.o(.bss)
    .bss                                     0x20001bfc   Section       48  rt_list.o(.bss)
    STACK                                    0x20001c30   Section     1024  startup_stm32f407xx.o(STACK)

    Global Symbols

    Symbol Name                              Value     Ov Type        Size  Object(Section)

    BuildAttributes$$THM_ISAv4$E$P$D$K$B$S$7EM$VFPi3$EXTD16$VFPS$VFMA$PE$A:L22UL41UL21$X:L11$S22US41US21$IEEE1$IW$USESV6$~STKCKD$USESV7$~SHL$OTIME$ROPI$IEEEX$EBA8$MICROLIB$REQ8$PRES8$EABIv2 0x00000000   Number         0  anon$$obj.o ABSOLUTE
    __ARM_use_no_argv                        0x00000000   Number         0  main.o ABSOLUTE
    _printf_a                                0x00000000   Number         0  stubs.o ABSOLUTE
    _printf_c                                0x00000000   Number         0  stubs.o ABSOLUTE
    _printf_charcount                        0x00000000   Number         0  stubs.o ABSOLUTE
    _printf_d                                0x00000000   Number         0  stubs.o ABSOLUTE
    _printf_e                                0x00000000   Number         0  stubs.o ABSOLUTE
    _printf_f                                0x00000000   Number         0  stubs.o ABSOLUTE
    _printf_flags                            0x00000000   Number         0  stubs.o ABSOLUTE
    _printf_fp_dec                           0x00000000   Number         0  stubs.o ABSOLUTE
    _printf_fp_hex                           0x00000000   Number         0  stubs.o ABSOLUTE
    _printf_g                                0x00000000   Number         0  stubs.o ABSOLUTE
    _printf_i                                0x00000000   Number         0  stubs.o ABSOLUTE
    _printf_int_dec                          0x00000000   Number         0  stubs.o ABSOLUTE
    _printf_l                                0x00000000   Number         0  stubs.o ABSOLUTE
    _printf_lc                               0x00000000   Number         0  stubs.o ABSOLUTE
    _printf_ll                               0x00000000   Number         0  stubs.o ABSOLUTE
    _printf_lld                              0x00000000   Number         0  stubs.o ABSOLUTE
    _printf_lli                              0x00000000   Number         0  stubs.o ABSOLUTE
    _printf_llo                              0x00000000   Number         0  stubs.o ABSOLUTE
    _printf_llu                              0x00000000   Number         0  stubs.o ABSOLUTE
    _printf_llx                              0x00000000   Number         0  stubs.o ABSOLUTE
    _printf_longlong_dec                     0x00000000   Number         0  stubs.o ABSOLUTE
    _printf_longlong_hex                     0x00000000   Number         0  stubs.o ABSOLUTE
    _printf_longlong_oct                     0x00000000   Number         0  stubs.o ABSOLUTE
    _printf_ls                               0x00000000   Number         0  stubs.o ABSOLUTE
    _printf_mbtowc                           0x00000000   Number         0  stubs.o ABSOLUTE
    _printf_n                                0x00000000   Number         0  stubs.o ABSOLUTE
    _printf_o                                0x00000000   Number         0  stubs.o ABSOLUTE
    _printf_p                                0x00000000   Number         0  stubs.o ABSOLUTE
    _printf_percent                          0x00000000   Number         0  stubs.o ABSOLUTE
    _printf_pre_padding                      0x00000000   Number         0  stubs.o ABSOLUTE
    _printf_return_value                     0x00000000   Number         0  stubs.o ABSOLUTE
    _printf_s                                0x00000000   Number         0  stubs.o ABSOLUTE
    _printf_sizespec                         0x00000000   Number         0  stubs.o ABSOLUTE
    _printf_str                              0x00000000   Number         0  stubs.o ABSOLUTE
    _printf_truncate_signed                  0x00000000   Number         0  stubs.o ABSOLUTE
    _printf_truncate_unsigned                0x00000000   Number         0  stubs.o ABSOLUTE
    _printf_u                                0x00000000   Number         0  stubs.o ABSOLUTE
    _printf_wc                               0x00000000   Number         0  stubs.o ABSOLUTE
    _printf_wctomb                           0x00000000   Number         0  stubs.o ABSOLUTE
    _printf_widthprec                        0x00000000   Number         0  stubs.o ABSOLUTE
    _printf_x                                0x00000000   Number         0  stubs.o ABSOLUTE
    __cpp_initialize__aeabi_                  - Undefined Weak Reference
    __cxa_finalize                            - Undefined Weak Reference
    __decompress                              - Undefined Weak Reference
    _clock_init                               - Undefined Weak Reference
    _microlib_exit                            - Undefined Weak Reference
    __Vectors_Size                           0x00000188   Number         0  startup_stm32f407xx.o ABSOLUTE
    __RL_RTX_VER                             0x00000480   Number         0  rt_system.o ABSOLUTE
    __Vectors                                0x08000000   Data           4  startup_stm32f407xx.o(RESET)
    __Vectors_End                            0x08000188   Data           0  startup_stm32f407xx.o(RESET)
    __main                                   0x08000189   Thumb Code     0  entry.o(.ARM.Collect$$$$00000000)
    _main_stk                                0x08000189   Thumb Code     0  entry2.o(.ARM.Collect$$$$00000001)
    _main_scatterload                        0x0800018d   Thumb Code     0  entry5.o(.ARM.Collect$$$$00000004)
    __main_after_scatterload                 0x08000191   Thumb Code     0  entry5.o(.ARM.Collect$$$$00000004)
    __rt_final_cpp                           0x08000191   Thumb Code     0  entry10a.o(.ARM.Collect$$$$0000000D)
    __rt_final_exit                          0x08000191   Thumb Code     0  entry11a.o(.ARM.Collect$$$$0000000F)
    _main_clock                              0x08000191   Thumb Code     0  entry7b.o(.ARM.Collect$$$$00000008)
    _main_cpp_init                           0x08000191   Thumb Code     0  entry8b.o(.ARM.Collect$$$$0000000A)
    _main_init                               0x08000191   Thumb Code    18  rtx_conf_cm.o(.ARM.Collect$$$$000000FF)
    rt_set_PSP                               0x080001ad   Thumb Code     6  hal_cm4.o(.emb_text)
    rt_get_PSP                               0x080001b3   Thumb Code     6  hal_cm4.o(.emb_text)
    os_set_env                               0x080001b9   Thumb Code    24  hal_cm4.o(.emb_text)
    _alloc_box                               0x080001d5   Thumb Code    28  hal_cm4.o(.emb_text)
    _free_box                                0x080001f5   Thumb Code    28  hal_cm4.o(.emb_text)
    SVC_Handler                              0x08000215   Thumb Code   168  hal_cm4.o(.emb_text)
    PendSV_Handler                           0x080002cd   Thumb Code    96  hal_cm4.o(.emb_text)
    SysTick_Handler                          0x08000331   Thumb Code     8  hal_cm4.o(.emb_text)
    OS_Tick_Handler                          0x08000339   Thumb Code    12  hal_cm4.o(.emb_text)
    HAL_GetTick                              0x08000345   Thumb Code     6  main.o(.text)
    SystemClock_Config                       0x0800034b   Thumb Code   142  main.o(.text)
    init_TIM3                                0x080003d9   Thumb Code   124  main.o(.text)
    EXTI0_IRQHandler                         0x08000455   Thumb Code    10  main.o(.text)
    TIM3_IRQHandler                          0x0800045f   Thumb Code    10  main.o(.text)
    HAL_GPIO_EXTI_Callback                   0x08000469   Thumb Code    52  main.o(.text)
    HAL_TIM_PeriodElapsedCallback            0x0800049d   Thumb Code    46  main.o(.text)
    main                                     0x080004cb   Thumb Code    54  main.o(.text)
    start_Thread_TempSensor                  0x0800053d   Thumb Code    36  thread_tempsensor.o(.text)
    Thread_TempSensor                        0x08000561   Thumb Code    50  thread_tempsensor.o(.text)
    updateTemp                               0x08000593   Thumb Code   114  thread_tempsensor.o(.text)
    ADC_config                               0x08000605   Thumb Code   180  thread_tempsensor.o(.text)
    start_Thread_Accelerometer               0x08000739   Thumb Code    36  thread_accelerometer.o(.text)
    calc_pitch_angle                         0x0800075d   Thumb Code   180  thread_accelerometer.o(.text)
    calc_roll_angle                          0x08000811   Thumb Code   180  thread_accelerometer.o(.text)
    update_accel_values                      0x080008c5   Thumb Code   448  thread_accelerometer.o(.text)
    accelerometer_mode                       0x08000a85   Thumb Code   134  thread_accelerometer.o(.text)
    Thread_Accelerometer                     0x08000b0b   Thumb Code   226  thread_accelerometer.o(.text)
    config_accelerometer_kalman              0x08000bed   Thumb Code   128  thread_accelerometer.o(.text)
    calc_yaw_angle                           0x08000c6d   Thumb Code   128  thread_accelerometer.o(.text)
    Accelerometer_config                     0x08000ced   Thumb Code   176  thread_accelerometer.o(.text)
    fputc                                    0x08000dd9   Thumb Code    52  fput_debug.o(.text)
    SPI_ReceiveData                          0x08000e11   Thumb Code    10  lis3dsh.o(.text)
    LIS3DSH_TIMEOUT_UserCallback             0x08000e1b   Thumb Code     4  lis3dsh.o(.text)
    SPI_SendData                             0x08000e1f   Thumb Code     6  lis3dsh.o(.text)
    LIS3DSH_Write                            0x08000e91   Thumb Code    62  lis3dsh.o(.text)
    LIS3DSH_Init                             0x08000ecf   Thumb Code   170  lis3dsh.o(.text)
    LIS3DSH_Read                             0x08000f79   Thumb Code    70  lis3dsh.o(.text)
    LIS3DSH_DataReadyInterruptConfig         0x08000fbf   Thumb Code    42  lis3dsh.o(.text)
    LIS3DSH_LowpowerCmd                      0x08000fe9   Thumb Code    40  lis3dsh.o(.text)
    LIS3DSH_DataRateCmd                      0x08001011   Thumb Code    44  lis3dsh.o(.text)
    LIS3DSH_FullScaleCmd                     0x0800103d   Thumb Code    44  lis3dsh.o(.text)
    LIS3DSH_ReadACC                          0x08001069   Thumb Code   628  lis3dsh.o(.text)
    HAL_SPI_MspInit                          0x080012dd   Thumb Code   218  lis3dsh.o(.text)
    os_idle_demon                            0x080013d1   Thumb Code     4  rtx_conf_cm.o(.text)
    os_error                                 0x080013d5   Thumb Code    34  rtx_conf_cm.o(.text)
    HAL_MspInit                              0x080013f9   Thumb Code    10  stm32f4xx_hal.o(.text)
    HAL_InitTick                             0x08001403   Thumb Code    36  stm32f4xx_hal.o(.text)
    HAL_Init                                 0x08001427   Thumb Code    54  stm32f4xx_hal.o(.text)
    HAL_MspDeInit                            0x0800145d   Thumb Code    10  stm32f4xx_hal.o(.text)
    HAL_DeInit                               0x08001467   Thumb Code    64  stm32f4xx_hal.o(.text)
    HAL_IncTick                              0x080014a7   Thumb Code    12  stm32f4xx_hal.o(.text)
    HAL_Delay                                0x080014b9   Thumb Code    26  stm32f4xx_hal.o(.text)
    HAL_SuspendTick                          0x080014d3   Thumb Code    18  stm32f4xx_hal.o(.text)
    HAL_ResumeTick                           0x080014e5   Thumb Code    18  stm32f4xx_hal.o(.text)
    HAL_GetHalVersion                        0x080014f7   Thumb Code     4  stm32f4xx_hal.o(.text)
    HAL_GetREVID                             0x080014fb   Thumb Code     8  stm32f4xx_hal.o(.text)
    HAL_GetDEVID                             0x08001503   Thumb Code    10  stm32f4xx_hal.o(.text)
    HAL_DBGMCU_EnableDBGSleepMode            0x0800150d   Thumb Code    14  stm32f4xx_hal.o(.text)
    HAL_DBGMCU_DisableDBGSleepMode           0x0800151b   Thumb Code    14  stm32f4xx_hal.o(.text)
    HAL_DBGMCU_EnableDBGStopMode             0x08001529   Thumb Code    14  stm32f4xx_hal.o(.text)
    HAL_DBGMCU_DisableDBGStopMode            0x08001537   Thumb Code    14  stm32f4xx_hal.o(.text)
    HAL_DBGMCU_EnableDBGStandbyMode          0x08001545   Thumb Code    14  stm32f4xx_hal.o(.text)
    HAL_DBGMCU_DisableDBGStandbyMode         0x08001553   Thumb Code    14  stm32f4xx_hal.o(.text)
    HAL_EnableCompensationCell               0x08001561   Thumb Code    22  stm32f4xx_hal.o(.text)
    HAL_DisableCompensationCell              0x08001577   Thumb Code    24  stm32f4xx_hal.o(.text)
    HAL_ADC_MspInit                          0x08001713   Thumb Code     2  stm32f4xx_hal_adc.o(.text)
    HAL_ADC_Init                             0x08001715   Thumb Code    74  stm32f4xx_hal_adc.o(.text)
    HAL_ADC_MspDeInit                        0x0800175f   Thumb Code     2  stm32f4xx_hal_adc.o(.text)
    HAL_ADC_DeInit                           0x08001761   Thumb Code    34  stm32f4xx_hal_adc.o(.text)
    HAL_ADC_Start                            0x08001783   Thumb Code   182  stm32f4xx_hal_adc.o(.text)
    HAL_ADC_Stop                             0x08001839   Thumb Code    24  stm32f4xx_hal_adc.o(.text)
    HAL_ADC_PollForConversion                0x08001851   Thumb Code   130  stm32f4xx_hal_adc.o(.text)
    HAL_ADC_PollForEvent                     0x080018d3   Thumb Code   104  stm32f4xx_hal_adc.o(.text)
    HAL_ADC_Start_IT                         0x0800193b   Thumb Code   232  stm32f4xx_hal_adc.o(.text)
    HAL_ADC_Stop_IT                          0x08001a23   Thumb Code    48  stm32f4xx_hal_adc.o(.text)
    HAL_ADC_ErrorCallback                    0x08001a53   Thumb Code     2  stm32f4xx_hal_adc.o(.text)
    HAL_ADC_LevelOutOfWindowCallback         0x08001a55   Thumb Code     2  stm32f4xx_hal_adc.o(.text)
    HAL_ADC_ConvCpltCallback                 0x08001a57   Thumb Code     2  stm32f4xx_hal_adc.o(.text)
    HAL_ADC_IRQHandler                       0x08001a59   Thumb Code   348  stm32f4xx_hal_adc.o(.text)
    HAL_ADC_ConvHalfCpltCallback             0x08001bd1   Thumb Code     2  stm32f4xx_hal_adc.o(.text)
    HAL_ADC_Start_DMA                        0x08001c05   Thumb Code   186  stm32f4xx_hal_adc.o(.text)
    HAL_ADC_Stop_DMA                         0x08001cbf   Thumb Code    56  stm32f4xx_hal_adc.o(.text)
    HAL_ADC_GetValue                         0x08001cf7   Thumb Code     8  stm32f4xx_hal_adc.o(.text)
    HAL_ADC_ConfigChannel                    0x08001cff   Thumb Code   416  stm32f4xx_hal_adc.o(.text)
    HAL_ADC_AnalogWDGConfig                  0x08001e9f   Thumb Code   132  stm32f4xx_hal_adc.o(.text)
    HAL_ADC_GetState                         0x08001f23   Thumb Code     8  stm32f4xx_hal_adc.o(.text)
    HAL_ADC_GetError                         0x08001f2b   Thumb Code     6  stm32f4xx_hal_adc.o(.text)
    HAL_ADCEx_InjectedStart                  0x08001f45   Thumb Code   230  stm32f4xx_hal_adc_ex.o(.text)
    HAL_ADCEx_InjectedStart_IT               0x0800202b   Thumb Code   258  stm32f4xx_hal_adc_ex.o(.text)
    HAL_ADCEx_InjectedStop                   0x0800212d   Thumb Code    24  stm32f4xx_hal_adc_ex.o(.text)
    HAL_ADCEx_InjectedPollForConversion      0x08002145   Thumb Code    90  stm32f4xx_hal_adc_ex.o(.text)
    HAL_ADCEx_InjectedStop_IT                0x0800219f   Thumb Code    48  stm32f4xx_hal_adc_ex.o(.text)
    HAL_ADCEx_InjectedGetValue               0x080021cf   Thumb Code    70  stm32f4xx_hal_adc_ex.o(.text)
    HAL_ADCEx_MultiModeStart_DMA             0x08002263   Thumb Code   206  stm32f4xx_hal_adc_ex.o(.text)
    HAL_ADCEx_MultiModeStop_DMA              0x08002331   Thumb Code   116  stm32f4xx_hal_adc_ex.o(.text)
    HAL_ADCEx_MultiModeGetValue              0x080023a5   Thumb Code     8  stm32f4xx_hal_adc_ex.o(.text)
    HAL_ADCEx_InjectedConvCpltCallback       0x080023ad   Thumb Code     2  stm32f4xx_hal_adc_ex.o(.text)
    HAL_ADCEx_InjectedConfigChannel          0x080023af   Thumb Code   552  stm32f4xx_hal_adc_ex.o(.text)
    HAL_ADCEx_MultiModeConfigChannel         0x080025d7   Thumb Code   130  stm32f4xx_hal_adc_ex.o(.text)
    HAL_NVIC_SetPriorityGrouping             0x08002685   Thumb Code    36  stm32f4xx_hal_cortex.o(.text)
    HAL_NVIC_SetPriority                     0x080026a9   Thumb Code   124  stm32f4xx_hal_cortex.o(.text)
    HAL_NVIC_EnableIRQ                       0x08002725   Thumb Code    26  stm32f4xx_hal_cortex.o(.text)
    HAL_NVIC_DisableIRQ                      0x0800273f   Thumb Code    22  stm32f4xx_hal_cortex.o(.text)
    HAL_NVIC_SystemReset                     0x08002755   Thumb Code    64  stm32f4xx_hal_cortex.o(.text)
    HAL_SYSTICK_Config                       0x08002795   Thumb Code    52  stm32f4xx_hal_cortex.o(.text)
    HAL_MPU_ConfigRegion                     0x080027c9   Thumb Code    90  stm32f4xx_hal_cortex.o(.text)
    HAL_NVIC_GetPriorityGrouping             0x08002823   Thumb Code     8  stm32f4xx_hal_cortex.o(.text)
    HAL_NVIC_GetPriority                     0x0800282b   Thumb Code   138  stm32f4xx_hal_cortex.o(.text)
    HAL_NVIC_SetPendingIRQ                   0x080028b5   Thumb Code    24  stm32f4xx_hal_cortex.o(.text)
    HAL_NVIC_GetPendingIRQ                   0x080028cd   Thumb Code    38  stm32f4xx_hal_cortex.o(.text)
    HAL_NVIC_ClearPendingIRQ                 0x080028f3   Thumb Code    22  stm32f4xx_hal_cortex.o(.text)
    HAL_NVIC_GetActive                       0x08002909   Thumb Code    38  stm32f4xx_hal_cortex.o(.text)
    HAL_SYSTICK_CLKSourceConfig              0x0800292f   Thumb Code    40  stm32f4xx_hal_cortex.o(.text)
    HAL_SYSTICK_Callback                     0x08002957   Thumb Code    10  stm32f4xx_hal_cortex.o(.text)
    HAL_SYSTICK_IRQHandler                   0x08002961   Thumb Code     8  stm32f4xx_hal_cortex.o(.text)
    HAL_DMA_Init                             0x080029b7   Thumb Code   128  stm32f4xx_hal_dma.o(.text)
    HAL_DMA_DeInit                           0x08002a37   Thumb Code   100  stm32f4xx_hal_dma.o(.text)
    HAL_DMA_Start                            0x08002ac7   Thumb Code    82  stm32f4xx_hal_dma.o(.text)
    HAL_DMA_Start_IT                         0x08002b19   Thumb Code   106  stm32f4xx_hal_dma.o(.text)
    HAL_DMA_Abort                            0x08002b83   Thumb Code    94  stm32f4xx_hal_dma.o(.text)
    HAL_DMA_PollForTransfer                  0x08002be1   Thumb Code   412  stm32f4xx_hal_dma.o(.text)
    HAL_DMA_IRQHandler                       0x08002d7d   Thumb Code   530  stm32f4xx_hal_dma.o(.text)
    HAL_DMA_GetState                         0x08002f8f   Thumb Code     8  stm32f4xx_hal_dma.o(.text)
    HAL_DMA_GetError                         0x08002f97   Thumb Code     6  stm32f4xx_hal_dma.o(.text)
    HAL_GPIO_Init                            0x08002fa1   Thumb Code   476  stm32f4xx_hal_gpio.o(.text)
    HAL_GPIO_DeInit                          0x0800317d   Thumb Code   326  stm32f4xx_hal_gpio.o(.text)
    HAL_GPIO_ReadPin                         0x080032c3   Thumb Code    16  stm32f4xx_hal_gpio.o(.text)
    HAL_GPIO_WritePin                        0x080032d3   Thumb Code    12  stm32f4xx_hal_gpio.o(.text)
    HAL_GPIO_TogglePin                       0x080032df   Thumb Code     8  stm32f4xx_hal_gpio.o(.text)
    HAL_GPIO_LockPin                         0x080032e7   Thumb Code    46  stm32f4xx_hal_gpio.o(.text)
    HAL_GPIO_EXTI_IRQHandler                 0x0800331f   Thumb Code    28  stm32f4xx_hal_gpio.o(.text)
    HAL_RCC_OscConfig                        0x0800336f   Thumb Code  1032  stm32f4xx_hal_rcc.o(.text)
    HAL_RCC_ClockConfig                      0x08003777   Thumb Code   680  stm32f4xx_hal_rcc.o(.text)
    HAL_RCC_MCOConfig                        0x08003a1f   Thumb Code   178  stm32f4xx_hal_rcc.o(.text)
    HAL_RCC_EnableCSS                        0x08003ad1   Thumb Code     8  stm32f4xx_hal_rcc.o(.text)
    HAL_RCC_DisableCSS                       0x08003ad9   Thumb Code     8  stm32f4xx_hal_rcc.o(.text)
    HAL_RCC_GetSysClockFreq                  0x08003ae1   Thumb Code   198  stm32f4xx_hal_rcc.o(.text)
    HAL_RCC_GetHCLKFreq                      0x08003ba7   Thumb Code    42  stm32f4xx_hal_rcc.o(.text)
    HAL_RCC_GetPCLK1Freq                     0x08003bd1   Thumb Code    36  stm32f4xx_hal_rcc.o(.text)
    HAL_RCC_GetPCLK2Freq                     0x08003bf5   Thumb Code    36  stm32f4xx_hal_rcc.o(.text)
    HAL_RCC_GetOscConfig                     0x08003c19   Thumb Code   296  stm32f4xx_hal_rcc.o(.text)
    HAL_RCC_GetClockConfig                   0x08003d41   Thumb Code    58  stm32f4xx_hal_rcc.o(.text)
    HAL_RCC_CSSCallback                      0x08003d7b   Thumb Code    10  stm32f4xx_hal_rcc.o(.text)
    HAL_RCC_NMI_IRQHandler                   0x08003d85   Thumb Code    30  stm32f4xx_hal_rcc.o(.text)
    HAL_SPI_Init                             0x08003dbb   Thumb Code   136  stm32f4xx_hal_spi.o(.text)
    HAL_SPI_MspDeInit                        0x08003e43   Thumb Code     2  stm32f4xx_hal_spi.o(.text)
    HAL_SPI_DeInit                           0x08003e45   Thumb Code    48  stm32f4xx_hal_spi.o(.text)
    HAL_SPI_Transmit                         0x08003f89   Thumb Code   450  stm32f4xx_hal_spi.o(.text)
    HAL_SPI_TransmitReceive                  0x0800414b   Thumb Code   850  stm32f4xx_hal_spi.o(.text)
    HAL_SPI_Receive                          0x0800449d   Thumb Code   572  stm32f4xx_hal_spi.o(.text)
    HAL_SPI_ErrorCallback                    0x080046d9   Thumb Code     2  stm32f4xx_hal_spi.o(.text)
    HAL_SPI_TxCpltCallback                   0x080046db   Thumb Code     2  stm32f4xx_hal_spi.o(.text)
    HAL_SPI_TxRxCpltCallback                 0x080046dd   Thumb Code     2  stm32f4xx_hal_spi.o(.text)
    HAL_SPI_Transmit_IT                      0x080047cd   Thumb Code   198  stm32f4xx_hal_spi.o(.text)
    HAL_SPI_RxCpltCallback                   0x08004893   Thumb Code     2  stm32f4xx_hal_spi.o(.text)
    HAL_SPI_TransmitReceive_IT               0x080049bb   Thumb Code   192  stm32f4xx_hal_spi.o(.text)
    HAL_SPI_Receive_IT                       0x08004acd   Thumb Code   222  stm32f4xx_hal_spi.o(.text)
    HAL_SPI_TxHalfCpltCallback               0x08004c5b   Thumb Code     2  stm32f4xx_hal_spi.o(.text)
    HAL_SPI_Transmit_DMA                     0x08004c6b   Thumb Code   218  stm32f4xx_hal_spi.o(.text)
    HAL_SPI_RxHalfCpltCallback               0x08004ebd   Thumb Code     2  stm32f4xx_hal_spi.o(.text)
    HAL_SPI_TxRxHalfCpltCallback             0x08004f05   Thumb Code     2  stm32f4xx_hal_spi.o(.text)
    HAL_SPI_TransmitReceive_DMA              0x08004f15   Thumb Code   324  stm32f4xx_hal_spi.o(.text)
    HAL_SPI_Receive_DMA                      0x08005059   Thumb Code   288  stm32f4xx_hal_spi.o(.text)
    HAL_SPI_DMAPause                         0x08005179   Thumb Code    62  stm32f4xx_hal_spi.o(.text)
    HAL_SPI_DMAResume                        0x080051b7   Thumb Code    62  stm32f4xx_hal_spi.o(.text)
    HAL_SPI_DMAStop                          0x080051f5   Thumb Code    58  stm32f4xx_hal_spi.o(.text)
    HAL_SPI_IRQHandler                       0x0800522f   Thumb Code   262  stm32f4xx_hal_spi.o(.text)
    HAL_SPI_GetState                         0x08005335   Thumb Code     8  stm32f4xx_hal_spi.o(.text)
    HAL_SPI_GetError                         0x0800533d   Thumb Code     6  stm32f4xx_hal_spi.o(.text)
    TIM_Base_SetConfig                       0x08005351   Thumb Code   184  stm32f4xx_hal_tim.o(.text)
    HAL_TIM_Base_MspInit                     0x08005409   Thumb Code     2  stm32f4xx_hal_tim.o(.text)
    HAL_TIM_Base_Init                        0x0800540b   Thumb Code    52  stm32f4xx_hal_tim.o(.text)
    HAL_TIM_Base_MspDeInit                   0x0800543f   Thumb Code     2  stm32f4xx_hal_tim.o(.text)
    HAL_TIM_Base_DeInit                      0x08005441   Thumb Code    70  stm32f4xx_hal_tim.o(.text)
    HAL_TIM_Base_Start                       0x08005487   Thumb Code    30  stm32f4xx_hal_tim.o(.text)
    HAL_TIM_Base_Stop                        0x080054a5   Thumb Code    56  stm32f4xx_hal_tim.o(.text)
    HAL_TIM_Base_Start_IT                    0x080054dd   Thumb Code    30  stm32f4xx_hal_tim.o(.text)
    HAL_TIM_Base_Stop_IT                     0x080054fb   Thumb Code    56  stm32f4xx_hal_tim.o(.text)
    HAL_TIM_ErrorCallback                    0x08005533   Thumb Code     2  stm32f4xx_hal_tim.o(.text)
    TIM_DMAError                             0x08005535   Thumb Code    20  stm32f4xx_hal_tim.o(.text)
    HAL_TIM_Base_Start_DMA                   0x0800555f   Thumb Code    98  stm32f4xx_hal_tim.o(.text)
    HAL_TIM_Base_Stop_DMA                    0x080055c1   Thumb Code    62  stm32f4xx_hal_tim.o(.text)
    HAL_TIM_OC_MspInit                       0x080055ff   Thumb Code     2  stm32f4xx_hal_tim.o(.text)
    HAL_TIM_OC_Init                          0x08005601   Thumb Code    52  stm32f4xx_hal_tim.o(.text)
    HAL_TIM_OC_MspDeInit                     0x08005635   Thumb Code     2  stm32f4xx_hal_tim.o(.text)
    HAL_TIM_OC_DeInit                        0x08005637   Thumb Code    70  stm32f4xx_hal_tim.o(.text)
    TIM_CCxChannelCmd                        0x0800567d   Thumb Code    28  stm32f4xx_hal_tim.o(.text)
    HAL_TIM_OC_Start                         0x08005699   Thumb Code    68  stm32f4xx_hal_tim.o(.text)
    HAL_TIM_OC_Stop                          0x080056dd   Thumb Code   170  stm32f4xx_hal_tim.o(.text)
    HAL_TIM_OC_Start_IT                      0x08005787   Thumb Code   144  stm32f4xx_hal_tim.o(.text)
    HAL_TIM_OC_Stop_IT                       0x08005817   Thumb Code   196  stm32f4xx_hal_tim.o(.text)
    HAL_TIM_PWM_PulseFinishedCallback        0x080058db   Thumb Code     2  stm32f4xx_hal_tim.o(.text)
    TIM_DMADelayPulseCplt                    0x080058dd   Thumb Code    70  stm32f4xx_hal_tim.o(.text)
    HAL_TIM_OC_Start_DMA                     0x08005923   Thumb Code   312  stm32f4xx_hal_tim.o(.text)
    HAL_TIM_OC_Stop_DMA                      0x08005a5b   Thumb Code   202  stm32f4xx_hal_tim.o(.text)
    HAL_TIM_PWM_MspInit                      0x08005b25   Thumb Code     2  stm32f4xx_hal_tim.o(.text)
    HAL_TIM_PWM_Init                         0x08005b27   Thumb Code    52  stm32f4xx_hal_tim.o(.text)
    HAL_TIM_PWM_MspDeInit                    0x08005b5b   Thumb Code     2  stm32f4xx_hal_tim.o(.text)
    HAL_TIM_PWM_DeInit                       0x08005b5d   Thumb Code    70  stm32f4xx_hal_tim.o(.text)
    HAL_TIM_PWM_Start                        0x08005ba3   Thumb Code    78  stm32f4xx_hal_tim.o(.text)
    HAL_TIM_PWM_Stop                         0x08005bf1   Thumb Code   126  stm32f4xx_hal_tim.o(.text)
    HAL_TIM_PWM_Start_IT                     0x08005c6f   Thumb Code   144  stm32f4xx_hal_tim.o(.text)
    HAL_TIM_PWM_Stop_IT                      0x08005cff   Thumb Code   196  stm32f4xx_hal_tim.o(.text)
    HAL_TIM_PWM_Start_DMA                    0x08005dc3   Thumb Code   312  stm32f4xx_hal_tim.o(.text)
    HAL_TIM_PWM_Stop_DMA                     0x08005efb   Thumb Code   202  stm32f4xx_hal_tim.o(.text)
    HAL_TIM_IC_MspInit                       0x08005fc5   Thumb Code     2  stm32f4xx_hal_tim.o(.text)
    HAL_TIM_IC_Init                          0x08005fc7   Thumb Code    62  stm32f4xx_hal_tim.o(.text)
    HAL_TIM_IC_MspDeInit                     0x08006005   Thumb Code     2  stm32f4xx_hal_tim.o(.text)
    HAL_TIM_IC_DeInit                        0x08006007   Thumb Code    70  stm32f4xx_hal_tim.o(.text)
    HAL_TIM_IC_Start                         0x0800604d   Thumb Code    32  stm32f4xx_hal_tim.o(.text)
    HAL_TIM_IC_Stop                          0x0800606d   Thumb Code    58  stm32f4xx_hal_tim.o(.text)
    HAL_TIM_IC_Start_IT                      0x080060a7   Thumb Code   108  stm32f4xx_hal_tim.o(.text)
    HAL_TIM_IC_Stop_IT                       0x08006113   Thumb Code   134  stm32f4xx_hal_tim.o(.text)
    HAL_TIM_IC_CaptureCallback               0x08006199   Thumb Code     2  stm32f4xx_hal_tim.o(.text)
    TIM_DMACaptureCplt                       0x0800619b   Thumb Code    70  stm32f4xx_hal_tim.o(.text)
    HAL_TIM_IC_Start_DMA                     0x080061e1   Thumb Code   276  stm32f4xx_hal_tim.o(.text)
    HAL_TIM_IC_Stop_DMA                      0x080062f5   Thumb Code   140  stm32f4xx_hal_tim.o(.text)
    HAL_TIM_OnePulse_MspInit                 0x08006381   Thumb Code     2  stm32f4xx_hal_tim.o(.text)
    HAL_TIM_OnePulse_Init                    0x08006383   Thumb Code    76  stm32f4xx_hal_tim.o(.text)
    HAL_TIM_OnePulse_MspDeInit               0x080063cf   Thumb Code     2  stm32f4xx_hal_tim.o(.text)
    HAL_TIM_OnePulse_DeInit                  0x080063d1   Thumb Code    70  stm32f4xx_hal_tim.o(.text)
    HAL_TIM_OnePulse_Start                   0x08006417   Thumb Code    66  stm32f4xx_hal_tim.o(.text)
    HAL_TIM_OnePulse_Stop                    0x08006459   Thumb Code   130  stm32f4xx_hal_tim.o(.text)
    HAL_TIM_OnePulse_Start_IT                0x080064db   Thumb Code    90  stm32f4xx_hal_tim.o(.text)
    HAL_TIM_OnePulse_Stop_IT                 0x08006535   Thumb Code   154  stm32f4xx_hal_tim.o(.text)
    HAL_TIM_Encoder_MspInit                  0x080065cf   Thumb Code     2  stm32f4xx_hal_tim.o(.text)
    HAL_TIM_Encoder_Init                     0x080065d1   Thumb Code   180  stm32f4xx_hal_tim.o(.text)
    HAL_TIM_Encoder_MspDeInit                0x08006685   Thumb Code     2  stm32f4xx_hal_tim.o(.text)
    HAL_TIM_Encoder_DeInit                   0x08006687   Thumb Code    70  stm32f4xx_hal_tim.o(.text)
    HAL_TIM_Encoder_Start                    0x080066cd   Thumb Code    78  stm32f4xx_hal_tim.o(.text)
    HAL_TIM_Encoder_Stop                     0x0800671b   Thumb Code   104  stm32f4xx_hal_tim.o(.text)
    HAL_TIM_Encoder_Start_IT                 0x08006783   Thumb Code   126  stm32f4xx_hal_tim.o(.text)
    HAL_TIM_Encoder_Stop_IT                  0x08006801   Thumb Code   160  stm32f4xx_hal_tim.o(.text)
    HAL_TIM_Encoder_Start_DMA                0x080068a1   Thumb Code   328  stm32f4xx_hal_tim.o(.text)
    HAL_TIM_Encoder_Stop_DMA                 0x080069e9   Thumb Code   152  stm32f4xx_hal_tim.o(.text)
    HAL_TIM_TriggerCallback                  0x08006a81   Thumb Code     2  stm32f4xx_hal_tim.o(.text)
    HAL_TIM_OC_DelayElapsedCallback          0x08006a83   Thumb Code     2  stm32f4xx_hal_tim.o(.text)
    HAL_TIM_IRQHandler                       0x08006a85   Thumb Code   406  stm32f4xx_hal_tim.o(.text)
    TIM_OC2_SetConfig                        0x08006ced   Thumb Code   112  stm32f4xx_hal_tim.o(.text)
    HAL_TIM_OC_ConfigChannel                 0x08006dc3   Thumb Code   116  stm32f4xx_hal_tim.o(.text)
    TIM_TI1_SetConfig                        0x08006ef1   Thumb Code   122  stm32f4xx_hal_tim.o(.text)
    HAL_TIM_IC_ConfigChannel                 0x08006f6b   Thumb Code   224  stm32f4xx_hal_tim.o(.text)
    HAL_TIM_PWM_ConfigChannel                0x0800704b   Thumb Code   294  stm32f4xx_hal_tim.o(.text)
    HAL_TIM_OnePulse_ConfigChannel           0x08007171   Thumb Code   286  stm32f4xx_hal_tim.o(.text)
    HAL_TIM_DMABurst_WriteStart              0x080072a3   Thumb Code   366  stm32f4xx_hal_tim.o(.text)
    HAL_TIM_DMABurst_WriteStop               0x08007411   Thumb Code   128  stm32f4xx_hal_tim.o(.text)
    HAL_TIM_DMABurst_ReadStart               0x08007491   Thumb Code   366  stm32f4xx_hal_tim.o(.text)
    HAL_TIM_DMABurst_ReadStop                0x080075ff   Thumb Code   128  stm32f4xx_hal_tim.o(.text)
    HAL_TIM_GenerateEvent                    0x0800767f   Thumb Code    54  stm32f4xx_hal_tim.o(.text)
    HAL_TIM_ConfigOCrefClear                 0x080076cd   Thumb Code   252  stm32f4xx_hal_tim.o(.text)
    HAL_TIM_ConfigClockSource                0x08007833   Thumb Code   306  stm32f4xx_hal_tim.o(.text)
    HAL_TIM_ConfigTI1Input                   0x08007965   Thumb Code    24  stm32f4xx_hal_tim.o(.text)
    HAL_TIM_SlaveConfigSynchronization       0x08007a21   Thumb Code    86  stm32f4xx_hal_tim.o(.text)
    HAL_TIM_SlaveConfigSynchronization_IT    0x08007a77   Thumb Code    86  stm32f4xx_hal_tim.o(.text)
    HAL_TIM_ReadCapturedValue                0x08007acd   Thumb Code    84  stm32f4xx_hal_tim.o(.text)
    HAL_TIM_Base_GetState                    0x08007b21   Thumb Code     8  stm32f4xx_hal_tim.o(.text)
    HAL_TIM_OC_GetState                      0x08007b29   Thumb Code     8  stm32f4xx_hal_tim.o(.text)
    HAL_TIM_PWM_GetState                     0x08007b31   Thumb Code     8  stm32f4xx_hal_tim.o(.text)
    HAL_TIM_IC_GetState                      0x08007b39   Thumb Code     8  stm32f4xx_hal_tim.o(.text)
    HAL_TIM_OnePulse_GetState                0x08007b41   Thumb Code     8  stm32f4xx_hal_tim.o(.text)
    HAL_TIM_Encoder_GetState                 0x08007b49   Thumb Code     8  stm32f4xx_hal_tim.o(.text)
    HAL_TIMEx_HallSensor_MspInit             0x08007b51   Thumb Code     2  stm32f4xx_hal_tim_ex.o(.text)
    HAL_TIMEx_HallSensor_Init                0x08007b53   Thumb Code   196  stm32f4xx_hal_tim_ex.o(.text)
    HAL_TIMEx_HallSensor_MspDeInit           0x08007c17   Thumb Code     2  stm32f4xx_hal_tim_ex.o(.text)
    HAL_TIMEx_HallSensor_DeInit              0x08007c19   Thumb Code    70  stm32f4xx_hal_tim_ex.o(.text)
    HAL_TIMEx_HallSensor_Start               0x08007c5f   Thumb Code    30  stm32f4xx_hal_tim_ex.o(.text)
    HAL_TIMEx_HallSensor_Stop                0x08007c7d   Thumb Code    56  stm32f4xx_hal_tim_ex.o(.text)
    HAL_TIMEx_HallSensor_Start_IT            0x08007cb5   Thumb Code    42  stm32f4xx_hal_tim_ex.o(.text)
    HAL_TIMEx_HallSensor_Stop_IT             0x08007cdf   Thumb Code    68  stm32f4xx_hal_tim_ex.o(.text)
    HAL_TIMEx_HallSensor_Start_DMA           0x08007d23   Thumb Code   106  stm32f4xx_hal_tim_ex.o(.text)
    HAL_TIMEx_HallSensor_Stop_DMA            0x08007d8d   Thumb Code    68  stm32f4xx_hal_tim_ex.o(.text)
    HAL_TIMEx_OCN_Start                      0x08007ded   Thumb Code    44  stm32f4xx_hal_tim_ex.o(.text)
    HAL_TIMEx_OCN_Stop                       0x08007e19   Thumb Code    96  stm32f4xx_hal_tim_ex.o(.text)
    HAL_TIMEx_OCN_Start_IT                   0x08007e79   Thumb Code   132  stm32f4xx_hal_tim_ex.o(.text)
    HAL_TIMEx_OCN_Stop_IT                    0x08007efd   Thumb Code   196  stm32f4xx_hal_tim_ex.o(.text)
    HAL_TIMEx_OCN_Start_DMA                  0x08007fc1   Thumb Code   272  stm32f4xx_hal_tim_ex.o(.text)
    HAL_TIMEx_OCN_Stop_DMA                   0x080080d1   Thumb Code   192  stm32f4xx_hal_tim_ex.o(.text)
    HAL_TIMEx_PWMN_Start                     0x08008191   Thumb Code    44  stm32f4xx_hal_tim_ex.o(.text)
    HAL_TIMEx_PWMN_Stop                      0x080081bd   Thumb Code    96  stm32f4xx_hal_tim_ex.o(.text)
    HAL_TIMEx_PWMN_Start_IT                  0x0800821d   Thumb Code   132  stm32f4xx_hal_tim_ex.o(.text)
    HAL_TIMEx_PWMN_Stop_IT                   0x080082a1   Thumb Code   196  stm32f4xx_hal_tim_ex.o(.text)
    HAL_TIMEx_PWMN_Start_DMA                 0x08008365   Thumb Code   272  stm32f4xx_hal_tim_ex.o(.text)
    HAL_TIMEx_PWMN_Stop_DMA                  0x08008475   Thumb Code   178  stm32f4xx_hal_tim_ex.o(.text)
    HAL_TIMEx_OnePulseN_Start                0x08008527   Thumb Code    32  stm32f4xx_hal_tim_ex.o(.text)
    HAL_TIMEx_OnePulseN_Stop                 0x08008547   Thumb Code    96  stm32f4xx_hal_tim_ex.o(.text)
    HAL_TIMEx_OnePulseN_Start_IT             0x080085a7   Thumb Code    56  stm32f4xx_hal_tim_ex.o(.text)
    HAL_TIMEx_OnePulseN_Stop_IT              0x080085df   Thumb Code   120  stm32f4xx_hal_tim_ex.o(.text)
    HAL_TIMEx_ConfigCommutationEvent         0x08008657   Thumb Code   110  stm32f4xx_hal_tim_ex.o(.text)
    HAL_TIMEx_ConfigCommutationEvent_IT      0x080086c5   Thumb Code   122  stm32f4xx_hal_tim_ex.o(.text)
    HAL_TIMEx_CommutationCallback            0x0800873f   Thumb Code     2  stm32f4xx_hal_tim_ex.o(.text)
    TIMEx_DMACommutationCplt                 0x08008741   Thumb Code    20  stm32f4xx_hal_tim_ex.o(.text)
    HAL_TIMEx_ConfigCommutationEvent_DMA     0x08008755   Thumb Code   146  stm32f4xx_hal_tim_ex.o(.text)
    HAL_TIMEx_MasterConfigSynchronization    0x080087e7   Thumb Code    98  stm32f4xx_hal_tim_ex.o(.text)
    HAL_TIMEx_ConfigBreakDeadTime            0x08008849   Thumb Code    80  stm32f4xx_hal_tim_ex.o(.text)
    HAL_TIMEx_RemapConfig                    0x08008899   Thumb Code    48  stm32f4xx_hal_tim_ex.o(.text)
    HAL_TIMEx_BreakCallback                  0x080088c9   Thumb Code     2  stm32f4xx_hal_tim_ex.o(.text)
    HAL_TIMEx_HallSensor_GetState            0x080088cb   Thumb Code     8  stm32f4xx_hal_tim_ex.o(.text)
    Reset_Handler                            0x080088d9   Thumb Code     8  startup_stm32f407xx.o(.text)
    NMI_Handler                              0x080088e1   Thumb Code     2  startup_stm32f407xx.o(.text)
    HardFault_Handler                        0x080088e3   Thumb Code     2  startup_stm32f407xx.o(.text)
    MemManage_Handler                        0x080088e5   Thumb Code     2  startup_stm32f407xx.o(.text)
    BusFault_Handler                         0x080088e7   Thumb Code     2  startup_stm32f407xx.o(.text)
    UsageFault_Handler                       0x080088e9   Thumb Code     2  startup_stm32f407xx.o(.text)
    DebugMon_Handler                         0x080088ed   Thumb Code     2  startup_stm32f407xx.o(.text)
    ADC_IRQHandler                           0x080088f3   Thumb Code     0  startup_stm32f407xx.o(.text)
    CAN1_RX0_IRQHandler                      0x080088f3   Thumb Code     0  startup_stm32f407xx.o(.text)
    CAN1_RX1_IRQHandler                      0x080088f3   Thumb Code     0  startup_stm32f407xx.o(.text)
    CAN1_SCE_IRQHandler                      0x080088f3   Thumb Code     0  startup_stm32f407xx.o(.text)
    CAN1_TX_IRQHandler                       0x080088f3   Thumb Code     0  startup_stm32f407xx.o(.text)
    CAN2_RX0_IRQHandler                      0x080088f3   Thumb Code     0  startup_stm32f407xx.o(.text)
    CAN2_RX1_IRQHandler                      0x080088f3   Thumb Code     0  startup_stm32f407xx.o(.text)
    CAN2_SCE_IRQHandler                      0x080088f3   Thumb Code     0  startup_stm32f407xx.o(.text)
    CAN2_TX_IRQHandler                       0x080088f3   Thumb Code     0  startup_stm32f407xx.o(.text)
    DCMI_IRQHandler                          0x080088f3   Thumb Code     0  startup_stm32f407xx.o(.text)
    DMA1_Stream0_IRQHandler                  0x080088f3   Thumb Code     0  startup_stm32f407xx.o(.text)
    DMA1_Stream1_IRQHandler                  0x080088f3   Thumb Code     0  startup_stm32f407xx.o(.text)
    DMA1_Stream2_IRQHandler                  0x080088f3   Thumb Code     0  startup_stm32f407xx.o(.text)
    DMA1_Stream3_IRQHandler                  0x080088f3   Thumb Code     0  startup_stm32f407xx.o(.text)
    DMA1_Stream4_IRQHandler                  0x080088f3   Thumb Code     0  startup_stm32f407xx.o(.text)
    DMA1_Stream5_IRQHandler                  0x080088f3   Thumb Code     0  startup_stm32f407xx.o(.text)
    DMA1_Stream6_IRQHandler                  0x080088f3   Thumb Code     0  startup_stm32f407xx.o(.text)
    DMA1_Stream7_IRQHandler                  0x080088f3   Thumb Code     0  startup_stm32f407xx.o(.text)
    DMA2_Stream0_IRQHandler                  0x080088f3   Thumb Code     0  startup_stm32f407xx.o(.text)
    DMA2_Stream1_IRQHandler                  0x080088f3   Thumb Code     0  startup_stm32f407xx.o(.text)
    DMA2_Stream2_IRQHandler                  0x080088f3   Thumb Code     0  startup_stm32f407xx.o(.text)
    DMA2_Stream3_IRQHandler                  0x080088f3   Thumb Code     0  startup_stm32f407xx.o(.text)
    DMA2_Stream4_IRQHandler                  0x080088f3   Thumb Code     0  startup_stm32f407xx.o(.text)
    DMA2_Stream5_IRQHandler                  0x080088f3   Thumb Code     0  startup_stm32f407xx.o(.text)
    DMA2_Stream6_IRQHandler                  0x080088f3   Thumb Code     0  startup_stm32f407xx.o(.text)
    DMA2_Stream7_IRQHandler                  0x080088f3   Thumb Code     0  startup_stm32f407xx.o(.text)
    ETH_IRQHandler                           0x080088f3   Thumb Code     0  startup_stm32f407xx.o(.text)
    ETH_WKUP_IRQHandler                      0x080088f3   Thumb Code     0  startup_stm32f407xx.o(.text)
    EXTI15_10_IRQHandler                     0x080088f3   Thumb Code     0  startup_stm32f407xx.o(.text)
    EXTI1_IRQHandler                         0x080088f3   Thumb Code     0  startup_stm32f407xx.o(.text)
    EXTI2_IRQHandler                         0x080088f3   Thumb Code     0  startup_stm32f407xx.o(.text)
    EXTI3_IRQHandler                         0x080088f3   Thumb Code     0  startup_stm32f407xx.o(.text)
    EXTI4_IRQHandler                         0x080088f3   Thumb Code     0  startup_stm32f407xx.o(.text)
    EXTI9_5_IRQHandler                       0x080088f3   Thumb Code     0  startup_stm32f407xx.o(.text)
    FLASH_IRQHandler                         0x080088f3   Thumb Code     0  startup_stm32f407xx.o(.text)
    FMC_IRQHandler                           0x080088f3   Thumb Code     0  startup_stm32f407xx.o(.text)
    FPU_IRQHandler                           0x080088f3   Thumb Code     0  startup_stm32f407xx.o(.text)
    HASH_RNG_IRQHandler                      0x080088f3   Thumb Code     0  startup_stm32f407xx.o(.text)
    I2C1_ER_IRQHandler                       0x080088f3   Thumb Code     0  startup_stm32f407xx.o(.text)
    I2C1_EV_IRQHandler                       0x080088f3   Thumb Code     0  startup_stm32f407xx.o(.text)
    I2C2_ER_IRQHandler                       0x080088f3   Thumb Code     0  startup_stm32f407xx.o(.text)
    I2C2_EV_IRQHandler                       0x080088f3   Thumb Code     0  startup_stm32f407xx.o(.text)
    I2C3_ER_IRQHandler                       0x080088f3   Thumb Code     0  startup_stm32f407xx.o(.text)
    I2C3_EV_IRQHandler                       0x080088f3   Thumb Code     0  startup_stm32f407xx.o(.text)
    OTG_FS_IRQHandler                        0x080088f3   Thumb Code     0  startup_stm32f407xx.o(.text)
    OTG_FS_WKUP_IRQHandler                   0x080088f3   Thumb Code     0  startup_stm32f407xx.o(.text)
    OTG_HS_EP1_IN_IRQHandler                 0x080088f3   Thumb Code     0  startup_stm32f407xx.o(.text)
    OTG_HS_EP1_OUT_IRQHandler                0x080088f3   Thumb Code     0  startup_stm32f407xx.o(.text)
    OTG_HS_IRQHandler                        0x080088f3   Thumb Code     0  startup_stm32f407xx.o(.text)
    OTG_HS_WKUP_IRQHandler                   0x080088f3   Thumb Code     0  startup_stm32f407xx.o(.text)
    PVD_IRQHandler                           0x080088f3   Thumb Code     0  startup_stm32f407xx.o(.text)
    RCC_IRQHandler                           0x080088f3   Thumb Code     0  startup_stm32f407xx.o(.text)
    RTC_Alarm_IRQHandler                     0x080088f3   Thumb Code     0  startup_stm32f407xx.o(.text)
    RTC_WKUP_IRQHandler                      0x080088f3   Thumb Code     0  startup_stm32f407xx.o(.text)
    SDIO_IRQHandler                          0x080088f3   Thumb Code     0  startup_stm32f407xx.o(.text)
    SPI1_IRQHandler                          0x080088f3   Thumb Code     0  startup_stm32f407xx.o(.text)
    SPI2_IRQHandler                          0x080088f3   Thumb Code     0  startup_stm32f407xx.o(.text)
    SPI3_IRQHandler                          0x080088f3   Thumb Code     0  startup_stm32f407xx.o(.text)
    TAMP_STAMP_IRQHandler                    0x080088f3   Thumb Code     0  startup_stm32f407xx.o(.text)
    TIM1_BRK_TIM9_IRQHandler                 0x080088f3   Thumb Code     0  startup_stm32f407xx.o(.text)
    TIM1_CC_IRQHandler                       0x080088f3   Thumb Code     0  startup_stm32f407xx.o(.text)
    TIM1_TRG_COM_TIM11_IRQHandler            0x080088f3   Thumb Code     0  startup_stm32f407xx.o(.text)
    TIM1_UP_TIM10_IRQHandler                 0x080088f3   Thumb Code     0  startup_stm32f407xx.o(.text)
    TIM2_IRQHandler                          0x080088f3   Thumb Code     0  startup_stm32f407xx.o(.text)
    TIM4_IRQHandler                          0x080088f3   Thumb Code     0  startup_stm32f407xx.o(.text)
    TIM5_IRQHandler                          0x080088f3   Thumb Code     0  startup_stm32f407xx.o(.text)
    TIM6_DAC_IRQHandler                      0x080088f3   Thumb Code     0  startup_stm32f407xx.o(.text)
    TIM7_IRQHandler                          0x080088f3   Thumb Code     0  startup_stm32f407xx.o(.text)
    TIM8_BRK_TIM12_IRQHandler                0x080088f3   Thumb Code     0  startup_stm32f407xx.o(.text)
    TIM8_CC_IRQHandler                       0x080088f3   Thumb Code     0  startup_stm32f407xx.o(.text)
    TIM8_TRG_COM_TIM14_IRQHandler            0x080088f3   Thumb Code     0  startup_stm32f407xx.o(.text)
    TIM8_UP_TIM13_IRQHandler                 0x080088f3   Thumb Code     0  startup_stm32f407xx.o(.text)
    UART4_IRQHandler                         0x080088f3   Thumb Code     0  startup_stm32f407xx.o(.text)
    UART5_IRQHandler                         0x080088f3   Thumb Code     0  startup_stm32f407xx.o(.text)
    USART1_IRQHandler                        0x080088f3   Thumb Code     0  startup_stm32f407xx.o(.text)
    USART2_IRQHandler                        0x080088f3   Thumb Code     0  startup_stm32f407xx.o(.text)
    USART3_IRQHandler                        0x080088f3   Thumb Code     0  startup_stm32f407xx.o(.text)
    USART6_IRQHandler                        0x080088f3   Thumb Code     0  startup_stm32f407xx.o(.text)
    WWDG_IRQHandler                          0x080088f3   Thumb Code     0  startup_stm32f407xx.o(.text)
    SystemInit                               0x080088fd   Thumb Code    82  system_stm32f4xx.o(.text)
    SystemCoreClockUpdate                    0x0800894f   Thumb Code   174  system_stm32f4xx.o(.text)
    __aeabi_uldivmod                         0x08008a1d   Thumb Code    98  uldiv.o(.text)
    __aeabi_memcpy                           0x08008a7f   Thumb Code    36  memcpya.o(.text)
    __aeabi_memcpy4                          0x08008a7f   Thumb Code     0  memcpya.o(.text)
    __aeabi_memcpy8                          0x08008a7f   Thumb Code     0  memcpya.o(.text)
    __aeabi_dadd                             0x08008aa3   Thumb Code   322  dadd.o(.text)
    __aeabi_dsub                             0x08008be5   Thumb Code     6  dadd.o(.text)
    __aeabi_drsub                            0x08008beb   Thumb Code     6  dadd.o(.text)
    __aeabi_dmul                             0x08008bf1   Thumb Code   228  dmul.o(.text)
    __aeabi_ddiv                             0x08008cd5   Thumb Code   222  ddiv.o(.text)
    __aeabi_f2d                              0x08008db3   Thumb Code    38  f2d.o(.text)
    __aeabi_d2f                              0x08008dd9   Thumb Code    56  d2f.o(.text)
    __aeabi_uidiv                            0x08008e11   Thumb Code     0  uidiv.o(.text)
    __aeabi_uidivmod                         0x08008e11   Thumb Code    44  uidiv.o(.text)
    __aeabi_llsl                             0x08008e3d   Thumb Code    30  llshl.o(.text)
    _ll_shift_l                              0x08008e3d   Thumb Code     0  llshl.o(.text)
    __aeabi_llsr                             0x08008e5b   Thumb Code    32  llushr.o(.text)
    _ll_ushift_r                             0x08008e5b   Thumb Code     0  llushr.o(.text)
    __aeabi_lasr                             0x08008e7b   Thumb Code    36  llsshr.o(.text)
    _ll_sshift_r                             0x08008e7b   Thumb Code     0  llsshr.o(.text)
    __I$use$fp                               0x08008e9f   Thumb Code     0  iusefp.o(.text)
    _float_round                             0x08008e9f   Thumb Code    18  fepilogue.o(.text)
    _float_epilogue                          0x08008eb1   Thumb Code    92  fepilogue.o(.text)
    _double_round                            0x08008f0d   Thumb Code    30  depilogue.o(.text)
    _double_epilogue                         0x08008f2b   Thumb Code   156  depilogue.o(.text)
    _dsqrt                                   0x08008fc7   Thumb Code   162  dsqrt.o(.text)
    __aeabi_d2ulz                            0x08009069   Thumb Code    48  dfixul.o(.text)
    __aeabi_cdrcmple                         0x08009099   Thumb Code    48  cdrcmple.o(.text)
    __scatterload                            0x080090c9   Thumb Code    28  init.o(.text)
    __scatterload_rt2                        0x080090c9   Thumb Code     0  init.o(.text)
    SVC_Count                                0x080090ec   Data           4  svc_table.o(SVC_TABLE)
    Kalmanfilter_asm                         0x080090f1   Thumb Code     0  kalmanfilter_asm.o(fn)
    SVC_Table                                0x080090f0   Data           0  svc_table.o(SVC_TABLE)
    __0printf                                0x08009179   Thumb Code    22  printfa.o(i.__0printf)
    __1printf                                0x08009179   Thumb Code     0  printfa.o(i.__0printf)
    __2printf                                0x08009179   Thumb Code     0  printfa.o(i.__0printf)
    __c89printf                              0x08009179   Thumb Code     0  printfa.o(i.__0printf)
    printf                                   0x08009179   Thumb Code     0  printfa.o(i.__0printf)
    __ARM_fpclassify                         0x08009199   Thumb Code    48  fpclassify.o(i.__ARM_fpclassify)
    __hardfp_acos                            0x080091c9   Thumb Code   738  acos.o(i.__hardfp_acos)
    __hardfp_atan                            0x08009521   Thumb Code   622  atan.o(i.__hardfp_atan)
    __hardfp_sqrt                            0x080097f9   Thumb Code   122  sqrt.o(i.__hardfp_sqrt)
    __kernel_poly                            0x08009873   Thumb Code   248  poly.o(i.__kernel_poly)
    __mathlib_dbl_infnan                     0x0800996b   Thumb Code    20  dunder.o(i.__mathlib_dbl_infnan)
    __mathlib_dbl_invalid                    0x08009981   Thumb Code    24  dunder.o(i.__mathlib_dbl_invalid)
    __mathlib_dbl_underflow                  0x080099a1   Thumb Code    24  dunder.o(i.__mathlib_dbl_underflow)
    __scatterload_copy                       0x080099c1   Thumb Code    14  handlers.o(i.__scatterload_copy)
    __scatterload_null                       0x080099cf   Thumb Code     2  handlers.o(i.__scatterload_null)
    __scatterload_zeroinit                   0x080099d1   Thumb Code    14  handlers.o(i.__scatterload_zeroinit)
    __set_errno                              0x080099e1   Thumb Code     6  errno.o(i.__set_errno)
    _init_box                                0x08009b51   Thumb Code    70  rt_membox.o(i._init_box)
    dbg_init                                 0x0800a2c9   Thumb Code    34  hal_cm.o(i.dbg_init)
    dbg_task_notify                          0x0800a2f9   Thumb Code    32  hal_cm.o(i.dbg_task_notify)
    dbg_task_switch                          0x0800a319   Thumb Code    16  hal_cm.o(i.dbg_task_switch)
    fabs                                     0x0800a329   Thumb Code    24  fabs.o(i.fabs)
    isrMessageGet                            0x0800a341   Thumb Code    42  rt_cmsis.o(i.isrMessageGet)
    isrMessagePut                            0x0800a36b   Thumb Code    44  rt_cmsis.o(i.isrMessagePut)
    isrSignalSet                             0x0800a397   Thumb Code    36  rt_cmsis.o(i.isrSignalSet)
    isr_evt_set                              0x0800a3bd   Thumb Code    34  rt_event.o(i.isr_evt_set)
    isr_mbx_receive                          0x0800a3e5   Thumb Code    82  rt_mailbox.o(i.isr_mbx_receive)
    isr_mbx_send                             0x0800a437   Thumb Code    14  rt_mailbox.o(i.isr_mbx_send)
    osKernelInitialize                       0x0800a445   Thumb Code    30  rt_cmsis.o(i.osKernelInitialize)
    osKernelStart                            0x0800a469   Thumb Code    98  rt_cmsis.o(i.osKernelStart)
    osMessageGet                             0x0800a4d5   Thumb Code    18  rt_cmsis.o(i.osMessageGet)
    osMutexCreate                            0x0800a4ed   Thumb Code    38  rt_cmsis.o(i.osMutexCreate)
    osMutexRelease                           0x0800a51d   Thumb Code    18  rt_cmsis.o(i.osMutexRelease)
    osMutexWait                              0x0800a535   Thumb Code    18  rt_cmsis.o(i.osMutexWait)
    osSignalSet                              0x0800a54d   Thumb Code    18  rt_cmsis.o(i.osSignalSet)
    osSignalWait                             0x0800a565   Thumb Code    18  rt_cmsis.o(i.osSignalWait)
    osThreadCreate                           0x0800a57d   Thumb Code    38  rt_cmsis.o(i.osThreadCreate)
    osThreadExit                             0x0800a5ad   Thumb Code    14  rt_cmsis.o(i.osThreadExit)
    osTimerCall                              0x0800a5c5   Thumb Code     8  rt_cmsis.o(i.osTimerCall)
    osTimerThread                            0x0800a5d1   Thumb Code    38  rt_cmsis.o(i.osTimerThread)
    os_tick_init                             0x0800a5fd   Thumb Code    32  rt_system.o(i.os_tick_init)
    os_tick_irqack                           0x0800a625   Thumb Code     2  rt_system.o(i.os_tick_irqack)
    rt_alloc_box                             0x0800a627   Thumb Code    26  rt_membox.o(i.rt_alloc_box)
    rt_alloc_mem                             0x0800a641   Thumb Code    62  rt_memory.o(i.rt_alloc_mem)
    rt_block                                 0x0800a681   Thumb Code    48  rt_task.o(i.rt_block)
    rt_chk_robin                             0x0800a6b9   Thumb Code    60  rt_robin.o(i.rt_chk_robin)
    rt_dec_dly                               0x0800a701   Thumb Code   102  rt_list.o(i.rt_dec_dly)
    rt_dispatch                              0x0800a771   Thumb Code    60  rt_task.o(i.rt_dispatch)
    rt_evt_psh                               0x0800a7b5   Thumb Code    76  rt_event.o(i.rt_evt_psh)
    rt_evt_set                               0x0800a805   Thumb Code    88  rt_event.o(i.rt_evt_set)
    rt_evt_wait                              0x0800a861   Thumb Code    56  rt_event.o(i.rt_evt_wait)
    rt_free_box                              0x0800a89d   Thumb Code    44  rt_membox.o(i.rt_free_box)
    rt_free_mem                              0x0800a8c9   Thumb Code    40  rt_memory.o(i.rt_free_mem)
    rt_get_first                             0x0800a8f1   Thumb Code    40  rt_list.o(i.rt_get_first)
    rt_init_mem                              0x0800a969   Thumb Code    26  rt_memory.o(i.rt_init_mem)
    rt_init_robin                            0x0800a985   Thumb Code    14  rt_robin.o(i.rt_init_robin)
    rt_init_stack                            0x0800a99d   Thumb Code   118  hal_cm.o(i.rt_init_stack)
    rt_mbx_check                             0x0800aa1d   Thumb Code     8  rt_mailbox.o(i.rt_mbx_check)
    rt_mbx_init                              0x0800aa25   Thumb Code    26  rt_mailbox.o(i.rt_mbx_init)
    rt_mbx_psh                               0x0800aa41   Thumb Code   236  rt_mailbox.o(i.rt_mbx_psh)
    rt_mbx_wait                              0x0800ab31   Thumb Code   174  rt_mailbox.o(i.rt_mbx_wait)
    rt_mut_init                              0x0800ac29   Thumb Code    16  rt_mutex.o(i.rt_mut_init)
    rt_mut_release                           0x0800ac39   Thumb Code   208  rt_mutex.o(i.rt_mut_release)
    rt_mut_wait                              0x0800ad11   Thumb Code   100  rt_mutex.o(i.rt_mut_wait)
    rt_pop_req                               0x0800ad79   Thumb Code   112  rt_system.o(i.rt_pop_req)
    rt_psh_req                               0x0800adf5   Thumb Code    22  rt_system.o(i.rt_psh_req)
    rt_psq_enq                               0x0800ae15   Thumb Code    88  rt_list.o(i.rt_psq_enq)
    rt_put_dly                               0x0800ae71   Thumb Code    68  rt_list.o(i.rt_put_dly)
    rt_put_prio                              0x0800aeb9   Thumb Code    54  rt_list.o(i.rt_put_prio)
    rt_put_rdy_first                         0x0800aef1   Thumb Code    14  rt_list.o(i.rt_put_rdy_first)
    rt_resort_prio                           0x0800af05   Thumb Code    46  rt_list.o(i.rt_resort_prio)
    rt_ret_val                               0x0800af49   Thumb Code    12  hal_cm.o(i.rt_ret_val)
    rt_ret_val2                              0x0800af55   Thumb Code    16  hal_cm.o(i.rt_ret_val2)
    rt_rmv_dly                               0x0800af65   Thumb Code    40  rt_list.o(i.rt_rmv_dly)
    rt_rmv_list                              0x0800af8d   Thumb Code    44  rt_list.o(i.rt_rmv_list)
    rt_sem_psh                               0x0800afbd   Thumb Code    48  rt_semaphore.o(i.rt_sem_psh)
    rt_stk_check                             0x0800aff1   Thumb Code    28  rt_system.o(i.rt_stk_check)
    rt_switch_req                            0x0800b015   Thumb Code    30  rt_task.o(i.rt_switch_req)
    rt_sys_init                              0x0800b03d   Thumb Code   138  rt_task.o(i.rt_sys_init)
    rt_sys_start                             0x0800b109   Thumb Code   110  rt_task.o(i.rt_sys_start)
    rt_systick                               0x0800b181   Thumb Code    50  rt_system.o(i.rt_systick)
    rt_tsk_create                            0x0800b209   Thumb Code   118  rt_task.o(i.rt_tsk_create)
    rt_tsk_delete                            0x0800b291   Thumb Code   352  rt_task.o(i.rt_tsk_delete)
    rt_tsk_prio                              0x0800b40d   Thumb Code   108  rt_task.o(i.rt_tsk_prio)
    rt_tsk_self                              0x0800b489   Thumb Code    12  rt_task.o(i.rt_tsk_self)
    sqrt                                     0x0800b499   Thumb Code   110  sqrt.o(i.sqrt)
    svcKernelInitialize                      0x0800b509   Thumb Code    80  rt_cmsis.o(i.svcKernelInitialize)
    svcKernelStart                           0x0800b579   Thumb Code    62  rt_cmsis.o(i.svcKernelStart)
    svcMessageCreate                         0x0800b5c1   Thumb Code    36  rt_cmsis.o(i.svcMessageCreate)
    svcMessageGet                            0x0800b5e5   Thumb Code    58  rt_cmsis.o(i.svcMessageGet)
    svcMutexCreate                           0x0800b61f   Thumb Code    28  rt_cmsis.o(i.svcMutexCreate)
    svcMutexRelease                          0x0800b63b   Thumb Code    34  rt_cmsis.o(i.svcMutexRelease)
    svcMutexWait                             0x0800b65d   Thumb Code    54  rt_cmsis.o(i.svcMutexWait)
    svcSignalSet                             0x0800b693   Thumb Code    36  rt_cmsis.o(i.svcSignalSet)
    svcSignalWait                            0x0800b6b9   Thumb Code    80  rt_cmsis.o(i.svcSignalWait)
    svcThreadCreate                          0x0800b70d   Thumb Code   100  rt_cmsis.o(i.svcThreadCreate)
    svcThreadGetId                           0x0800b77d   Thumb Code    22  rt_cmsis.o(i.svcThreadGetId)
    svcThreadTerminate                       0x0800b799   Thumb Code    50  rt_cmsis.o(i.svcThreadTerminate)
    svcTimerCall                             0x0800b7d1   Thumb Code    24  rt_cmsis.o(i.svcTimerCall)
    sysTimerTick                             0x0800b7e9   Thumb Code    84  rt_cmsis.o(i.sysTimerTick)
    os_thread_def_Thread_TempSensor          0x0800b844   Data          16  thread_tempsensor.o(.constdata)
    os_thread_def_Thread_Accelerometer       0x0800b854   Data          16  thread_accelerometer.o(.constdata)
    os_maxtaskrun                            0x0800b864   Data           2  rtx_conf_cm.o(.constdata)
    os_stackinfo                             0x0800b868   Data           4  rtx_conf_cm.o(.constdata)
    os_rrobin                                0x0800b86c   Data           4  rtx_conf_cm.o(.constdata)
    os_tickfreq                              0x0800b870   Data           4  rtx_conf_cm.o(.constdata)
    os_tickus_i                              0x0800b874   Data           2  rtx_conf_cm.o(.constdata)
    os_tickus_f                              0x0800b876   Data           2  rtx_conf_cm.o(.constdata)
    os_trv                                   0x0800b878   Data           4  rtx_conf_cm.o(.constdata)
    os_flags                                 0x0800b87c   Data           1  rtx_conf_cm.o(.constdata)
    CMSIS_RTOS_API_Version                   0x0800b880   Data           4  rtx_conf_cm.o(.constdata)
    CMSIS_RTOS_RTX_Version                   0x0800b884   Data           4  rtx_conf_cm.o(.constdata)
    os_clockrate                             0x0800b888   Data           4  rtx_conf_cm.o(.constdata)
    os_timernum                              0x0800b88c   Data           4  rtx_conf_cm.o(.constdata)
    mp_tcb_size                              0x0800b890   Data           2  rtx_conf_cm.o(.constdata)
    mp_stk_size                              0x0800b894   Data           4  rtx_conf_cm.o(.constdata)
    os_stack_sz                              0x0800b898   Data           4  rtx_conf_cm.o(.constdata)
    os_fifo_size                             0x0800b89c   Data           1  rtx_conf_cm.o(.constdata)
    os_thread_def_osTimerThread              0x0800b8a0   Data          16  rtx_conf_cm.o(.constdata)
    os_messageQ_def_osTimerMessageQ          0x0800b8b0   Data           8  rtx_conf_cm.o(.constdata)
    mp_tmr_size                              0x0800b8b8   Data           2  rtx_conf_cm.o(.constdata)
    APBAHBPrescTable                         0x0800b8c2   Data          16  stm32f4xx_hal_rcc.o(.constdata)
    AHBPrescTable                            0x0800b8d2   Data          16  system_stm32f4xx.o(.constdata)
    Region$$Table$$Base                      0x0800b9d0   Number         0  anon$$obj.o(Region$$Table)
    Region$$Table$$Limit                     0x0800b9f0   Number         0  anon$$obj.o(Region$$Table)
    temperatureMutex                         0x20000000   Data           4  main.o(.data)
    accelerometerMutex                       0x20000004   Data           4  main.o(.data)
    tiltAnglesMutex                          0x20000008   Data           4  main.o(.data)
    tim3_ticks                               0x2000000c   Data           1  main.o(.data)
    temperatureValue                         0x20000010   Data           4  thread_tempsensor.o(.data)
    tid_Thread_TempSensor                    0x20000014   Data           4  thread_tempsensor.o(.data)
    temperatureMutexPtr                      0x20000018   Data           4  thread_tempsensor.o(.data)
    tid_Thread_Accelerometer                 0x2000001c   Data           4  thread_accelerometer.o(.data)
    accel_x                                  0x20000020   Data           4  thread_accelerometer.o(.data)
    accel_y                                  0x20000024   Data           4  thread_accelerometer.o(.data)
    accel_z                                  0x20000028   Data           4  thread_accelerometer.o(.data)
    rollValue                                0x2000002c   Data           4  thread_accelerometer.o(.data)
    pitchValue                               0x20000030   Data           4  thread_accelerometer.o(.data)
    accelerometerMutexPtr                    0x20000034   Data           4  thread_accelerometer.o(.data)
    tiltAnglesMutexPtr                       0x20000038   Data           4  thread_accelerometer.o(.data)
    LIS3DSHTimeout                           0x2000003c   Data           4  lis3dsh.o(.data)
    osThreadId_osTimerThread                 0x20000040   Data           4  rtx_conf_cm.o(.data)
    osMessageQId_osTimerMessageQ             0x20000044   Data           4  rtx_conf_cm.o(.data)
    os_tmr                                   0x20000048   Data           4  rtx_conf_cm.o(.data)
    m_tmr                                    0x2000004c   Data           4  rtx_conf_cm.o(.data)
    os_thread_def_main                       0x20000050   Data          16  rtx_conf_cm.o(.data)
    SystemCoreClock                          0x20000064   Data           4  system_stm32f4xx.o(.data)
    os_initialized                           0x20000068   Data           1  rt_cmsis.o(.data)
    os_running                               0x20000069   Data           1  rt_cmsis.o(.data)
    os_timer_head                            0x2000006c   Data           4  rt_cmsis.o(.data)
    os_time                                  0x20000070   Data           4  rt_time.o(.data)
    os_tsk                                   0x20000074   Data           8  rt_task.o(.data)
    os_tick_irqn                             0x20000080   Data           4  rt_system.o(.data)
    dbg_msg                                  0x20000084   Data           1  hal_cm.o(.data)
    os_robin                                 0x20000088   Data           8  rt_robin.o(.data)
    __stdout                                 0x20000090   Data           4  stdout.o(.data)
    handle_tim3                              0x20000098   Data          60  main.o(.bss)
    ADC1_Handle                              0x200000d4   Data          68  thread_tempsensor.o(.bss)
    kalman_temperature                       0x20000118   Data          20  thread_tempsensor.o(.bss)
    accelerometer_out                        0x2000012c   Data          12  thread_accelerometer.o(.bss)
    accel                                    0x20000138   Data          12  thread_accelerometer.o(.bss)
    kalmanX                                  0x20000144   Data          20  thread_accelerometer.o(.bss)
    kalmanY                                  0x20000158   Data          20  thread_accelerometer.o(.bss)
    kalmanZ                                  0x2000016c   Data          20  thread_accelerometer.o(.bss)
    SpiHandle                                0x20000180   Data          88  lis3dsh.o(.bss)
    mp_tcb                                   0x200001d8   Data         376  rtx_conf_cm.o(.bss)
    mp_stk                                   0x20000350   Data        4816  rtx_conf_cm.o(.bss)
    os_stack_mem                             0x20001620   Data        1256  rtx_conf_cm.o(.bss)
    os_fifo                                  0x20001b08   Data         132  rtx_conf_cm.o(.bss)
    os_active_TCB                            0x20001b8c   Data          28  rtx_conf_cm.o(.bss)
    os_messageQ_q_osTimerMessageQ            0x20001ba8   Data          32  rtx_conf_cm.o(.bss)
    os_idle_TCB                              0x20001bc8   Data          52  rt_task.o(.bss)
    os_rdy                                   0x20001bfc   Data          24  rt_list.o(.bss)
    os_dly                                   0x20001c14   Data          24  rt_list.o(.bss)
    __initial_sp                             0x20002030   Data           0  startup_stm32f407xx.o(STACK)



==============================================================================

Memory Map of the image

  Image Entry point : 0x08000189

  Load Region LR_IROM1 (Base: 0x08000000, Size: 0x0000ba88, Max: 0x00100000, ABSOLUTE)

    Execution Region ER_IROM1 (Base: 0x08000000, Size: 0x0000b9f0, Max: 0x00100000, ABSOLUTE)

    Base Addr    Size         Type   Attr      Idx    E Section Name        Object

    0x08000000   0x00000188   Data   RO          759    RESET               startup_stm32f407xx.o
    0x08000188   0x00000000   Code   RO         2054  * .ARM.Collect$$$$00000000  mc_w.l(entry.o)
    0x08000188   0x00000004   Code   RO         2358    .ARM.Collect$$$$00000001  mc_w.l(entry2.o)
    0x0800018c   0x00000004   Code   RO         2361    .ARM.Collect$$$$00000004  mc_w.l(entry5.o)
    0x08000190   0x00000000   Code   RO         2363    .ARM.Collect$$$$00000008  mc_w.l(entry7b.o)
    0x08000190   0x00000000   Code   RO         2365    .ARM.Collect$$$$0000000A  mc_w.l(entry8b.o)
    0x08000190   0x00000000   Code   RO         2366    .ARM.Collect$$$$0000000D  mc_w.l(entry10a.o)
    0x08000190   0x00000000   Code   RO         2368    .ARM.Collect$$$$0000000F  mc_w.l(entry11a.o)
    0x08000190   0x00000018   Code   RO          331    .ARM.Collect$$$$000000FF  rtx_conf_cm.o
    0x080001a8   0x00000004   Code   RO         2359    .ARM.Collect$$$$00002712  mc_w.l(entry2.o)
    0x080001ac   0x00000198   Code   RO         2001    .emb_text           RTX_CM4.lib(hal_cm4.o)
    0x08000344   0x000001f8   Code   RO            4    .text               main.o
    0x0800053c   0x000001fc   Code   RO          172    .text               thread_tempsensor.o
    0x08000738   0x000006a0   Code   RO          205    .text               thread_accelerometer.o
    0x08000dd8   0x00000038   Code   RO          275    .text               fput_debug.o
    0x08000e10   0x000005c0   Code   RO          306    .text               lis3dsh.o
    0x080013d0   0x00000026   Code   RO          332    .text               rtx_conf_cm.o
    0x080013f6   0x00000002   PAD
    0x080013f8   0x000001b0   Code   RO          366    .text               stm32f4xx_hal.o
    0x080015a8   0x0000099c   Code   RO          392    .text               stm32f4xx_hal_adc.o
    0x08001f44   0x00000720   Code   RO          416    .text               stm32f4xx_hal_adc_ex.o
    0x08002664   0x00000324   Code   RO          440    .text               stm32f4xx_hal_cortex.o
    0x08002988   0x00000618   Code   RO          468    .text               stm32f4xx_hal_dma.o
    0x08002fa0   0x000003cc   Code   RO          517    .text               stm32f4xx_hal_gpio.o
    0x0800336c   0x00000a4c   Code   RO          589    .text               stm32f4xx_hal_rcc.o
    0x08003db8   0x00001598   Code   RO          640    .text               stm32f4xx_hal_spi.o
    0x08005350   0x00002800   Code   RO          664    .text               stm32f4xx_hal_tim.o
    0x08007b50   0x00000d88   Code   RO          688    .text               stm32f4xx_hal_tim_ex.o
    0x080088d8   0x00000024   Code   RO          760    .text               startup_stm32f407xx.o
    0x080088fc   0x00000120   Code   RO          767    .text               system_stm32f4xx.o
    0x08008a1c   0x00000062   Code   RO         2057    .text               mc_w.l(uldiv.o)
    0x08008a7e   0x00000024   Code   RO         2059    .text               mc_w.l(memcpya.o)
    0x08008aa2   0x0000014e   Code   RO         2324    .text               mf_w.l(dadd.o)
    0x08008bf0   0x000000e4   Code   RO         2326    .text               mf_w.l(dmul.o)
    0x08008cd4   0x000000de   Code   RO         2328    .text               mf_w.l(ddiv.o)
    0x08008db2   0x00000026   Code   RO         2330    .text               mf_w.l(f2d.o)
    0x08008dd8   0x00000038   Code   RO         2332    .text               mf_w.l(d2f.o)
    0x08008e10   0x0000002c   Code   RO         2371    .text               mc_w.l(uidiv.o)
    0x08008e3c   0x0000001e   Code   RO         2373    .text               mc_w.l(llshl.o)
    0x08008e5a   0x00000020   Code   RO         2375    .text               mc_w.l(llushr.o)
    0x08008e7a   0x00000024   Code   RO         2377    .text               mc_w.l(llsshr.o)
    0x08008e9e   0x00000000   Code   RO         2386    .text               mc_w.l(iusefp.o)
    0x08008e9e   0x0000006e   Code   RO         2387    .text               mf_w.l(fepilogue.o)
    0x08008f0c   0x000000ba   Code   RO         2389    .text               mf_w.l(depilogue.o)
    0x08008fc6   0x000000a2   Code   RO         2393    .text               mf_w.l(dsqrt.o)
    0x08009068   0x00000030   Code   RO         2395    .text               mf_w.l(dfixul.o)
    0x08009098   0x00000030   Code   RO         2399    .text               mf_w.l(cdrcmple.o)
    0x080090c8   0x00000024   Code   RO         2401    .text               mc_w.l(init.o)
    0x080090ec   0x00000004   Code   RO         2011    SVC_TABLE           RTX_CM4.lib(svc_table.o)
    0x080090f0   0x00000086   Code   RO          300    fn                  kalmanfilter_asm.o
    0x08009176   0x00000002   PAD
    0x08009178   0x00000020   Code   RO         2296    i.__0printf         mc_w.l(printfa.o)
    0x08009198   0x00000030   Code   RO         2354    i.__ARM_fpclassify  m_wm.l(fpclassify.o)
    0x080091c8   0x00000358   Code   RO         2014    i.__hardfp_acos     m_wm.l(acos.o)
    0x08009520   0x000002d8   Code   RO         2028    i.__hardfp_atan     m_wm.l(atan.o)
    0x080097f8   0x0000007a   Code   RO         2042    i.__hardfp_sqrt     m_wm.l(sqrt.o)
    0x08009872   0x000000f8   Code   RO         2356    i.__kernel_poly     m_wm.l(poly.o)
    0x0800996a   0x00000014   Code   RO         2335    i.__mathlib_dbl_infnan  m_wm.l(dunder.o)
    0x0800997e   0x00000002   PAD
    0x08009980   0x00000020   Code   RO         2337    i.__mathlib_dbl_invalid  m_wm.l(dunder.o)
    0x080099a0   0x00000020   Code   RO         2340    i.__mathlib_dbl_underflow  m_wm.l(dunder.o)
    0x080099c0   0x0000000e   Code   RO         2405    i.__scatterload_copy  mc_w.l(handlers.o)
    0x080099ce   0x00000002   Code   RO         2406    i.__scatterload_null  mc_w.l(handlers.o)
    0x080099d0   0x0000000e   Code   RO         2407    i.__scatterload_zeroinit  mc_w.l(handlers.o)
    0x080099de   0x00000002   PAD
    0x080099e0   0x0000000c   Code   RO         2381    i.__set_errno       mc_w.l(errno.o)
    0x080099ec   0x00000164   Code   RO         2303    i._fp_digits        mc_w.l(printfa.o)
    0x08009b50   0x00000046   Code   RO         1874    i._init_box         RTX_CM4.lib(rt_membox.o)
    0x08009b96   0x00000002   PAD
    0x08009b98   0x000006dc   Code   RO         2304    i._printf_core      mc_w.l(printfa.o)
    0x0800a274   0x00000024   Code   RO         2305    i._printf_post_padding  mc_w.l(printfa.o)
    0x0800a298   0x0000002e   Code   RO         2306    i._printf_pre_padding  mc_w.l(printfa.o)
    0x0800a2c6   0x00000002   PAD
    0x0800a2c8   0x00000030   Code   RO         1927    i.dbg_init          RTX_CM4.lib(hal_cm.o)
    0x0800a2f8   0x00000020   Code   RO         1928    i.dbg_task_notify   RTX_CM4.lib(hal_cm.o)
    0x0800a318   0x00000010   Code   RO         1929    i.dbg_task_switch   RTX_CM4.lib(hal_cm.o)
    0x0800a328   0x00000018   Code   RO         2350    i.fabs              m_wm.l(fabs.o)
    0x0800a340   0x0000002a   Code   RO          798    i.isrMessageGet     RTX_CM4.lib(rt_cmsis.o)
    0x0800a36a   0x0000002c   Code   RO          799    i.isrMessagePut     RTX_CM4.lib(rt_cmsis.o)
    0x0800a396   0x00000024   Code   RO          801    i.isrSignalSet      RTX_CM4.lib(rt_cmsis.o)
    0x0800a3ba   0x00000002   PAD
    0x0800a3bc   0x00000028   Code   RO         1631    i.isr_evt_set       RTX_CM4.lib(rt_event.o)
    0x0800a3e4   0x00000052   Code   RO         1753    i.isr_mbx_receive   RTX_CM4.lib(rt_mailbox.o)
    0x0800a436   0x0000000e   Code   RO         1754    i.isr_mbx_send      RTX_CM4.lib(rt_mailbox.o)
    0x0800a444   0x00000024   Code   RO          803    i.osKernelInitialize  RTX_CM4.lib(rt_cmsis.o)
    0x0800a468   0x0000006c   Code   RO          805    i.osKernelStart     RTX_CM4.lib(rt_cmsis.o)
    0x0800a4d4   0x00000018   Code   RO          814    i.osMessageGet      RTX_CM4.lib(rt_cmsis.o)
    0x0800a4ec   0x00000030   Code   RO          816    i.osMutexCreate     RTX_CM4.lib(rt_cmsis.o)
    0x0800a51c   0x00000018   Code   RO          818    i.osMutexRelease    RTX_CM4.lib(rt_cmsis.o)
    0x0800a534   0x00000018   Code   RO          819    i.osMutexWait       RTX_CM4.lib(rt_cmsis.o)
    0x0800a54c   0x00000018   Code   RO          829    i.osSignalSet       RTX_CM4.lib(rt_cmsis.o)
    0x0800a564   0x00000018   Code   RO          830    i.osSignalWait      RTX_CM4.lib(rt_cmsis.o)
    0x0800a57c   0x00000030   Code   RO          831    i.osThreadCreate    RTX_CM4.lib(rt_cmsis.o)
    0x0800a5ac   0x00000018   Code   RO          832    i.osThreadExit      RTX_CM4.lib(rt_cmsis.o)
    0x0800a5c4   0x0000000c   Code   RO          838    i.osTimerCall       RTX_CM4.lib(rt_cmsis.o)
    0x0800a5d0   0x0000002c   Code   RO          843    i.osTimerThread     RTX_CM4.lib(rt_cmsis.o)
    0x0800a5fc   0x00000028   Code   RO         1541    i.os_tick_init      RTX_CM4.lib(rt_system.o)
    0x0800a624   0x00000002   Code   RO         1542    i.os_tick_irqack    RTX_CM4.lib(rt_system.o)
    0x0800a626   0x0000001a   Code   RO         1875    i.rt_alloc_box      RTX_CM4.lib(rt_membox.o)
    0x0800a640   0x0000003e   Code   RO         1903    i.rt_alloc_mem      RTX_CM4.lib(rt_memory.o)
    0x0800a67e   0x00000002   PAD
    0x0800a680   0x00000038   Code   RO         1456    i.rt_block          RTX_CM4.lib(rt_task.o)
    0x0800a6b8   0x00000048   Code   RO         1980    i.rt_chk_robin      RTX_CM4.lib(rt_robin.o)
    0x0800a700   0x00000070   Code   RO         1677    i.rt_dec_dly        RTX_CM4.lib(rt_list.o)
    0x0800a770   0x00000044   Code   RO         1457    i.rt_dispatch       RTX_CM4.lib(rt_task.o)
    0x0800a7b4   0x00000050   Code   RO         1634    i.rt_evt_psh        RTX_CM4.lib(rt_event.o)
    0x0800a804   0x0000005c   Code   RO         1635    i.rt_evt_set        RTX_CM4.lib(rt_event.o)
    0x0800a860   0x0000003c   Code   RO         1636    i.rt_evt_wait       RTX_CM4.lib(rt_event.o)
    0x0800a89c   0x0000002c   Code   RO         1876    i.rt_free_box       RTX_CM4.lib(rt_membox.o)
    0x0800a8c8   0x00000028   Code   RO         1904    i.rt_free_mem       RTX_CM4.lib(rt_memory.o)
    0x0800a8f0   0x00000028   Code   RO         1678    i.rt_get_first      RTX_CM4.lib(rt_list.o)
    0x0800a918   0x00000008   Code   RO          848    i.rt_id2obj         RTX_CM4.lib(rt_cmsis.o)
    0x0800a920   0x00000048   Code   RO         1458    i.rt_init_context   RTX_CM4.lib(rt_task.o)
    0x0800a968   0x0000001a   Code   RO         1905    i.rt_init_mem       RTX_CM4.lib(rt_memory.o)
    0x0800a982   0x00000002   PAD
    0x0800a984   0x00000018   Code   RO         1981    i.rt_init_robin     RTX_CM4.lib(rt_robin.o)
    0x0800a99c   0x00000080   Code   RO         1930    i.rt_init_stack     RTX_CM4.lib(hal_cm.o)
    0x0800aa1c   0x00000008   Code   RO         1755    i.rt_mbx_check      RTX_CM4.lib(rt_mailbox.o)
    0x0800aa24   0x0000001a   Code   RO         1756    i.rt_mbx_init       RTX_CM4.lib(rt_mailbox.o)
    0x0800aa3e   0x00000002   PAD
    0x0800aa40   0x000000f0   Code   RO         1757    i.rt_mbx_psh        RTX_CM4.lib(rt_mailbox.o)
    0x0800ab30   0x000000b4   Code   RO         1759    i.rt_mbx_wait       RTX_CM4.lib(rt_mailbox.o)
    0x0800abe4   0x00000044   Code   RO          849    i.rt_ms2tick        RTX_CM4.lib(rt_cmsis.o)
    0x0800ac28   0x00000010   Code   RO         1844    i.rt_mut_init       RTX_CM4.lib(rt_mutex.o)
    0x0800ac38   0x000000d8   Code   RO         1845    i.rt_mut_release    RTX_CM4.lib(rt_mutex.o)
    0x0800ad10   0x00000068   Code   RO         1846    i.rt_mut_wait       RTX_CM4.lib(rt_mutex.o)
    0x0800ad78   0x0000007c   Code   RO         1545    i.rt_pop_req        RTX_CM4.lib(rt_system.o)
    0x0800adf4   0x00000020   Code   RO         1546    i.rt_psh_req        RTX_CM4.lib(rt_system.o)
    0x0800ae14   0x0000005c   Code   RO         1680    i.rt_psq_enq        RTX_CM4.lib(rt_list.o)
    0x0800ae70   0x00000048   Code   RO         1681    i.rt_put_dly        RTX_CM4.lib(rt_list.o)
    0x0800aeb8   0x00000036   Code   RO         1682    i.rt_put_prio       RTX_CM4.lib(rt_list.o)
    0x0800aeee   0x00000002   PAD
    0x0800aef0   0x00000014   Code   RO         1683    i.rt_put_rdy_first  RTX_CM4.lib(rt_list.o)
    0x0800af04   0x00000034   Code   RO         1684    i.rt_resort_prio    RTX_CM4.lib(rt_list.o)
    0x0800af38   0x00000010   Code   RO         1931    i.rt_ret_regs       RTX_CM4.lib(hal_cm.o)
    0x0800af48   0x0000000c   Code   RO         1932    i.rt_ret_val        RTX_CM4.lib(hal_cm.o)
    0x0800af54   0x00000010   Code   RO         1933    i.rt_ret_val2       RTX_CM4.lib(hal_cm.o)
    0x0800af64   0x00000028   Code   RO         1685    i.rt_rmv_dly        RTX_CM4.lib(rt_list.o)
    0x0800af8c   0x00000030   Code   RO         1686    i.rt_rmv_list       RTX_CM4.lib(rt_list.o)
    0x0800afbc   0x00000034   Code   RO         1804    i.rt_sem_psh        RTX_CM4.lib(rt_semaphore.o)
    0x0800aff0   0x00000024   Code   RO         1548    i.rt_stk_check      RTX_CM4.lib(rt_system.o)
    0x0800b014   0x00000028   Code   RO         1459    i.rt_switch_req     RTX_CM4.lib(rt_task.o)
    0x0800b03c   0x000000cc   Code   RO         1460    i.rt_sys_init       RTX_CM4.lib(rt_task.o)
    0x0800b108   0x00000078   Code   RO         1461    i.rt_sys_start      RTX_CM4.lib(rt_task.o)
    0x0800b180   0x00000040   Code   RO         1550    i.rt_systick        RTX_CM4.lib(rt_system.o)
    0x0800b1c0   0x00000012   Code   RO          850    i.rt_tid2ptcb       RTX_CM4.lib(rt_cmsis.o)
    0x0800b1d2   0x00000002   PAD
    0x0800b1d4   0x00000034   Code   RO          851    i.rt_timer_insert   RTX_CM4.lib(rt_cmsis.o)
    0x0800b208   0x00000088   Code   RO         1462    i.rt_tsk_create     RTX_CM4.lib(rt_task.o)
    0x0800b290   0x0000017c   Code   RO         1463    i.rt_tsk_delete     RTX_CM4.lib(rt_task.o)
    0x0800b40c   0x0000007c   Code   RO         1465    i.rt_tsk_prio       RTX_CM4.lib(rt_task.o)
    0x0800b488   0x00000010   Code   RO         1466    i.rt_tsk_self       RTX_CM4.lib(rt_task.o)
    0x0800b498   0x0000006e   Code   RO         2044    i.sqrt              m_wm.l(sqrt.o)
    0x0800b506   0x00000002   PAD
    0x0800b508   0x00000070   Code   RO          854    i.svcKernelInitialize  RTX_CM4.lib(rt_cmsis.o)
    0x0800b578   0x00000048   Code   RO          856    i.svcKernelStart    RTX_CM4.lib(rt_cmsis.o)
    0x0800b5c0   0x00000024   Code   RO          859    i.svcMessageCreate  RTX_CM4.lib(rt_cmsis.o)
    0x0800b5e4   0x0000003a   Code   RO          860    i.svcMessageGet     RTX_CM4.lib(rt_cmsis.o)
    0x0800b61e   0x0000001c   Code   RO          862    i.svcMutexCreate    RTX_CM4.lib(rt_cmsis.o)
    0x0800b63a   0x00000022   Code   RO          864    i.svcMutexRelease   RTX_CM4.lib(rt_cmsis.o)
    0x0800b65c   0x00000036   Code   RO          865    i.svcMutexWait      RTX_CM4.lib(rt_cmsis.o)
    0x0800b692   0x00000024   Code   RO          872    i.svcSignalSet      RTX_CM4.lib(rt_cmsis.o)
    0x0800b6b6   0x00000002   PAD
    0x0800b6b8   0x00000054   Code   RO          873    i.svcSignalWait     RTX_CM4.lib(rt_cmsis.o)
    0x0800b70c   0x00000070   Code   RO          874    i.svcThreadCreate   RTX_CM4.lib(rt_cmsis.o)
    0x0800b77c   0x0000001c   Code   RO          875    i.svcThreadGetId    RTX_CM4.lib(rt_cmsis.o)
    0x0800b798   0x00000038   Code   RO          878    i.svcThreadTerminate  RTX_CM4.lib(rt_cmsis.o)
    0x0800b7d0   0x00000018   Code   RO          880    i.svcTimerCall      RTX_CM4.lib(rt_cmsis.o)
    0x0800b7e8   0x0000005c   Code   RO          889    i.sysTimerTick      RTX_CM4.lib(rt_cmsis.o)
    0x0800b844   0x00000010   Data   RO          174    .constdata          thread_tempsensor.o
    0x0800b854   0x00000010   Data   RO          207    .constdata          thread_accelerometer.o
    0x0800b864   0x00000056   Data   RO          334    .constdata          rtx_conf_cm.o
    0x0800b8ba   0x00000008   Data   RO          469    .constdata          stm32f4xx_hal_dma.o
    0x0800b8c2   0x00000010   Data   RO          590    .constdata          stm32f4xx_hal_rcc.o
    0x0800b8d2   0x00000010   Data   RO          768    .constdata          system_stm32f4xx.o
    0x0800b8e2   0x00000006   PAD
    0x0800b8e8   0x00000050   Data   RO         2017    .constdata          m_wm.l(acos.o)
    0x0800b938   0x00000098   Data   RO         2031    .constdata          m_wm.l(atan.o)
    0x0800b9d0   0x00000020   Data   RO         2403    Region$$Table       anon$$obj.o


    Execution Region RW_IRAM1 (Base: 0x20000000, Size: 0x00002030, Max: 0x00020000, ABSOLUTE)

    Base Addr    Size         Type   Attr      Idx    E Section Name        Object

    0x20000000   0x0000000d   Data   RW            6    .data               main.o
    0x2000000d   0x00000003   PAD
    0x20000010   0x0000000c   Data   RW          175    .data               thread_tempsensor.o
    0x2000001c   0x00000020   Data   RW          208    .data               thread_accelerometer.o
    0x2000003c   0x00000004   Data   RW          308    .data               lis3dsh.o
    0x20000040   0x00000020   Data   RW          335    .data               rtx_conf_cm.o
    0x20000060   0x00000004   Data   RW          367    .data               stm32f4xx_hal.o
    0x20000064   0x00000004   Data   RW          769    .data               system_stm32f4xx.o
    0x20000068   0x00000008   Data   RW          892    .data               RTX_CM4.lib(rt_cmsis.o)
    0x20000070   0x00000004   Data   RW         1427    .data               RTX_CM4.lib(rt_time.o)
    0x20000074   0x00000008   Data   RW         1468    .data               RTX_CM4.lib(rt_task.o)
    0x2000007c   0x00000008   Data   RW         1553    .data               RTX_CM4.lib(rt_system.o)
    0x20000084   0x00000001   Data   RW         1934    .data               RTX_CM4.lib(hal_cm.o)
    0x20000085   0x00000003   PAD
    0x20000088   0x00000008   Data   RW         1982    .data               RTX_CM4.lib(rt_robin.o)
    0x20000090   0x00000004   Data   RW         2370    .data               mc_w.l(stdout.o)
    0x20000094   0x00000004   Data   RW         2382    .data               mc_w.l(errno.o)
    0x20000098   0x0000003c   Zero   RW            5    .bss                main.o
    0x200000d4   0x00000058   Zero   RW          173    .bss                thread_tempsensor.o
    0x2000012c   0x00000054   Zero   RW          206    .bss                thread_accelerometer.o
    0x20000180   0x00000058   Zero   RW          307    .bss                lis3dsh.o
    0x200001d8   0x000019f0   Zero   RW          333    .bss                rtx_conf_cm.o
    0x20001bc8   0x00000034   Zero   RW         1467    .bss                RTX_CM4.lib(rt_task.o)
    0x20001bfc   0x00000030   Zero   RW         1687    .bss                RTX_CM4.lib(rt_list.o)
    0x20001c2c   0x00000004   PAD
    0x20001c30   0x00000400   Zero   RW          757    STACK               startup_stm32f407xx.o


==============================================================================

Image component sizes


      Code (inc. data)   RO Data    RW Data    ZI Data      Debug   Object Name

        56          4          0          0          0      27323   fput_debug.o
       134          0          0          0          0        292   kalmanfilter_asm.o
      1472        120          0          4         88       4925   lis3dsh.o
       504         60          0         13         60     406375   main.o
        62          6         86         32       6640       7378   rtx_conf_cm.o
        36          8        392          0       1024        856   startup_stm32f407xx.o
       432         26          0          4          0       4990   stm32f4xx_hal.o
      2460         70          0          0          0       7575   stm32f4xx_hal_adc.o
      1824         40          0          0          0       5694   stm32f4xx_hal_adc_ex.o
       804         20          0          0          0      32311   stm32f4xx_hal_cortex.o
      1560         16          8          0          0       5016   stm32f4xx_hal_dma.o
       972         50          0          0          0       3835   stm32f4xx_hal_gpio.o
      2636         66         16          0          0       5742   stm32f4xx_hal_rcc.o
      5528         54          0          0          0      13284   stm32f4xx_hal_spi.o
     10240        152          0          0          0      31026   stm32f4xx_hal_tim.o
      3464         26          0          0          0      11826   stm32f4xx_hal_tim_ex.o
       288         32         16          4          0       1627   system_stm32f4xx.o
      1696        262         16         32         84       4802   thread_accelerometer.o
       508        128         16         12         88       3172   thread_tempsensor.o

    ----------------------------------------------------------------------
     34680       1140        588        104       7984     578049   Object Totals
         0          0         32          0          0          0   (incl. Generated)
         4          0          6          3          0          0   (incl. Padding)

    ----------------------------------------------------------------------

      Code (inc. data)   RO Data    RW Data    ZI Data      Debug   Library Member Name

       268         24          0          1          0       4452   hal_cm.o
       408         34          0          0          0        816   hal_cm4.o
      1534        178          0          8          0      41401   rt_cmsis.o
       272         18          0          0          0       2810   rt_event.o
       530         34          0          0         48       8597   rt_list.o
       550         10          0          0          0       4185   rt_mailbox.o
       140          0          0          0          0       2045   rt_membox.o
       128          0          0          0          0       2419   rt_memory.o
       336         12          0          0          0       2201   rt_mutex.o
        96         22          0          8          0       1230   rt_robin.o
        52          4          0          0          0        613   rt_semaphore.o
       298         52          0          8          0       6439   rt_system.o
      1216        174          0          8         52      10025   rt_task.o
         0          0          0          4          0        206   rt_time.o
         4          4          0          0          0        200   svc_table.o
       856        118         80          0          0        288   acos.o
       728        106        152          0          0        228   atan.o
        84         16          0          0          0        372   dunder.o
        24          0          0          0          0        124   fabs.o
        48          0          0          0          0        124   fpclassify.o
       248          0          0          0          0        152   poly.o
       232          0          0          0          0        296   sqrt.o
         0          0          0          0          0          0   entry.o
         0          0          0          0          0          0   entry10a.o
         0          0          0          0          0          0   entry11a.o
         8          4          0          0          0          0   entry2.o
         4          0          0          0          0          0   entry5.o
         0          0          0          0          0          0   entry7b.o
         0          0          0          0          0          0   entry8b.o
        12          6          0          4          0         68   errno.o
        30          0          0          0          0          0   handlers.o
        36          8          0          0          0         68   init.o
         0          0          0          0          0          0   iusefp.o
        30          0          0          0          0         68   llshl.o
        36          0          0          0          0         68   llsshr.o
        32          0          0          0          0         68   llushr.o
        36          0          0          0          0         68   memcpya.o
      2226         90          0          0          0        444   printfa.o
         0          0          0          4          0          0   stdout.o
        44          0          0          0          0         80   uidiv.o
        98          0          0          0          0         92   uldiv.o
        48          0          0          0          0         68   cdrcmple.o
        56          0          0          0          0         88   d2f.o
       334          0          0          0          0        148   dadd.o
       222          0          0          0          0        100   ddiv.o
       186          0          0          0          0        176   depilogue.o
        48          0          0          0          0         68   dfixul.o
       228          0          0          0          0         96   dmul.o
       162          0          0          0          0        100   dsqrt.o
        38          0          0          0          0         68   f2d.o
       110          0          0          0          0        168   fepilogue.o

    ----------------------------------------------------------------------
     12100        914        232         48        104      91327   Library Totals
        24          0          0          3          4          0   (incl. Padding)

    ----------------------------------------------------------------------

      Code (inc. data)   RO Data    RW Data    ZI Data      Debug   Library Name

      5832        566          0         37        100      87639   RTX_CM4.lib
      2220        240        232          0          0       1584   m_wm.l
      2592        108          0          8          0       1024   mc_w.l
      1432          0          0          0          0       1080   mf_w.l

    ----------------------------------------------------------------------
     12100        914        232         48        104      91327   Library Totals

    ----------------------------------------------------------------------

==============================================================================


      Code (inc. data)   RO Data    RW Data    ZI Data      Debug   

     46780       2054        820        152       8088     654740   Grand Totals
     46780       2054        820        152       8088     654740   ELF Image Totals
     46780       2054        820        152          0          0   ROM Totals

==============================================================================

    Total RO  Size (Code + RO Data)                47600 (  46.48kB)
    Total RW  Size (RW Data + ZI Data)              8240 (   8.05kB)
    Total ROM Size (Code + RO Data + RW Data)      47752 (  46.63kB)

==============================================================================

