Component: ARM Compiler 5.05 update 2 (build 169) Tool: armlink [4d0f33]

==============================================================================

Section Cross References

    main.o(.text) refers to stm32f4xx_hal_rcc.o(.text) for HAL_RCC_OscConfig
    main.o(.text) refers to display_segment.o(.text) for selectDigit
    main.o(.text) refers to rt_cmsis.o(i.osDelay) for osDelay
    main.o(.text) refers to memcpya.o(.text) for __aeabi_memcpy4
    main.o(.text) refers to stm32f4xx_hal_tim.o(.text) for HAL_TIM_Base_MspInit
    main.o(.text) refers to stm32f4xx_hal_cortex.o(.text) for HAL_NVIC_EnableIRQ
    main.o(.text) refers to rt_cmsis.o(i.osKernelInitialize) for osKernelInitialize
    main.o(.text) refers to stm32f4xx_hal.o(.text) for HAL_Init
    main.o(.text) refers to printfa.o(i.__0printf) for __2printf
    main.o(.text) refers to thread_led.o(.text) for initialize_LED_IO
    main.o(.text) refers to thread_tempsensor.o(.text) for initialize_Temp_Thread
    main.o(.text) refers to rt_cmsis.o(i.osKernelStart) for osKernelStart
    main.o(.text) refers to rt_time.o(.data) for os_time
    main.o(.text) refers to main.o(.bss) for handle_tim3
    main.o(.text) refers to main.o(.data) for tim3_flag
    thread_led.o(.text) refers to rt_cmsis.o(i.osThreadCreate) for osThreadCreate
    thread_led.o(.text) refers to printfa.o(i.__0printf) for __2printf
    thread_led.o(.text) refers to rt_cmsis.o(i.osDelay) for osDelay
    thread_led.o(.text) refers to stm32f4xx_hal_gpio.o(.text) for HAL_GPIO_TogglePin
    thread_led.o(.text) refers to thread_led.o(.constdata) for os_thread_def_Thread_LED
    thread_led.o(.text) refers to thread_led.o(.data) for tid_Thread_LED
    thread_led.o(.text) refers to thread_led.o(.bss) for LED_configuration
    thread_led.o(.constdata) refers to thread_led.o(.text) for Thread_LED
    thread_tempsensor.o(.text) refers to rt_cmsis.o(i.osThreadCreate) for osThreadCreate
    thread_tempsensor.o(.text) refers to printfa.o(i.__0printf) for __2printf
    thread_tempsensor.o(.text) refers to stm32f4xx_hal_adc.o(.text) for HAL_ADC_PollForConversion
    thread_tempsensor.o(.text) refers to rt_cmsis.o(i.osMutexWait) for osMutexWait
    thread_tempsensor.o(.text) refers to f2d.o(.text) for __aeabi_f2d
    thread_tempsensor.o(.text) refers to rt_cmsis.o(i.osMutexRelease) for osMutexRelease
    thread_tempsensor.o(.text) refers to rt_cmsis.o(i.osMutexCreate) for osMutexCreate
    thread_tempsensor.o(.text) refers to thread_tempsensor.o(.constdata) for os_thread_def_Thread_TempSensor
    thread_tempsensor.o(.text) refers to thread_tempsensor.o(.data) for tid_Thread_TempSensor
    thread_tempsensor.o(.text) refers to thread_tempsensor.o(.bss) for ADC1_Handle
    thread_tempsensor.o(.text) refers to main.o(.data) for temperatureMutex
    thread_tempsensor.o(.constdata) refers to thread_tempsensor.o(.text) for Thread_TempSensor
    accelerometer.o(.text) refers to f2d.o(.text) for __aeabi_f2d
    accelerometer.o(.text) refers to dmul.o(.text) for __aeabi_dmul
    accelerometer.o(.text) refers to dadd.o(.text) for __aeabi_dadd
    accelerometer.o(.text) refers to d2f.o(.text) for __aeabi_d2f
    accelerometer.o(.text) refers to sqrt.o(i.__hardfp_sqrt) for __hardfp_sqrt
    accelerometer.o(.text) refers to ddiv.o(.text) for __aeabi_ddiv
    accelerometer.o(.text) refers to atan.o(i.__hardfp_atan) for __hardfp_atan
    accelerometer.o(.text) refers to acos.o(i.__hardfp_acos) for __hardfp_acos
    accelerometer.o(.text) refers to lis3dsh.o(.text) for LIS3DSH_Init
    accelerometer.o(.text) refers to accelerometer.o(.bss) for accel
    accelerometer.o(.text) refers to stm32f4xx_hal_gpio.o(.text) for HAL_GPIO_Init
    accelerometer.o(.text) refers to stm32f4xx_hal_cortex.o(.text) for HAL_NVIC_EnableIRQ
    display_segment.o(.text) refers to stm32f4xx_hal_gpio.o(.text) for HAL_GPIO_Init
    display_segment.o(.text) refers to f2d.o(.text) for __aeabi_f2d
    display_segment.o(.text) refers to cdrcmple.o(.text) for __aeabi_cdrcmple
    display_segment.o(.text) refers to rt_cmsis.o(i.osDelay) for osDelay
    keypad.o(.text) refers to stm32f4xx_hal_gpio.o(.text) for HAL_GPIO_Init
    keypad.o(.text) refers to rt_cmsis.o(i.osDelay) for osDelay
    keypad.o(.text) refers to printfa.o(i.__0printf) for __2printf
    keypad.o(.text) refers to keypad.o(.bss) for GPIO_row
    keypad.o(.text) refers to keypad.o(.constdata) for col_pinmap
    keypad.o(.text) refers to keypad.o(.data) for key_state
    supporting_functions.o(.text) refers to printfa.o(i.__0printf) for __2printf
    lis3dsh.o(.text) refers to stm32f4xx_hal_gpio.o(.text) for HAL_GPIO_WritePin
    lis3dsh.o(.text) refers to stm32f4xx_hal_spi.o(.text) for HAL_SPI_DeInit
    lis3dsh.o(.text) refers to printfa.o(i.__0printf) for __2printf
    lis3dsh.o(.text) refers to f2d.o(.text) for __aeabi_f2d
    lis3dsh.o(.text) refers to dmul.o(.text) for __aeabi_dmul
    lis3dsh.o(.text) refers to d2f.o(.text) for __aeabi_d2f
[...]
    i.isr_mbx_send                           0x0800813a   Section        0  rt_mailbox.o(i.isr_mbx_send)
    i.osDelay                                0x08008148   Section        0  rt_cmsis.o(i.osDelay)
    i.osKernelInitialize                     0x08008160   Section        0  rt_cmsis.o(i.osKernelInitialize)
    i.osKernelStart                          0x08008184   Section        0  rt_cmsis.o(i.osKernelStart)
    i.osMessageGet                           0x080081f0   Section        0  rt_cmsis.o(i.osMessageGet)
    i.osMutexCreate                          0x08008208   Section        0  rt_cmsis.o(i.osMutexCreate)
    i.osMutexRelease                         0x08008238   Section        0  rt_cmsis.o(i.osMutexRelease)
    i.osMutexWait                            0x08008250   Section        0  rt_cmsis.o(i.osMutexWait)
    i.osThreadCreate                         0x08008268   Section        0  rt_cmsis.o(i.osThreadCreate)
    i.osThreadExit                           0x08008298   Section        0  rt_cmsis.o(i.osThreadExit)
    i.osTimerCall                            0x080082b0   Section        0  rt_cmsis.o(i.osTimerCall)
    i.osTimerThread                          0x080082bc   Section        0  rt_cmsis.o(i.osTimerThread)
    i.os_tick_init                           0x080082e8   Section        0  rt_system.o(i.os_tick_init)
    i.os_tick_irqack                         0x08008310   Section        0  rt_system.o(i.os_tick_irqack)
    i.rt_alloc_box                           0x08008312   Section        0  rt_membox.o(i.rt_alloc_box)
    i.rt_alloc_mem                           0x0800832c   Section        0  rt_memory.o(i.rt_alloc_mem)
    i.rt_block                               0x0800836c   Section        0  rt_task.o(i.rt_block)
    i.rt_chk_robin                           0x080083a4   Section        0  rt_robin.o(i.rt_chk_robin)
    i.rt_dec_dly                             0x080083ec   Section        0  rt_list.o(i.rt_dec_dly)
    i.rt_dispatch                            0x0800845c   Section        0  rt_task.o(i.rt_dispatch)
    i.rt_dly_wait                            0x080084a0   Section        0  rt_time.o(i.rt_dly_wait)
    i.rt_evt_psh                             0x080084a8   Section        0  rt_event.o(i.rt_evt_psh)
    i.rt_free_box                            0x080084f8   Section        0  rt_membox.o(i.rt_free_box)
    i.rt_free_mem                            0x08008524   Section        0  rt_memory.o(i.rt_free_mem)
    i.rt_get_first                           0x0800854c   Section        0  rt_list.o(i.rt_get_first)
    i.rt_id2obj                              0x08008574   Section        0  rt_cmsis.o(i.rt_id2obj)
    rt_id2obj                                0x08008575   Thumb Code     8  rt_cmsis.o(i.rt_id2obj)
    i.rt_init_context                        0x0800857c   Section        0  rt_task.o(i.rt_init_context)
    rt_init_context                          0x0800857d   Thumb Code    66  rt_task.o(i.rt_init_context)
    i.rt_init_mem                            0x080085c4   Section        0  rt_memory.o(i.rt_init_mem)
    i.rt_init_robin                          0x080085e0   Section        0  rt_robin.o(i.rt_init_robin)
    i.rt_init_stack                          0x080085f8   Section        0  hal_cm.o(i.rt_init_stack)
    i.rt_mbx_check                           0x08008678   Section        0  rt_mailbox.o(i.rt_mbx_check)
    i.rt_mbx_init                            0x08008680   Section        0  rt_mailbox.o(i.rt_mbx_init)
    i.rt_mbx_psh                             0x0800869c   Section        0  rt_mailbox.o(i.rt_mbx_psh)
    i.rt_mbx_wait                            0x0800878c   Section        0  rt_mailbox.o(i.rt_mbx_wait)
    i.rt_ms2tick                             0x08008840   Section        0  rt_cmsis.o(i.rt_ms2tick)
    rt_ms2tick                               0x08008841   Thumb Code    58  rt_cmsis.o(i.rt_ms2tick)
    i.rt_mut_init                            0x08008884   Section        0  rt_mutex.o(i.rt_mut_init)
    i.rt_mut_release                         0x08008894   Section        0  rt_mutex.o(i.rt_mut_release)
    i.rt_mut_wait                            0x0800896c   Section        0  rt_mutex.o(i.rt_mut_wait)
    i.rt_pop_req                             0x080089d4   Section        0  rt_system.o(i.rt_pop_req)
    i.rt_psh_req                             0x08008a50   Section        0  rt_system.o(i.rt_psh_req)
    i.rt_psq_enq                             0x08008a70   Section        0  rt_list.o(i.rt_psq_enq)
    i.rt_put_dly                             0x08008acc   Section        0  rt_list.o(i.rt_put_dly)
    i.rt_put_prio                            0x08008b14   Section        0  rt_list.o(i.rt_put_prio)
    i.rt_put_rdy_first                       0x08008b4c   Section        0  rt_list.o(i.rt_put_rdy_first)
    i.rt_resort_prio                         0x08008b60   Section        0  rt_list.o(i.rt_resort_prio)
    i.rt_ret_regs                            0x08008b94   Section        0  hal_cm.o(i.rt_ret_regs)
    rt_ret_regs                              0x08008b95   Thumb Code    16  hal_cm.o(i.rt_ret_regs)
    i.rt_ret_val                             0x08008ba4   Section        0  hal_cm.o(i.rt_ret_val)
    i.rt_ret_val2                            0x08008bb0   Section        0  hal_cm.o(i.rt_ret_val2)
    i.rt_rmv_dly                             0x08008bc0   Section        0  rt_list.o(i.rt_rmv_dly)
    i.rt_rmv_list                            0x08008be8   Section        0  rt_list.o(i.rt_rmv_list)
    i.rt_sem_psh                             0x08008c18   Section        0  rt_semaphore.o(i.rt_sem_psh)
    i.rt_stk_check                           0x08008c4c   Section        0  rt_system.o(i.rt_stk_check)
    i.rt_switch_req                          0x08008c70   Section        0  rt_task.o(i.rt_switch_req)
    i.rt_sys_init                            0x08008c98   Section        0  rt_task.o(i.rt_sys_init)
    i.rt_sys_start                           0x08008d64   Section        0  rt_task.o(i.rt_sys_start)
    i.rt_systick                             0x08008ddc   Section        0  rt_system.o(i.rt_systick)
    i.rt_tid2ptcb                            0x08008e1c   Section        0  rt_cmsis.o(i.rt_tid2ptcb)
    rt_tid2ptcb                              0x08008e1d   Thumb Code    18  rt_cmsis.o(i.rt_tid2ptcb)
    i.rt_timer_insert                        0x08008e30   Section        0  rt_cmsis.o(i.rt_timer_insert)
    rt_timer_insert                          0x08008e31   Thumb Code    48  rt_cmsis.o(i.rt_timer_insert)
    i.rt_tsk_create                          0x08008e64   Section        0  rt_task.o(i.rt_tsk_create)
    i.rt_tsk_delete                          0x08008eec   Section        0  rt_task.o(i.rt_tsk_delete)
    i.rt_tsk_prio                            0x08009068   Section        0  rt_task.o(i.rt_tsk_prio)
    i.rt_tsk_self                            0x080090e4   Section        0  rt_task.o(i.rt_tsk_self)
    i.svcDelay                               0x080090f4   Section        0  rt_cmsis.o(i.svcDelay)
    i.svcKernelInitialize                    0x08009108   Section        0  rt_cmsis.o(i.svcKernelInitialize)
    i.svcKernelStart                         0x08009178   Section        0  rt_cmsis.o(i.svcKernelStart)
    i.svcMessageCreate                       0x080091c0   Section        0  rt_cmsis.o(i.svcMessageCreate)
    i.svcMessageGet                          0x080091e4   Section        0  rt_cmsis.o(i.svcMessageGet)
    i.svcMutexCreate                         0x0800921e   Section        0  rt_cmsis.o(i.svcMutexCreate)
    i.svcMutexRelease                        0x0800923a   Section        0  rt_cmsis.o(i.svcMutexRelease)
    i.svcMutexWait                           0x0800925c   Section        0  rt_cmsis.o(i.svcMutexWait)
    i.svcThreadCreate                        0x08009294   Section        0  rt_cmsis.o(i.svcThreadCreate)
    i.svcThreadGetId                         0x08009304   Section        0  rt_cmsis.o(i.svcThreadGetId)
    i.svcThreadTerminate                     0x08009320   Section        0  rt_cmsis.o(i.svcThreadTerminate)
    i.svcTimerCall                           0x08009358   Section        0  rt_cmsis.o(i.svcTimerCall)
    i.sysTimerTick                           0x08009370   Section        0  rt_cmsis.o(i.sysTimerTick)
    .constdata                               0x080093cc   Section       16  thread_led.o(.constdata)
    .constdata                               0x080093dc   Section       16  thread_tempsensor.o(.constdata)
    .constdata                               0x080093ec   Section       86  rtx_conf_cm.o(.constdata)
    __tagsym$$used                           0x08009408   Number         0  rtx_conf_cm.o(.constdata)
    __tagsym$$used                           0x0800940c   Number         0  rtx_conf_cm.o(.constdata)
    __tagsym$$used                           0x08009410   Number         0  rtx_conf_cm.o(.constdata)
    __tagsym$$used                           0x08009414   Number         0  rtx_conf_cm.o(.constdata)
    .constdata                               0x08009442   Section        8  stm32f4xx_hal_dma.o(.constdata)
    flagBitshiftOffset                       0x08009442   Data           8  stm32f4xx_hal_dma.o(.constdata)
    .constdata                               0x0800944a   Section       16  stm32f4xx_hal_rcc.o(.constdata)
    .constdata                               0x0800945a   Section       16  system_stm32f4xx.o(.constdata)
    .data                                    0x20000000   Section       12  main.o(.data)
    .data                                    0x2000000c   Section        4  thread_led.o(.data)
    .data                                    0x20000010   Section       12  thread_tempsensor.o(.data)
    .data                                    0x2000001c   Section       32  rtx_conf_cm.o(.data)
    .data                                    0x2000003c   Section        4  stm32f4xx_hal.o(.data)
    uwTick                                   0x2000003c   Data           4  stm32f4xx_hal.o(.data)
    .data                                    0x20000040   Section        4  system_stm32f4xx.o(.data)
    .data                                    0x20000044   Section        8  rt_cmsis.o(.data)
    .data                                    0x2000004c   Section        4  rt_time.o(.data)
    .data                                    0x20000050   Section        8  rt_task.o(.data)
    .data                                    0x20000058   Section        8  rt_system.o(.data)
    os_lock                                  0x20000058   Data           1  rt_system.o(.data)
    os_psh_flag                              0x20000059   Data           1  rt_system.o(.data)
    pend_flags                               0x2000005a   Data           1  rt_system.o(.data)
    .data                                    0x20000060   Section        1  hal_cm.o(.data)
    .data                                    0x20000064   Section        8  rt_robin.o(.data)
    .data                                    0x2000006c   Section        4  stdout.o(.data)
    .bss                                     0x20000070   Section       60  main.o(.bss)
    .bss                                     0x200000ac   Section       20  thread_led.o(.bss)
    .bss                                     0x200000c0   Section       88  thread_tempsensor.o(.bss)
    .bss                                     0x20000118   Section     6640  rtx_conf_cm.o(.bss)
    .bss                                     0x20001b08   Section       52  rt_task.o(.bss)
    .bss                                     0x20001b3c   Section       48  rt_list.o(.bss)
    STACK                                    0x20001b70   Section     1024  startup_stm32f407xx.o(STACK)

    Global Symbols

    Symbol Name                              Value     Ov Type        Size  Object(Section)

    BuildAttributes$$THM_ISAv4$E$P$D$K$B$S$7EM$VFPi3$EXTD16$VFPS$VFMA$PE$A:L22UL41UL21$X:L11$S22US41US21$IEEE1$IW$USESV6$~STKCKD$USESV7$~SHL$OTIME$ROPI$IEEEX$EBA8$MICROLIB$REQ8$PRES8$EABIv2 0x00000000   Number         0  anon$$obj.o ABSOLUTE
    __ARM_use_no_argv                        0x00000000   Number         0  main.o ABSOLUTE
    _printf_a                                0x00000000   Number         0  stubs.o ABSOLUTE
    _printf_c                                0x00000000   Number         0  stubs.o ABSOLUTE
    _printf_charcount                        0x00000000   Number         0  stubs.o ABSOLUTE
    _printf_d                                0x00000000   Number         0  stubs.o ABSOLUTE
    _printf_e                                0x00000000   Number         0  stubs.o ABSOLUTE
    _printf_f                                0x00000000   Number         0  stubs.o ABSOLUTE
    _printf_flags                            0x00000000   Number         0  stubs.o ABSOLUTE
    _printf_fp_dec                           0x00000000   Number         0  stubs.o ABSOLUTE
    _printf_fp_hex                           0x00000000   Number         0  stubs.o ABSOLUTE
    _printf_g                                0x00000000   Number         0  stubs.o ABSOLUTE
    _printf_i                                0x00000000   Number         0  stubs.o ABSOLUTE
    _printf_int_dec                          0x00000000   Number         0  stubs.o ABSOLUTE
    _printf_l                                0x00000000   Number         0  stubs.o ABSOLUTE
    _printf_lc                               0x00000000   Number         0  stubs.o ABSOLUTE
    _printf_ll                               0x00000000   Number         0  stubs.o ABSOLUTE
    _printf_lld                              0x00000000   Number         0  stubs.o ABSOLUTE
    _printf_lli                              0x00000000   Number         0  stubs.o ABSOLUTE
    _printf_llo                              0x00000000   Number         0  stubs.o ABSOLUTE
    _printf_llu                              0x00000000   Number         0  stubs.o ABSOLUTE
    _printf_llx                              0x00000000   Number         0  stubs.o ABSOLUTE
    _printf_longlong_dec                     0x00000000   Number         0  stubs.o ABSOLUTE
    _printf_longlong_hex                     0x00000000   Number         0  stubs.o ABSOLUTE
    _printf_longlong_oct                     0x00000000   Number         0  stubs.o ABSOLUTE
    _printf_ls                               0x00000000   Number         0  stubs.o ABSOLUTE
    _printf_mbtowc                           0x00000000   Number         0  stubs.o ABSOLUTE
    _printf_n                                0x00000000   Number         0  stubs.o ABSOLUTE
    _printf_o                                0x00000000   Number         0  stubs.o ABSOLUTE
    _printf_p                                0x00000000   Number         0  stubs.o ABSOLUTE
    _printf_percent                          0x00000000   Number         0  stubs.o ABSOLUTE
    _printf_pre_padding                      0x00000000   Number         0  stubs.o ABSOLUTE
    _printf_return_value                     0x00000000   Number         0  stubs.o ABSOLUTE
    _printf_s                                0x00000000   Number         0  stubs.o ABSOLUTE
    _printf_sizespec                         0x00000000   Number         0  stubs.o ABSOLUTE
    _printf_str                              0x00000000   Number         0  stubs.o ABSOLUTE
    _printf_truncate_signed                  0x00000000   Number         0  stubs.o ABSOLUTE
    _printf_truncate_unsigned                0x00000000   Number         0  stubs.o ABSOLUTE
    _printf_u                                0x00000000   Number         0  stubs.o ABSOLUTE
    _printf_wc                               0x00000000   Number         0  stubs.o ABSOLUTE
    _printf_wctomb                           0x00000000   Number         0  stubs.o ABSOLUTE
    _printf_widthprec                        0x00000000   Number         0  stubs.o ABSOLUTE
    _printf_x                                0x00000000   Number         0  stubs.o ABSOLUTE
    __cpp_initialize__aeabi_                  - Undefined Weak Reference
    __cxa_finalize                            - Undefined Weak Reference
    __decompress                              - Undefined Weak Reference
    _clock_init                               - Undefined Weak Reference
    _microlib_exit                            - Undefined Weak Reference
    __Vectors_Size                           0x00000188   Number         0  startup_stm32f407xx.o ABSOLUTE
    __RL_RTX_VER                             0x00000480   Number         0  rt_system.o ABSOLUTE
    __Vectors                                0x08000000   Data           4  startup_stm32f407xx.o(RESET)
    __Vectors_End                            0x08000188   Data           0  startup_stm32f407xx.o(RESET)
    __main                                   0x08000189   Thumb Code     0  entry.o(.ARM.Collect$$$$00000000)
    _main_stk                                0x08000189   Thumb Code     0  entry2.o(.ARM.Collect$$$$00000001)
    _main_scatterload                        0x0800018d   Thumb Code     0  entry5.o(.ARM.Collect$$$$00000004)
    __main_after_scatterload                 0x08000191   Thumb Code     0  entry5.o(.ARM.Collect$$$$00000004)
    __rt_final_cpp                           0x08000191   Thumb Code     0  entry10a.o(.ARM.Collect$$$$0000000D)
    __rt_final_exit                          0x08000191   Thumb Code     0  entry11a.o(.ARM.Collect$$$$0000000F)
    _main_clock                              0x08000191   Thumb Code     0  entry7b.o(.ARM.Collect$$$$00000008)
    _main_cpp_init                           0x08000191   Thumb Code     0  entry8b.o(.ARM.Collect$$$$0000000A)
    _main_init                               0x08000191   Thumb Code    18  rtx_conf_cm.o(.ARM.Collect$$$$000000FF)
    rt_set_PSP                               0x080001ad   Thumb Code     6  hal_cm4.o(.emb_text)
    rt_get_PSP                               0x080001b3   Thumb Code     6  hal_cm4.o(.emb_text)
    os_set_env                               0x080001b9   Thumb Code    24  hal_cm4.o(.emb_text)
    _alloc_box                               0x080001d5   Thumb Code    28  hal_cm4.o(.emb_text)
    _free_box                                0x080001f5   Thumb Code    28  hal_cm4.o(.emb_text)
    SVC_Handler                              0x08000215   Thumb Code   168  hal_cm4.o(.emb_text)
    PendSV_Handler                           0x080002cd   Thumb Code    96  hal_cm4.o(.emb_text)
    SysTick_Handler                          0x08000331   Thumb Code     8  hal_cm4.o(.emb_text)
    OS_Tick_Handler                          0x08000339   Thumb Code    12  hal_cm4.o(.emb_text)
    HAL_GetTick                              0x08000345   Thumb Code     6  main.o(.text)
    SystemClock_Config                       0x0800034b   Thumb Code   142  main.o(.text)
    display                                  0x080003d9   Thumb Code    70  main.o(.text)
    init_TIM3                                0x0800041f   Thumb Code   124  main.o(.text)
    TIM3_IRQHandler                          0x0800049b   Thumb Code    32  main.o(.text)
    main                                     0x080004bb   Thumb Code    48  main.o(.text)
    start_Thread_LED                         0x0800051d   Thumb Code    36  thread_led.o(.text)
    Thread_LED                               0x08000541   Thumb Code    22  thread_led.o(.text)
    initialize_LED_IO                        0x08000557   Thumb Code    62  thread_led.o(.text)
    start_Thread_TempSensor                  0x080005c5   Thumb Code    36  thread_tempsensor.o(.text)
    updateTemp                               0x080005e9   Thumb Code   110  thread_tempsensor.o(.text)
    Delay                                    0x08000657   Thumb Code    16  thread_tempsensor.o(.text)
    Thread_TempSensor                        0x08000667   Thumb Code    14  thread_tempsensor.o(.text)
    initialize_Temp_Thread                   0x08000675   Thumb Code   180  thread_tempsensor.o(.text)
    init_display                             0x080007ad   Thumb Code   116  display_segment.o(.text)
    selectDigit                              0x08000821   Thumb Code   194  display_segment.o(.text)
    lightNum                                 0x080008e3   Thumb Code   886  display_segment.o(.text)
    reset                                    0x08000c59   Thumb Code   132  display_segment.o(.text)
    draw_temperature                         0x08000cdd   Thumb Code   462  display_segment.o(.text)
    draw_angle                               0x08000eab   Thumb Code   490  display_segment.o(.text)
    fputc                                    0x0800109d   Thumb Code    52  fput_debug.o(.text)
    os_idle_demon                            0x080010d5   Thumb Code     4  rtx_conf_cm.o(.text)
    os_error                                 0x080010d9   Thumb Code    34  rtx_conf_cm.o(.text)
    HAL_MspInit                              0x080010fd   Thumb Code    10  stm32f4xx_hal.o(.text)
    HAL_InitTick                             0x08001107   Thumb Code    36  stm32f4xx_hal.o(.text)
    HAL_Init                                 0x0800112b   Thumb Code    54  stm32f4xx_hal.o(.text)
    HAL_MspDeInit                            0x08001161   Thumb Code    10  stm32f4xx_hal.o(.text)
    HAL_DeInit                               0x0800116b   Thumb Code    64  stm32f4xx_hal.o(.text)
    HAL_IncTick                              0x080011ab   Thumb Code    12  stm32f4xx_hal.o(.text)
    HAL_Delay                                0x080011bd   Thumb Code    26  stm32f4xx_hal.o(.text)
    HAL_SuspendTick                          0x080011d7   Thumb Code    18  stm32f4xx_hal.o(.text)
    HAL_ResumeTick                           0x080011e9   Thumb Code    18  stm32f4xx_hal.o(.text)
    HAL_GetHalVersion                        0x080011fb   Thumb Code     4  stm32f4xx_hal.o(.text)
    HAL_GetREVID                             0x080011ff   Thumb Code     8  stm32f4xx_hal.o(.text)
    HAL_GetDEVID                             0x08001207   Thumb Code    10  stm32f4xx_hal.o(.text)
    HAL_DBGMCU_EnableDBGSleepMode            0x08001211   Thumb Code    14  stm32f4xx_hal.o(.text)
    HAL_DBGMCU_DisableDBGSleepMode           0x0800121f   Thumb Code    14  stm32f4xx_hal.o(.text)
    HAL_DBGMCU_EnableDBGStopMode             0x0800122d   Thumb Code    14  stm32f4xx_hal.o(.text)
    HAL_DBGMCU_DisableDBGStopMode            0x0800123b   Thumb Code    14  stm32f4xx_hal.o(.text)
    HAL_DBGMCU_EnableDBGStandbyMode          0x08001249   Thumb Code    14  stm32f4xx_hal.o(.text)
    HAL_DBGMCU_DisableDBGStandbyMode         0x08001257   Thumb Code    14  stm32f4xx_hal.o(.text)
    HAL_EnableCompensationCell               0x08001265   Thumb Code    22  stm32f4xx_hal.o(.text)
    HAL_DisableCompensationCell              0x0800127b   Thumb Code    24  stm32f4xx_hal.o(.text)
    HAL_ADC_MspInit                          0x08001417   Thumb Code     2  stm32f4xx_hal_adc.o(.text)
    HAL_ADC_Init                             0x08001419   Thumb Code    74  stm32f4xx_hal_adc.o(.text)
    HAL_ADC_MspDeInit                        0x08001463   Thumb Code     2  stm32f4xx_hal_adc.o(.text)
    HAL_ADC_DeInit                           0x08001465   Thumb Code    34  stm32f4xx_hal_adc.o(.text)
    HAL_ADC_Start                            0x08001487   Thumb Code   182  stm32f4xx_hal_adc.o(.text)
    HAL_ADC_Stop                             0x0800153d   Thumb Code    24  stm32f4xx_hal_adc.o(.text)
    HAL_ADC_PollForConversion                0x08001555   Thumb Code   130  stm32f4xx_hal_adc.o(.text)
    HAL_ADC_PollForEvent                     0x080015d7   Thumb Code   104  stm32f4xx_hal_adc.o(.text)
    HAL_ADC_Start_IT                         0x0800163f   Thumb Code   232  stm32f4xx_hal_adc.o(.text)
    HAL_ADC_Stop_IT                          0x08001727   Thumb Code    48  stm32f4xx_hal_adc.o(.text)
    HAL_ADC_ErrorCallback                    0x08001757   Thumb Code     2  stm32f4xx_hal_adc.o(.text)
    HAL_ADC_LevelOutOfWindowCallback         0x08001759   Thumb Code     2  stm32f4xx_hal_adc.o(.text)
    HAL_ADC_ConvCpltCallback                 0x0800175b   Thumb Code     2  stm32f4xx_hal_adc.o(.text)
    HAL_ADC_IRQHandler                       0x0800175d   Thumb Code   348  stm32f4xx_hal_adc.o(.text)
    HAL_ADC_ConvHalfCpltCallback             0x080018d5   Thumb Code     2  stm32f4xx_hal_adc.o(.text)
    HAL_ADC_Start_DMA                        0x08001909   Thumb Code   186  stm32f4xx_hal_adc.o(.text)
    HAL_ADC_Stop_DMA                         0x080019c3   Thumb Code    56  stm32f4xx_hal_adc.o(.text)
    HAL_ADC_GetValue                         0x080019fb   Thumb Code     8  stm32f4xx_hal_adc.o(.text)
    HAL_ADC_ConfigChannel                    0x08001a03   Thumb Code   416  stm32f4xx_hal_adc.o(.text)
    HAL_ADC_AnalogWDGConfig                  0x08001ba3   Thumb Code   132  stm32f4xx_hal_adc.o(.text)
    HAL_ADC_GetState                         0x08001c27   Thumb Code     8  stm32f4xx_hal_adc.o(.text)
    HAL_ADC_GetError                         0x08001c2f   Thumb Code     6  stm32f4xx_hal_adc.o(.text)
    HAL_ADCEx_InjectedStart                  0x08001c49   Thumb Code   230  stm32f4xx_hal_adc_ex.o(.text)
    HAL_ADCEx_InjectedStart_IT               0x08001d2f   Thumb Code   258  stm32f4xx_hal_adc_ex.o(.text)
    HAL_ADCEx_InjectedStop                   0x08001e31   Thumb Code    24  stm32f4xx_hal_adc_ex.o(.text)
    HAL_ADCEx_InjectedPollForConversion      0x08001e49   Thumb Code    90  stm32f4xx_hal_adc_ex.o(.text)
    HAL_ADCEx_InjectedStop_IT                0x08001ea3   Thumb Code    48  stm32f4xx_hal_adc_ex.o(.text)
    HAL_ADCEx_InjectedGetValue               0x08001ed3   Thumb Code    70  stm32f4xx_hal_adc_ex.o(.text)
    HAL_ADCEx_MultiModeStart_DMA             0x08001f67   Thumb Code   206  stm32f4xx_hal_adc_ex.o(.text)
    HAL_ADCEx_MultiModeStop_DMA              0x08002035   Thumb Code   116  stm32f4xx_hal_adc_ex.o(.text)
    HAL_ADCEx_MultiModeGetValue              0x080020a9   Thumb Code     8  stm32f4xx_hal_adc_ex.o(.text)
    HAL_ADCEx_InjectedConvCpltCallback       0x080020b1   Thumb Code     2  stm32f4xx_hal_adc_ex.o(.text)
    HAL_ADCEx_InjectedConfigChannel          0x080020b3   Thumb Code   552  stm32f4xx_hal_adc_ex.o(.text)
    HAL_ADCEx_MultiModeConfigChannel         0x080022db   Thumb Code   130  stm32f4xx_hal_adc_ex.o(.text)
    HAL_NVIC_SetPriorityGrouping             0x08002389   Thumb Code    36  stm32f4xx_hal_cortex.o(.text)
    HAL_NVIC_SetPriority                     0x080023ad   Thumb Code   124  stm32f4xx_hal_cortex.o(.text)
    HAL_NVIC_EnableIRQ                       0x08002429   Thumb Code    26  stm32f4xx_hal_cortex.o(.text)
    HAL_NVIC_DisableIRQ                      0x08002443   Thumb Code    22  stm32f4xx_hal_cortex.o(.text)
    HAL_NVIC_SystemReset                     0x08002459   Thumb Code    64  stm32f4xx_hal_cortex.o(.text)
    HAL_SYSTICK_Config                       0x08002499   Thumb Code    52  stm32f4xx_hal_cortex.o(.text)
    HAL_MPU_ConfigRegion                     0x080024cd   Thumb Code    90  stm32f4xx_hal_cortex.o(.text)
    HAL_NVIC_GetPriorityGrouping             0x08002527   Thumb Code     8  stm32f4xx_hal_cortex.o(.text)
    HAL_NVIC_GetPriority                     0x0800252f   Thumb Code   138  stm32f4xx_hal_cortex.o(.text)
    HAL_NVIC_SetPendingIRQ                   0x080025b9   Thumb Code    24  stm32f4xx_hal_cortex.o(.text)
    HAL_NVIC_GetPendingIRQ                   0x080025d1   Thumb Code    38  stm32f4xx_hal_cortex.o(.text)
    HAL_NVIC_ClearPendingIRQ                 0x080025f7   Thumb Code    22  stm32f4xx_hal_cortex.o(.text)
    HAL_NVIC_GetActive                       0x0800260d   Thumb Code    38  stm32f4xx_hal_cortex.o(.text)
    HAL_SYSTICK_CLKSourceConfig              0x08002633   Thumb Code    40  stm32f4xx_hal_cortex.o(.text)
    HAL_SYSTICK_Callback                     0x0800265b   Thumb Code    10  stm32f4xx_hal_cortex.o(.text)
    HAL_SYSTICK_IRQHandler                   0x08002665   Thumb Code     8  stm32f4xx_hal_cortex.o(.text)
    HAL_DMA_Init                             0x080026bb   Thumb Code   128  stm32f4xx_hal_dma.o(.text)
    HAL_DMA_DeInit                           0x0800273b   Thumb Code   100  stm32f4xx_hal_dma.o(.text)
    HAL_DMA_Start                            0x080027cb   Thumb Code    82  stm32f4xx_hal_dma.o(.text)
    HAL_DMA_Start_IT                         0x0800281d   Thumb Code   106  stm32f4xx_hal_dma.o(.text)
    HAL_DMA_Abort                            0x08002887   Thumb Code    94  stm32f4xx_hal_dma.o(.text)
    HAL_DMA_PollForTransfer                  0x080028e5   Thumb Code   412  stm32f4xx_hal_dma.o(.text)
    HAL_DMA_IRQHandler                       0x08002a81   Thumb Code   530  stm32f4xx_hal_dma.o(.text)
    HAL_DMA_GetState                         0x08002c93   Thumb Code     8  stm32f4xx_hal_dma.o(.text)
    HAL_DMA_GetError                         0x08002c9b   Thumb Code     6  stm32f4xx_hal_dma.o(.text)
    HAL_GPIO_Init                            0x08002ca5   Thumb Code   476  stm32f4xx_hal_gpio.o(.text)
    HAL_GPIO_DeInit                          0x08002e81   Thumb Code   326  stm32f4xx_hal_gpio.o(.text)
    HAL_GPIO_ReadPin                         0x08002fc7   Thumb Code    16  stm32f4xx_hal_gpio.o(.text)
    HAL_GPIO_WritePin                        0x08002fd7   Thumb Code    12  stm32f4xx_hal_gpio.o(.text)
    HAL_GPIO_TogglePin                       0x08002fe3   Thumb Code     8  stm32f4xx_hal_gpio.o(.text)
    HAL_GPIO_LockPin                         0x08002feb   Thumb Code    46  stm32f4xx_hal_gpio.o(.text)
    HAL_GPIO_EXTI_Callback                   0x08003019   Thumb Code    10  stm32f4xx_hal_gpio.o(.text)
    HAL_GPIO_EXTI_IRQHandler                 0x08003023   Thumb Code    28  stm32f4xx_hal_gpio.o(.text)
    HAL_RCC_OscConfig                        0x08003073   Thumb Code  1032  stm32f4xx_hal_rcc.o(.text)
    HAL_RCC_ClockConfig                      0x0800347b   Thumb Code   680  stm32f4xx_hal_rcc.o(.text)
    HAL_RCC_MCOConfig                        0x08003723   Thumb Code   178  stm32f4xx_hal_rcc.o(.text)
    HAL_RCC_EnableCSS                        0x080037d5   Thumb Code     8  stm32f4xx_hal_rcc.o(.text)
    HAL_RCC_DisableCSS                       0x080037dd   Thumb Code     8  stm32f4xx_hal_rcc.o(.text)
    HAL_RCC_GetSysClockFreq                  0x080037e5   Thumb Code   198  stm32f4xx_hal_rcc.o(.text)
    HAL_RCC_GetHCLKFreq                      0x080038ab   Thumb Code    42  stm32f4xx_hal_rcc.o(.text)
    HAL_RCC_GetPCLK1Freq                     0x080038d5   Thumb Code    36  stm32f4xx_hal_rcc.o(.text)
    HAL_RCC_GetPCLK2Freq                     0x080038f9   Thumb Code    36  stm32f4xx_hal_rcc.o(.text)
    HAL_RCC_GetOscConfig                     0x0800391d   Thumb Code   296  stm32f4xx_hal_rcc.o(.text)
    HAL_RCC_GetClockConfig                   0x08003a45   Thumb Code    58  stm32f4xx_hal_rcc.o(.text)
    HAL_RCC_CSSCallback                      0x08003a7f   Thumb Code    10  stm32f4xx_hal_rcc.o(.text)
    HAL_RCC_NMI_IRQHandler                   0x08003a89   Thumb Code    30  stm32f4xx_hal_rcc.o(.text)
    TIM_Base_SetConfig                       0x08003abd   Thumb Code   184  stm32f4xx_hal_tim.o(.text)
    HAL_TIM_Base_MspInit                     0x08003b75   Thumb Code     2  stm32f4xx_hal_tim.o(.text)
    HAL_TIM_Base_Init                        0x08003b77   Thumb Code    52  stm32f4xx_hal_tim.o(.text)
    HAL_TIM_Base_MspDeInit                   0x08003bab   Thumb Code     2  stm32f4xx_hal_tim.o(.text)
    HAL_TIM_Base_DeInit                      0x08003bad   Thumb Code    70  stm32f4xx_hal_tim.o(.text)
    HAL_TIM_Base_Start                       0x08003bf3   Thumb Code    30  stm32f4xx_hal_tim.o(.text)
    HAL_TIM_Base_Stop                        0x08003c11   Thumb Code    56  stm32f4xx_hal_tim.o(.text)
    HAL_TIM_Base_Start_IT                    0x08003c49   Thumb Code    30  stm32f4xx_hal_tim.o(.text)
    HAL_TIM_Base_Stop_IT                     0x08003c67   Thumb Code    56  stm32f4xx_hal_tim.o(.text)
    HAL_TIM_ErrorCallback                    0x08003c9f   Thumb Code     2  stm32f4xx_hal_tim.o(.text)
    TIM_DMAError                             0x08003ca1   Thumb Code    20  stm32f4xx_hal_tim.o(.text)
    HAL_TIM_PeriodElapsedCallback            0x08003cb5   Thumb Code     2  stm32f4xx_hal_tim.o(.text)
    HAL_TIM_Base_Start_DMA                   0x08003ccb   Thumb Code    98  stm32f4xx_hal_tim.o(.text)
    HAL_TIM_Base_Stop_DMA                    0x08003d2d   Thumb Code    62  stm32f4xx_hal_tim.o(.text)
    HAL_TIM_OC_MspInit                       0x08003d6b   Thumb Code     2  stm32f4xx_hal_tim.o(.text)
    HAL_TIM_OC_Init                          0x08003d6d   Thumb Code    52  stm32f4xx_hal_tim.o(.text)
    HAL_TIM_OC_MspDeInit                     0x08003da1   Thumb Code     2  stm32f4xx_hal_tim.o(.text)
    HAL_TIM_OC_DeInit                        0x08003da3   Thumb Code    70  stm32f4xx_hal_tim.o(.text)
    TIM_CCxChannelCmd                        0x08003de9   Thumb Code    28  stm32f4xx_hal_tim.o(.text)
    HAL_TIM_OC_Start                         0x08003e05   Thumb Code    68  stm32f4xx_hal_tim.o(.text)
    HAL_TIM_OC_Stop                          0x08003e49   Thumb Code   170  stm32f4xx_hal_tim.o(.text)
    HAL_TIM_OC_Start_IT                      0x08003ef3   Thumb Code   144  stm32f4xx_hal_tim.o(.text)
    HAL_TIM_OC_Stop_IT                       0x08003f83   Thumb Code   196  stm32f4xx_hal_tim.o(.text)
    HAL_TIM_PWM_PulseFinishedCallback        0x08004047   Thumb Code     2  stm32f4xx_hal_tim.o(.text)
    TIM_DMADelayPulseCplt                    0x08004049   Thumb Code    70  stm32f4xx_hal_tim.o(.text)
    HAL_TIM_OC_Start_DMA                     0x0800408f   Thumb Code   312  stm32f4xx_hal_tim.o(.text)
    HAL_TIM_OC_Stop_DMA                      0x080041c7   Thumb Code   202  stm32f4xx_hal_tim.o(.text)
    HAL_TIM_PWM_MspInit                      0x08004291   Thumb Code     2  stm32f4xx_hal_tim.o(.text)
    HAL_TIM_PWM_Init                         0x08004293   Thumb Code    52  stm32f4xx_hal_tim.o(.text)
    HAL_TIM_PWM_MspDeInit                    0x080042c7   Thumb Code     2  stm32f4xx_hal_tim.o(.text)
    HAL_TIM_PWM_DeInit                       0x080042c9   Thumb Code    70  stm32f4xx_hal_tim.o(.text)
    HAL_TIM_PWM_Start                        0x0800430f   Thumb Code    78  stm32f4xx_hal_tim.o(.text)
    HAL_TIM_PWM_Stop                         0x0800435d   Thumb Code   126  stm32f4xx_hal_tim.o(.text)
    HAL_TIM_PWM_Start_IT                     0x080043db   Thumb Code   144  stm32f4xx_hal_tim.o(.text)
    HAL_TIM_PWM_Stop_IT                      0x0800446b   Thumb Code   196  stm32f4xx_hal_tim.o(.text)
    HAL_TIM_PWM_Start_DMA                    0x0800452f   Thumb Code   312  stm32f4xx_hal_tim.o(.text)
    HAL_TIM_PWM_Stop_DMA                     0x08004667   Thumb Code   202  stm32f4xx_hal_tim.o(.text)
    HAL_TIM_IC_MspInit                       0x08004731   Thumb Code     2  stm32f4xx_hal_tim.o(.text)
    HAL_TIM_IC_Init                          0x08004733   Thumb Code    62  stm32f4xx_hal_tim.o(.text)
    HAL_TIM_IC_MspDeInit                     0x08004771   Thumb Code     2  stm32f4xx_hal_tim.o(.text)
    HAL_TIM_IC_DeInit                        0x08004773   Thumb Code    70  stm32f4xx_hal_tim.o(.text)
    HAL_TIM_IC_Start                         0x080047b9   Thumb Code    32  stm32f4xx_hal_tim.o(.text)
    HAL_TIM_IC_Stop                          0x080047d9   Thumb Code    58  stm32f4xx_hal_tim.o(.text)
    HAL_TIM_IC_Start_IT                      0x08004813   Thumb Code   108  stm32f4xx_hal_tim.o(.text)
    HAL_TIM_IC_Stop_IT                       0x0800487f   Thumb Code   134  stm32f4xx_hal_tim.o(.text)
    HAL_TIM_IC_CaptureCallback               0x08004905   Thumb Code     2  stm32f4xx_hal_tim.o(.text)
    TIM_DMACaptureCplt                       0x08004907   Thumb Code    70  stm32f4xx_hal_tim.o(.text)
    HAL_TIM_IC_Start_DMA                     0x0800494d   Thumb Code   276  stm32f4xx_hal_tim.o(.text)
    HAL_TIM_IC_Stop_DMA                      0x08004a61   Thumb Code   140  stm32f4xx_hal_tim.o(.text)
    HAL_TIM_OnePulse_MspInit                 0x08004aed   Thumb Code     2  stm32f4xx_hal_tim.o(.text)
    HAL_TIM_OnePulse_Init                    0x08004aef   Thumb Code    76  stm32f4xx_hal_tim.o(.text)
    HAL_TIM_OnePulse_MspDeInit               0x08004b3b   Thumb Code     2  stm32f4xx_hal_tim.o(.text)
    HAL_TIM_OnePulse_DeInit                  0x08004b3d   Thumb Code    70  stm32f4xx_hal_tim.o(.text)
    HAL_TIM_OnePulse_Start                   0x08004b83   Thumb Code    66  stm32f4xx_hal_tim.o(.text)
    HAL_TIM_OnePulse_Stop                    0x08004bc5   Thumb Code   130  stm32f4xx_hal_tim.o(.text)
    HAL_TIM_OnePulse_Start_IT                0x08004c47   Thumb Code    90  stm32f4xx_hal_tim.o(.text)
    HAL_TIM_OnePulse_Stop_IT                 0x08004ca1   Thumb Code   154  stm32f4xx_hal_tim.o(.text)
    HAL_TIM_Encoder_MspInit                  0x08004d3b   Thumb Code     2  stm32f4xx_hal_tim.o(.text)
    HAL_TIM_Encoder_Init                     0x08004d3d   Thumb Code   180  stm32f4xx_hal_tim.o(.text)
    HAL_TIM_Encoder_MspDeInit                0x08004df1   Thumb Code     2  stm32f4xx_hal_tim.o(.text)
    HAL_TIM_Encoder_DeInit                   0x08004df3   Thumb Code    70  stm32f4xx_hal_tim.o(.text)
    HAL_TIM_Encoder_Start                    0x08004e39   Thumb Code    78  stm32f4xx_hal_tim.o(.text)
    HAL_TIM_Encoder_Stop                     0x08004e87   Thumb Code   104  stm32f4xx_hal_tim.o(.text)
    HAL_TIM_Encoder_Start_IT                 0x08004eef   Thumb Code   126  stm32f4xx_hal_tim.o(.text)
    HAL_TIM_Encoder_Stop_IT                  0x08004f6d   Thumb Code   160  stm32f4xx_hal_tim.o(.text)
    HAL_TIM_Encoder_Start_DMA                0x0800500d   Thumb Code   328  stm32f4xx_hal_tim.o(.text)
    HAL_TIM_Encoder_Stop_DMA                 0x08005155   Thumb Code   152  stm32f4xx_hal_tim.o(.text)
    HAL_TIM_TriggerCallback                  0x080051ed   Thumb Code     2  stm32f4xx_hal_tim.o(.text)
    HAL_TIM_OC_DelayElapsedCallback          0x080051ef   Thumb Code     2  stm32f4xx_hal_tim.o(.text)
    HAL_TIM_IRQHandler                       0x080051f1   Thumb Code   406  stm32f4xx_hal_tim.o(.text)
    TIM_OC2_SetConfig                        0x08005459   Thumb Code   112  stm32f4xx_hal_tim.o(.text)
    HAL_TIM_OC_ConfigChannel                 0x0800552f   Thumb Code   116  stm32f4xx_hal_tim.o(.text)
    TIM_TI1_SetConfig                        0x0800565d   Thumb Code   122  stm32f4xx_hal_tim.o(.text)
    HAL_TIM_IC_ConfigChannel                 0x080056d7   Thumb Code   224  stm32f4xx_hal_tim.o(.text)
    HAL_TIM_PWM_ConfigChannel                0x080057b7   Thumb Code   294  stm32f4xx_hal_tim.o(.text)
    HAL_TIM_OnePulse_ConfigChannel           0x080058dd   Thumb Code   286  stm32f4xx_hal_tim.o(.text)
    HAL_TIM_DMABurst_WriteStart              0x08005a0f   Thumb Code   366  stm32f4xx_hal_tim.o(.text)
    HAL_TIM_DMABurst_WriteStop               0x08005b7d   Thumb Code   128  stm32f4xx_hal_tim.o(.text)
    HAL_TIM_DMABurst_ReadStart               0x08005bfd   Thumb Code   366  stm32f4xx_hal_tim.o(.text)
    HAL_TIM_DMABurst_ReadStop                0x08005d6b   Thumb Code   128  stm32f4xx_hal_tim.o(.text)
    HAL_TIM_GenerateEvent                    0x08005deb   Thumb Code    54  stm32f4xx_hal_tim.o(.text)
    HAL_TIM_ConfigOCrefClear                 0x08005e39   Thumb Code   252  stm32f4xx_hal_tim.o(.text)
    HAL_TIM_ConfigClockSource                0x08005f9f   Thumb Code   306  stm32f4xx_hal_tim.o(.text)
    HAL_TIM_ConfigTI1Input                   0x080060d1   Thumb Code    24  stm32f4xx_hal_tim.o(.text)
    HAL_TIM_SlaveConfigSynchronization       0x0800618d   Thumb Code    86  stm32f4xx_hal_tim.o(.text)
    HAL_TIM_SlaveConfigSynchronization_IT    0x080061e3   Thumb Code    86  stm32f4xx_hal_tim.o(.text)
    HAL_TIM_ReadCapturedValue                0x08006239   Thumb Code    84  stm32f4xx_hal_tim.o(.text)
    HAL_TIM_Base_GetState                    0x0800628d   Thumb Code     8  stm32f4xx_hal_tim.o(.text)
    HAL_TIM_OC_GetState                      0x08006295   Thumb Code     8  stm32f4xx_hal_tim.o(.text)
    HAL_TIM_PWM_GetState                     0x0800629d   Thumb Code     8  stm32f4xx_hal_tim.o(.text)
    HAL_TIM_IC_GetState                      0x080062a5   Thumb Code     8  stm32f4xx_hal_tim.o(.text)
    HAL_TIM_OnePulse_GetState                0x080062ad   Thumb Code     8  stm32f4xx_hal_tim.o(.text)
    HAL_TIM_Encoder_GetState                 0x080062b5   Thumb Code     8  stm32f4xx_hal_tim.o(.text)
    HAL_TIMEx_HallSensor_MspInit             0x080062bd   Thumb Code     2  stm32f4xx_hal_tim_ex.o(.text)
    HAL_TIMEx_HallSensor_Init                0x080062bf   Thumb Code   196  stm32f4xx_hal_tim_ex.o(.text)
    HAL_TIMEx_HallSensor_MspDeInit           0x08006383   Thumb Code     2  stm32f4xx_hal_tim_ex.o(.text)
    HAL_TIMEx_HallSensor_DeInit              0x08006385   Thumb Code    70  stm32f4xx_hal_tim_ex.o(.text)
    HAL_TIMEx_HallSensor_Start               0x080063cb   Thumb Code    30  stm32f4xx_hal_tim_ex.o(.text)
    HAL_TIMEx_HallSensor_Stop                0x080063e9   Thumb Code    56  stm32f4xx_hal_tim_ex.o(.text)
    HAL_TIMEx_HallSensor_Start_IT            0x08006421   Thumb Code    42  stm32f4xx_hal_tim_ex.o(.text)
    HAL_TIMEx_HallSensor_Stop_IT             0x0800644b   Thumb Code    68  stm32f4xx_hal_tim_ex.o(.text)
    HAL_TIMEx_HallSensor_Start_DMA           0x0800648f   Thumb Code   106  stm32f4xx_hal_tim_ex.o(.text)
    HAL_TIMEx_HallSensor_Stop_DMA            0x080064f9   Thumb Code    68  stm32f4xx_hal_tim_ex.o(.text)
    HAL_TIMEx_OCN_Start                      0x08006559   Thumb Code    44  stm32f4xx_hal_tim_ex.o(.text)
    HAL_TIMEx_OCN_Stop                       0x08006585   Thumb Code    96  stm32f4xx_hal_tim_ex.o(.text)
    HAL_TIMEx_OCN_Start_IT                   0x080065e5   Thumb Code   132  stm32f4xx_hal_tim_ex.o(.text)
    HAL_TIMEx_OCN_Stop_IT                    0x08006669   Thumb Code   196  stm32f4xx_hal_tim_ex.o(.text)
    HAL_TIMEx_OCN_Start_DMA                  0x0800672d   Thumb Code   272  stm32f4xx_hal_tim_ex.o(.text)
    HAL_TIMEx_OCN_Stop_DMA                   0x0800683d   Thumb Code   192  stm32f4xx_hal_tim_ex.o(.text)
    HAL_TIMEx_PWMN_Start                     0x080068fd   Thumb Code    44  stm32f4xx_hal_tim_ex.o(.text)
    HAL_TIMEx_PWMN_Stop                      0x08006929   Thumb Code    96  stm32f4xx_hal_tim_ex.o(.text)
    HAL_TIMEx_PWMN_Start_IT                  0x08006989   Thumb Code   132  stm32f4xx_hal_tim_ex.o(.text)
    HAL_TIMEx_PWMN_Stop_IT                   0x08006a0d   Thumb Code   196  stm32f4xx_hal_tim_ex.o(.text)
    HAL_TIMEx_PWMN_Start_DMA                 0x08006ad1   Thumb Code   272  stm32f4xx_hal_tim_ex.o(.text)
    HAL_TIMEx_PWMN_Stop_DMA                  0x08006be1   Thumb Code   178  stm32f4xx_hal_tim_ex.o(.text)
    HAL_TIMEx_OnePulseN_Start                0x08006c93   Thumb Code    32  stm32f4xx_hal_tim_ex.o(.text)
    HAL_TIMEx_OnePulseN_Stop                 0x08006cb3   Thumb Code    96  stm32f4xx_hal_tim_ex.o(.text)
    HAL_TIMEx_OnePulseN_Start_IT             0x08006d13   Thumb Code    56  stm32f4xx_hal_tim_ex.o(.text)
    HAL_TIMEx_OnePulseN_Stop_IT              0x08006d4b   Thumb Code   120  stm32f4xx_hal_tim_ex.o(.text)
    HAL_TIMEx_ConfigCommutationEvent         0x08006dc3   Thumb Code   110  stm32f4xx_hal_tim_ex.o(.text)
    HAL_TIMEx_ConfigCommutationEvent_IT      0x08006e31   Thumb Code   122  stm32f4xx_hal_tim_ex.o(.text)
    HAL_TIMEx_CommutationCallback            0x08006eab   Thumb Code     2  stm32f4xx_hal_tim_ex.o(.text)
    TIMEx_DMACommutationCplt                 0x08006ead   Thumb Code    20  stm32f4xx_hal_tim_ex.o(.text)
    HAL_TIMEx_ConfigCommutationEvent_DMA     0x08006ec1   Thumb Code   146  stm32f4xx_hal_tim_ex.o(.text)
    HAL_TIMEx_MasterConfigSynchronization    0x08006f53   Thumb Code    98  stm32f4xx_hal_tim_ex.o(.text)
    HAL_TIMEx_ConfigBreakDeadTime            0x08006fb5   Thumb Code    80  stm32f4xx_hal_tim_ex.o(.text)
    HAL_TIMEx_RemapConfig                    0x08007005   Thumb Code    48  stm32f4xx_hal_tim_ex.o(.text)
    HAL_TIMEx_BreakCallback                  0x08007035   Thumb Code     2  stm32f4xx_hal_tim_ex.o(.text)
    HAL_TIMEx_HallSensor_GetState            0x08007037   Thumb Code     8  stm32f4xx_hal_tim_ex.o(.text)
    Reset_Handler                            0x08007045   Thumb Code     8  startup_stm32f407xx.o(.text)
    NMI_Handler                              0x0800704d   Thumb Code     2  startup_stm32f407xx.o(.text)
    HardFault_Handler                        0x0800704f   Thumb Code     2  startup_stm32f407xx.o(.text)
    MemManage_Handler                        0x08007051   Thumb Code     2  startup_stm32f407xx.o(.text)
    BusFault_Handler                         0x08007053   Thumb Code     2  startup_stm32f407xx.o(.text)
    UsageFault_Handler                       0x08007055   Thumb Code     2  startup_stm32f407xx.o(.text)
    DebugMon_Handler                         0x08007059   Thumb Code     2  startup_stm32f407xx.o(.text)
    ADC_IRQHandler                           0x0800705f   Thumb Code     0  startup_stm32f407xx.o(.text)
    CAN1_RX0_IRQHandler                      0x0800705f   Thumb Code     0  startup_stm32f407xx.o(.text)
    CAN1_RX1_IRQHandler                      0x0800705f   Thumb Code     0  startup_stm32f407xx.o(.text)
    CAN1_SCE_IRQHandler                      0x0800705f   Thumb Code     0  startup_stm32f407xx.o(.text)
    CAN1_TX_IRQHandler                       0x0800705f   Thumb Code     0  startup_stm32f407xx.o(.text)
    CAN2_RX0_IRQHandler                      0x0800705f   Thumb Code     0  startup_stm32f407xx.o(.text)
    CAN2_RX1_IRQHandler                      0x0800705f   Thumb Code     0  startup_stm32f407xx.o(.text)
    CAN2_SCE_IRQHandler                      0x0800705f   Thumb Code     0  startup_stm32f407xx.o(.text)
    CAN2_TX_IRQHandler                       0x0800705f   Thumb Code     0  startup_stm32f407xx.o(.text)
    DCMI_IRQHandler                          0x0800705f   Thumb Code     0  startup_stm32f407xx.o(.text)
    DMA1_Stream0_IRQHandler                  0x0800705f   Thumb Code     0  startup_stm32f407xx.o(.text)
    DMA1_Stream1_IRQHandler                  0x0800705f   Thumb Code     0  startup_stm32f407xx.o(.text)
    DMA1_Stream2_IRQHandler                  0x0800705f   Thumb Code     0  startup_stm32f407xx.o(.text)
    DMA1_Stream3_IRQHandler                  0x0800705f   Thumb Code     0  startup_stm32f407xx.o(.text)
    DMA1_Stream4_IRQHandler                  0x0800705f   Thumb Code     0  startup_stm32f407xx.o(.text)
    DMA1_Stream5_IRQHandler                  0x0800705f   Thumb Code     0  startup_stm32f407xx.o(.text)
    DMA1_Stream6_IRQHandler                  0x0800705f   Thumb Code     0  startup_stm32f407xx.o(.text)
    DMA1_Stream7_IRQHandler                  0x0800705f   Thumb Code     0  startup_stm32f407xx.o(.text)
    DMA2_Stream0_IRQHandler                  0x0800705f   Thumb Code     0  startup_stm32f407xx.o(.text)
    DMA2_Stream1_IRQHandler                  0x0800705f   Thumb Code     0  startup_stm32f407xx.o(.text)
    DMA2_Stream2_IRQHandler                  0x0800705f   Thumb Code     0  startup_stm32f407xx.o(.text)
    DMA2_Stream3_IRQHandler                  0x0800705f   Thumb Code     0  startup_stm32f407xx.o(.text)
    DMA2_Stream4_IRQHandler                  0x0800705f   Thumb Code     0  startup_stm32f407xx.o(.text)
    DMA2_Stream5_IRQHandler                  0x0800705f   Thumb Code     0  startup_stm32f407xx.o(.text)
    DMA2_Stream6_IRQHandler                  0x0800705f   Thumb Code     0  startup_stm32f407xx.o(.text)
    DMA2_Stream7_IRQHandler                  0x0800705f   Thumb Code     0  startup_stm32f407xx.o(.text)
    ETH_IRQHandler                           0x0800705f   Thumb Code     0  startup_stm32f407xx.o(.text)
    ETH_WKUP_IRQHandler                      0x0800705f   Thumb Code     0  startup_stm32f407xx.o(.text)
    EXTI0_IRQHandler                         0x0800705f   Thumb Code     0  startup_stm32f407xx.o(.text)
    EXTI15_10_IRQHandler                     0x0800705f   Thumb Code     0  startup_stm32f407xx.o(.text)
    EXTI1_IRQHandler                         0x0800705f   Thumb Code     0  startup_stm32f407xx.o(.text)
    EXTI2_IRQHandler                         0x0800705f   Thumb Code     0  startup_stm32f407xx.o(.text)
    EXTI3_IRQHandler                         0x0800705f   Thumb Code     0  startup_stm32f407xx.o(.text)
    EXTI4_IRQHandler                         0x0800705f   Thumb Code     0  startup_stm32f407xx.o(.text)
    EXTI9_5_IRQHandler                       0x0800705f   Thumb Code     0  startup_stm32f407xx.o(.text)
    FLASH_IRQHandler                         0x0800705f   Thumb Code     0  startup_stm32f407xx.o(.text)
    FMC_IRQHandler                           0x0800705f   Thumb Code     0  startup_stm32f407xx.o(.text)
    FPU_IRQHandler                           0x0800705f   Thumb Code     0  startup_stm32f407xx.o(.text)
    HASH_RNG_IRQHandler                      0x0800705f   Thumb Code     0  startup_stm32f407xx.o(.text)
    I2C1_ER_IRQHandler                       0x0800705f   Thumb Code     0  startup_stm32f407xx.o(.text)
    I2C1_EV_IRQHandler                       0x0800705f   Thumb Code     0  startup_stm32f407xx.o(.text)
    I2C2_ER_IRQHandler                       0x0800705f   Thumb Code     0  startup_stm32f407xx.o(.text)
    I2C2_EV_IRQHandler                       0x0800705f   Thumb Code     0  startup_stm32f407xx.o(.text)
    I2C3_ER_IRQHandler                       0x0800705f   Thumb Code     0  startup_stm32f407xx.o(.text)
    I2C3_EV_IRQHandler                       0x0800705f   Thumb Code     0  startup_stm32f407xx.o(.text)
    OTG_FS_IRQHandler                        0x0800705f   Thumb Code     0  startup_stm32f407xx.o(.text)
    OTG_FS_WKUP_IRQHandler                   0x0800705f   Thumb Code     0  startup_stm32f407xx.o(.text)
    OTG_HS_EP1_IN_IRQHandler                 0x0800705f   Thumb Code     0  startup_stm32f407xx.o(.text)
    OTG_HS_EP1_OUT_IRQHandler                0x0800705f   Thumb Code     0  startup_stm32f407xx.o(.text)
    OTG_HS_IRQHandler                        0x0800705f   Thumb Code     0  startup_stm32f407xx.o(.text)
    OTG_HS_WKUP_IRQHandler                   0x0800705f   Thumb Code     0  startup_stm32f407xx.o(.text)
    PVD_IRQHandler                           0x0800705f   Thumb Code     0  startup_stm32f407xx.o(.text)
    RCC_IRQHandler                           0x0800705f   Thumb Code     0  startup_stm32f407xx.o(.text)
    RTC_Alarm_IRQHandler                     0x0800705f   Thumb Code     0  startup_stm32f407xx.o(.text)
    RTC_WKUP_IRQHandler                      0x0800705f   Thumb Code     0  startup_stm32f407xx.o(.text)
    SDIO_IRQHandler                          0x0800705f   Thumb Code     0  startup_stm32f407xx.o(.text)
    SPI1_IRQHandler                          0x0800705f   Thumb Code     0  startup_stm32f407xx.o(.text)
    SPI2_IRQHandler                          0x0800705f   Thumb Code     0  startup_stm32f407xx.o(.text)
    SPI3_IRQHandler                          0x0800705f   Thumb Code     0  startup_stm32f407xx.o(.text)
    TAMP_STAMP_IRQHandler                    0x0800705f   Thumb Code     0  startup_stm32f407xx.o(.text)
    TIM1_BRK_TIM9_IRQHandler                 0x0800705f   Thumb Code     0  startup_stm32f407xx.o(.text)
    TIM1_CC_IRQHandler                       0x0800705f   Thumb Code     0  startup_stm32f407xx.o(.text)
    TIM1_TRG_COM_TIM11_IRQHandler            0x0800705f   Thumb Code     0  startup_stm32f407xx.o(.text)
    TIM1_UP_TIM10_IRQHandler                 0x0800705f   Thumb Code     0  startup_stm32f407xx.o(.text)
    TIM2_IRQHandler                          0x0800705f   Thumb Code     0  startup_stm32f407xx.o(.text)
    TIM4_IRQHandler                          0x0800705f   Thumb Code     0  startup_stm32f407xx.o(.text)
    TIM5_IRQHandler                          0x0800705f   Thumb Code     0  startup_stm32f407xx.o(.text)
    TIM6_DAC_IRQHandler                      0x0800705f   Thumb Code     0  startup_stm32f407xx.o(.text)
    TIM7_IRQHandler                          0x0800705f   Thumb Code     0  startup_stm32f407xx.o(.text)
    TIM8_BRK_TIM12_IRQHandler                0x0800705f   Thumb Code     0  startup_stm32f407xx.o(.text)
    TIM8_CC_IRQHandler                       0x0800705f   Thumb Code     0  startup_stm32f407xx.o(.text)
    TIM8_TRG_COM_TIM14_IRQHandler            0x0800705f   Thumb Code     0  startup_stm32f407xx.o(.text)
    TIM8_UP_TIM13_IRQHandler                 0x0800705f   Thumb Code     0  startup_stm32f407xx.o(.text)
    UART4_IRQHandler                         0x0800705f   Thumb Code     0  startup_stm32f407xx.o(.text)
    UART5_IRQHandler                         0x0800705f   Thumb Code     0  startup_stm32f407xx.o(.text)
    USART1_IRQHandler                        0x0800705f   Thumb Code     0  startup_stm32f407xx.o(.text)
    USART2_IRQHandler                        0x0800705f   Thumb Code     0  startup_stm32f407xx.o(.text)
    USART3_IRQHandler                        0x0800705f   Thumb Code     0  startup_stm32f407xx.o(.text)
    USART6_IRQHandler                        0x0800705f   Thumb Code     0  startup_stm32f407xx.o(.text)
    WWDG_IRQHandler                          0x0800705f   Thumb Code     0  startup_stm32f407xx.o(.text)
    SystemInit                               0x08007069   Thumb Code    82  system_stm32f4xx.o(.text)
    SystemCoreClockUpdate                    0x080070bb   Thumb Code   174  system_stm32f4xx.o(.text)
    __aeabi_uldivmod                         0x08007189   Thumb Code    98  uldiv.o(.text)
    __aeabi_memcpy                           0x080071eb   Thumb Code    36  memcpya.o(.text)
    __aeabi_memcpy4                          0x080071eb   Thumb Code     0  memcpya.o(.text)
    __aeabi_memcpy8                          0x080071eb   Thumb Code     0  memcpya.o(.text)
    __aeabi_dadd                             0x0800720f   Thumb Code   322  dadd.o(.text)
    __aeabi_dsub                             0x08007351   Thumb Code     6  dadd.o(.text)
    __aeabi_drsub                            0x08007357   Thumb Code     6  dadd.o(.text)
    __aeabi_dmul                             0x0800735d   Thumb Code   228  dmul.o(.text)
    __aeabi_ddiv                             0x08007441   Thumb Code   222  ddiv.o(.text)
    __aeabi_f2d                              0x0800751f   Thumb Code    38  f2d.o(.text)
    __aeabi_cdrcmple                         0x08007545   Thumb Code    48  cdrcmple.o(.text)
    __aeabi_uidiv                            0x08007575   Thumb Code     0  uidiv.o(.text)
    __aeabi_uidivmod                         0x08007575   Thumb Code    44  uidiv.o(.text)
    __aeabi_llsl                             0x080075a1   Thumb Code    30  llshl.o(.text)
    _ll_shift_l                              0x080075a1   Thumb Code     0  llshl.o(.text)
    __aeabi_llsr                             0x080075bf   Thumb Code    32  llushr.o(.text)
    _ll_ushift_r                             0x080075bf   Thumb Code     0  llushr.o(.text)
    __aeabi_lasr                             0x080075df   Thumb Code    36  llsshr.o(.text)
    _ll_sshift_r                             0x080075df   Thumb Code     0  llsshr.o(.text)
    __I$use$fp                               0x08007603   Thumb Code     0  iusefp.o(.text)
    _double_round                            0x08007603   Thumb Code    30  depilogue.o(.text)
    _double_epilogue                         0x08007621   Thumb Code   156  depilogue.o(.text)
    __aeabi_d2ulz                            0x080076bd   Thumb Code    48  dfixul.o(.text)
    __scatterload                            0x080076ed   Thumb Code    28  init.o(.text)
    __scatterload_rt2                        0x080076ed   Thumb Code     0  init.o(.text)
    SVC_Count                                0x08007710   Data           4  svc_table.o(SVC_TABLE)
    SVC_Table                                0x08007714   Data           0  svc_table.o(SVC_TABLE)
    __0printf                                0x08007715   Thumb Code    22  printfa.o(i.__0printf)
    __1printf                                0x08007715   Thumb Code     0  printfa.o(i.__0printf)
    __2printf                                0x08007715   Thumb Code     0  printfa.o(i.__0printf)
    __c89printf                              0x08007715   Thumb Code     0  printfa.o(i.__0printf)
    printf                                   0x08007715   Thumb Code     0  printfa.o(i.__0printf)
    __scatterload_copy                       0x08007735   Thumb Code    14  handlers.o(i.__scatterload_copy)
    __scatterload_null                       0x08007743   Thumb Code     2  handlers.o(i.__scatterload_null)
    __scatterload_zeroinit                   0x08007745   Thumb Code    14  handlers.o(i.__scatterload_zeroinit)
    _init_box                                0x080078b9   Thumb Code    70  rt_membox.o(i._init_box)
    dbg_init                                 0x08008031   Thumb Code    34  hal_cm.o(i.dbg_init)
    dbg_task_notify                          0x08008061   Thumb Code    32  hal_cm.o(i.dbg_task_notify)
    dbg_task_switch                          0x08008081   Thumb Code    16  hal_cm.o(i.dbg_task_switch)
    isrMessageGet                            0x08008091   Thumb Code    42  rt_cmsis.o(i.isrMessageGet)
    isrMessagePut                            0x080080bb   Thumb Code    44  rt_cmsis.o(i.isrMessagePut)
    isr_mbx_receive                          0x080080e9   Thumb Code    82  rt_mailbox.o(i.isr_mbx_receive)
    isr_mbx_send                             0x0800813b   Thumb Code    14  rt_mailbox.o(i.isr_mbx_send)
    osDelay                                  0x08008149   Thumb Code    18  rt_cmsis.o(i.osDelay)
    osKernelInitialize                       0x08008161   Thumb Code    30  rt_cmsis.o(i.osKernelInitialize)
    osKernelStart                            0x08008185   Thumb Code    98  rt_cmsis.o(i.osKernelStart)
    osMessageGet                             0x080081f1   Thumb Code    18  rt_cmsis.o(i.osMessageGet)
    osMutexCreate                            0x08008209   Thumb Code    38  rt_cmsis.o(i.osMutexCreate)
    osMutexRelease                           0x08008239   Thumb Code    18  rt_cmsis.o(i.osMutexRelease)
    osMutexWait                              0x08008251   Thumb Code    18  rt_cmsis.o(i.osMutexWait)
    osThreadCreate                           0x08008269   Thumb Code    38  rt_cmsis.o(i.osThreadCreate)
    osThreadExit                             0x08008299   Thumb Code    14  rt_cmsis.o(i.osThreadExit)
    osTimerCall                              0x080082b1   Thumb Code     8  rt_cmsis.o(i.osTimerCall)
    osTimerThread                            0x080082bd   Thumb Code    38  rt_cmsis.o(i.osTimerThread)
    os_tick_init                             0x080082e9   Thumb Code    32  rt_system.o(i.os_tick_init)
    os_tick_irqack                           0x08008311   Thumb Code     2  rt_system.o(i.os_tick_irqack)
    rt_alloc_box                             0x08008313   Thumb Code    26  rt_membox.o(i.rt_alloc_box)
    rt_alloc_mem                             0x0800832d   Thumb Code    62  rt_memory.o(i.rt_alloc_mem)
    rt_block                                 0x0800836d   Thumb Code    48  rt_task.o(i.rt_block)
    rt_chk_robin                             0x080083a5   Thumb Code    60  rt_robin.o(i.rt_chk_robin)
    rt_dec_dly                               0x080083ed   Thumb Code   102  rt_list.o(i.rt_dec_dly)
    rt_dispatch                              0x0800845d   Thumb Code    60  rt_task.o(i.rt_dispatch)
    rt_dly_wait                              0x080084a1   Thumb Code     6  rt_time.o(i.rt_dly_wait)
    rt_evt_psh                               0x080084a9   Thumb Code    76  rt_event.o(i.rt_evt_psh)
    rt_free_box                              0x080084f9   Thumb Code    44  rt_membox.o(i.rt_free_box)
    rt_free_mem                              0x08008525   Thumb Code    40  rt_memory.o(i.rt_free_mem)
    rt_get_first                             0x0800854d   Thumb Code    40  rt_list.o(i.rt_get_first)
    rt_init_mem                              0x080085c5   Thumb Code    26  rt_memory.o(i.rt_init_mem)
    rt_init_robin                            0x080085e1   Thumb Code    14  rt_robin.o(i.rt_init_robin)
    rt_init_stack                            0x080085f9   Thumb Code   118  hal_cm.o(i.rt_init_stack)
    rt_mbx_check                             0x08008679   Thumb Code     8  rt_mailbox.o(i.rt_mbx_check)
    rt_mbx_init                              0x08008681   Thumb Code    26  rt_mailbox.o(i.rt_mbx_init)
    rt_mbx_psh                               0x0800869d   Thumb Code   236  rt_mailbox.o(i.rt_mbx_psh)
    rt_mbx_wait                              0x0800878d   Thumb Code   174  rt_mailbox.o(i.rt_mbx_wait)
    rt_mut_init                              0x08008885   Thumb Code    16  rt_mutex.o(i.rt_mut_init)
    rt_mut_release                           0x08008895   Thumb Code   208  rt_mutex.o(i.rt_mut_release)
    rt_mut_wait                              0x0800896d   Thumb Code   100  rt_mutex.o(i.rt_mut_wait)
    rt_pop_req                               0x080089d5   Thumb Code   112  rt_system.o(i.rt_pop_req)
    rt_psh_req                               0x08008a51   Thumb Code    22  rt_system.o(i.rt_psh_req)
    rt_psq_enq                               0x08008a71   Thumb Code    88  rt_list.o(i.rt_psq_enq)
    rt_put_dly                               0x08008acd   Thumb Code    68  rt_list.o(i.rt_put_dly)
    rt_put_prio                              0x08008b15   Thumb Code    54  rt_list.o(i.rt_put_prio)
    rt_put_rdy_first                         0x08008b4d   Thumb Code    14  rt_list.o(i.rt_put_rdy_first)
    rt_resort_prio                           0x08008b61   Thumb Code    46  rt_list.o(i.rt_resort_prio)
    rt_ret_val                               0x08008ba5   Thumb Code    12  hal_cm.o(i.rt_ret_val)
    rt_ret_val2                              0x08008bb1   Thumb Code    16  hal_cm.o(i.rt_ret_val2)
    rt_rmv_dly                               0x08008bc1   Thumb Code    40  rt_list.o(i.rt_rmv_dly)
    rt_rmv_list                              0x08008be9   Thumb Code    44  rt_list.o(i.rt_rmv_list)
    rt_sem_psh                               0x08008c19   Thumb Code    48  rt_semaphore.o(i.rt_sem_psh)
    rt_stk_check                             0x08008c4d   Thumb Code    28  rt_system.o(i.rt_stk_check)
    rt_switch_req                            0x08008c71   Thumb Code    30  rt_task.o(i.rt_switch_req)
    rt_sys_init                              0x08008c99   Thumb Code   138  rt_task.o(i.rt_sys_init)
    rt_sys_start                             0x08008d65   Thumb Code   110  rt_task.o(i.rt_sys_start)
    rt_systick                               0x08008ddd   Thumb Code    50  rt_system.o(i.rt_systick)
    rt_tsk_create                            0x08008e65   Thumb Code   118  rt_task.o(i.rt_tsk_create)
    rt_tsk_delete                            0x08008eed   Thumb Code   352  rt_task.o(i.rt_tsk_delete)
    rt_tsk_prio                              0x08009069   Thumb Code   108  rt_task.o(i.rt_tsk_prio)
    rt_tsk_self                              0x080090e5   Thumb Code    12  rt_task.o(i.rt_tsk_self)
    svcDelay                                 0x080090f5   Thumb Code    18  rt_cmsis.o(i.svcDelay)
    svcKernelInitialize                      0x08009109   Thumb Code    80  rt_cmsis.o(i.svcKernelInitialize)
    svcKernelStart                           0x08009179   Thumb Code    62  rt_cmsis.o(i.svcKernelStart)
    svcMessageCreate                         0x080091c1   Thumb Code    36  rt_cmsis.o(i.svcMessageCreate)
    svcMessageGet                            0x080091e5   Thumb Code    58  rt_cmsis.o(i.svcMessageGet)
    svcMutexCreate                           0x0800921f   Thumb Code    28  rt_cmsis.o(i.svcMutexCreate)
    svcMutexRelease                          0x0800923b   Thumb Code    34  rt_cmsis.o(i.svcMutexRelease)
    svcMutexWait                             0x0800925d   Thumb Code    54  rt_cmsis.o(i.svcMutexWait)
    svcThreadCreate                          0x08009295   Thumb Code   100  rt_cmsis.o(i.svcThreadCreate)
    svcThreadGetId                           0x08009305   Thumb Code    22  rt_cmsis.o(i.svcThreadGetId)
    svcThreadTerminate                       0x08009321   Thumb Code    50  rt_cmsis.o(i.svcThreadTerminate)
    svcTimerCall                             0x08009359   Thumb Code    24  rt_cmsis.o(i.svcTimerCall)
    sysTimerTick                             0x08009371   Thumb Code    84  rt_cmsis.o(i.sysTimerTick)
    os_thread_def_Thread_LED                 0x080093cc   Data          16  thread_led.o(.constdata)
    os_thread_def_Thread_TempSensor          0x080093dc   Data          16  thread_tempsensor.o(.constdata)
    os_maxtaskrun                            0x080093ec   Data           2  rtx_conf_cm.o(.constdata)
    os_stackinfo                             0x080093f0   Data           4  rtx_conf_cm.o(.constdata)
    os_rrobin                                0x080093f4   Data           4  rtx_conf_cm.o(.constdata)
    os_tickfreq                              0x080093f8   Data           4  rtx_conf_cm.o(.constdata)
    os_tickus_i                              0x080093fc   Data           2  rtx_conf_cm.o(.constdata)
    os_tickus_f                              0x080093fe   Data           2  rtx_conf_cm.o(.constdata)
    os_trv                                   0x08009400   Data           4  rtx_conf_cm.o(.constdata)
    os_flags                                 0x08009404   Data           1  rtx_conf_cm.o(.constdata)
    CMSIS_RTOS_API_Version                   0x08009408   Data           4  rtx_conf_cm.o(.constdata)
    CMSIS_RTOS_RTX_Version                   0x0800940c   Data           4  rtx_conf_cm.o(.constdata)
    os_clockrate                             0x08009410   Data           4  rtx_conf_cm.o(.constdata)
    os_timernum                              0x08009414   Data           4  rtx_conf_cm.o(.constdata)
    mp_tcb_size                              0x08009418   Data           2  rtx_conf_cm.o(.constdata)
    mp_stk_size                              0x0800941c   Data           4  rtx_conf_cm.o(.constdata)
    os_stack_sz                              0x08009420   Data           4  rtx_conf_cm.o(.constdata)
    os_fifo_size                             0x08009424   Data           1  rtx_conf_cm.o(.constdata)
    os_thread_def_osTimerThread              0x08009428   Data          16  rtx_conf_cm.o(.constdata)
    os_messageQ_def_osTimerMessageQ          0x08009438   Data           8  rtx_conf_cm.o(.constdata)
    mp_tmr_size                              0x08009440   Data           2  rtx_conf_cm.o(.constdata)
    APBAHBPrescTable                         0x0800944a   Data          16  stm32f4xx_hal_rcc.o(.constdata)
    AHBPrescTable                            0x0800945a   Data          16  system_stm32f4xx.o(.constdata)
    Region$$Table$$Base                      0x0800946c   Number         0  anon$$obj.o(Region$$Table)
    Region$$Table$$Limit                     0x0800948c   Number         0  anon$$obj.o(Region$$Table)
    temperatureMutex                         0x20000000   Data           4  main.o(.data)
    tim3_flag                                0x20000004   Data           1  main.o(.data)
    tim3_ticks                               0x20000006   Data           2  main.o(.data)
    TimmingDelay                             0x20000008   Data           4  main.o(.data)
    tid_Thread_LED                           0x2000000c   Data           4  thread_led.o(.data)
    temperatureValue                         0x20000010   Data           4  thread_tempsensor.o(.data)
    tid_Thread_TempSensor                    0x20000014   Data           4  thread_tempsensor.o(.data)
    temperatureMutexPtr                      0x20000018   Data           4  thread_tempsensor.o(.data)
    osThreadId_osTimerThread                 0x2000001c   Data           4  rtx_conf_cm.o(.data)
    osMessageQId_osTimerMessageQ             0x20000020   Data           4  rtx_conf_cm.o(.data)
    os_tmr                                   0x20000024   Data           4  rtx_conf_cm.o(.data)
    m_tmr                                    0x20000028   Data           4  rtx_conf_cm.o(.data)
    os_thread_def_main                       0x2000002c   Data          16  rtx_conf_cm.o(.data)
    SystemCoreClock                          0x20000040   Data           4  system_stm32f4xx.o(.data)
    os_initialized                           0x20000044   Data           1  rt_cmsis.o(.data)
    os_running                               0x20000045   Data           1  rt_cmsis.o(.data)
    os_timer_head                            0x20000048   Data           4  rt_cmsis.o(.data)
    os_time                                  0x2000004c   Data           4  rt_time.o(.data)
    os_tsk                                   0x20000050   Data           8  rt_task.o(.data)
    os_tick_irqn                             0x2000005c   Data           4  rt_system.o(.data)
    dbg_msg                                  0x20000060   Data           1  hal_cm.o(.data)
    os_robin                                 0x20000064   Data           8  rt_robin.o(.data)
    __stdout                                 0x2000006c   Data           4  stdout.o(.data)
    handle_tim3                              0x20000070   Data          60  main.o(.bss)
    LED_configuration                        0x200000ac   Data          20  thread_led.o(.bss)
    ADC1_Handle                              0x200000c0   Data          68  thread_tempsensor.o(.bss)
    kalman_temperature                       0x20000104   Data          20  thread_tempsensor.o(.bss)
    mp_tcb                                   0x20000118   Data         376  rtx_conf_cm.o(.bss)
    mp_stk                                   0x20000290   Data        4816  rtx_conf_cm.o(.bss)
    os_stack_mem                             0x20001560   Data        1256  rtx_conf_cm.o(.bss)
    os_fifo                                  0x20001a48   Data         132  rtx_conf_cm.o(.bss)
    os_active_TCB                            0x20001acc   Data          28  rtx_conf_cm.o(.bss)
    os_messageQ_q_osTimerMessageQ            0x20001ae8   Data          32  rtx_conf_cm.o(.bss)
    os_idle_TCB                              0x20001b08   Data          52  rt_task.o(.bss)
    os_rdy                                   0x20001b3c   Data          24  rt_list.o(.bss)
    os_dly                                   0x20001b54   Data          24  rt_list.o(.bss)
    __initial_sp                             0x20001f70   Data           0  startup_stm32f407xx.o(STACK)



==============================================================================

Memory Map of the image

  Image Entry point : 0x08000189

  Load Region LR_IROM1 (Base: 0x08000000, Size: 0x000094fc, Max: 0x00100000, ABSOLUTE)

    Execution Region ER_IROM1 (Base: 0x08000000, Size: 0x0000948c, Max: 0x00100000, ABSOLUTE)

    Base Addr    Size         Type   Attr      Idx    E Section Name        Object

    0x08000000   0x00000188   Data   RO          828    RESET               startup_stm32f407xx.o
    0x08000188   0x00000000   Code   RO         2123  * .ARM.Collect$$$$00000000  mc_w.l(entry.o)
    0x08000188   0x00000004   Code   RO         2429    .ARM.Collect$$$$00000001  mc_w.l(entry2.o)
    0x0800018c   0x00000004   Code   RO         2432    .ARM.Collect$$$$00000004  mc_w.l(entry5.o)
    0x08000190   0x00000000   Code   RO         2434    .ARM.Collect$$$$00000008  mc_w.l(entry7b.o)
    0x08000190   0x00000000   Code   RO         2436    .ARM.Collect$$$$0000000A  mc_w.l(entry8b.o)
    0x08000190   0x00000000   Code   RO         2437    .ARM.Collect$$$$0000000D  mc_w.l(entry10a.o)
    0x08000190   0x00000000   Code   RO         2439    .ARM.Collect$$$$0000000F  mc_w.l(entry11a.o)
    0x08000190   0x00000018   Code   RO          403    .ARM.Collect$$$$000000FF  rtx_conf_cm.o
    0x080001a8   0x00000004   Code   RO         2430    .ARM.Collect$$$$00002712  mc_w.l(entry2.o)
    0x080001ac   0x00000198   Code   RO         2070    .emb_text           RTX_CM4.lib(hal_cm4.o)
    0x08000344   0x000001d8   Code   RO            4    .text               main.o
    0x0800051c   0x000000a8   Code   RO          175    .text               thread_led.o
    0x080005c4   0x000001e8   Code   RO          211    .text               thread_tempsensor.o
    0x080007ac   0x000008f0   Code   RO          271    .text               display_segment.o
    0x0800109c   0x00000038   Code   RO          350    .text               fput_debug.o
    0x080010d4   0x00000026   Code   RO          404    .text               rtx_conf_cm.o
    0x080010fa   0x00000002   PAD
    0x080010fc   0x000001b0   Code   RO          435    .text               stm32f4xx_hal.o
    0x080012ac   0x0000099c   Code   RO          461    .text               stm32f4xx_hal_adc.o
    0x08001c48   0x00000720   Code   RO          485    .text               stm32f4xx_hal_adc_ex.o
    0x08002368   0x00000324   Code   RO          509    .text               stm32f4xx_hal_cortex.o
    0x0800268c   0x00000618   Code   RO          537    .text               stm32f4xx_hal_dma.o
    0x08002ca4   0x000003cc   Code   RO          586    .text               stm32f4xx_hal_gpio.o
    0x08003070   0x00000a4c   Code   RO          658    .text               stm32f4xx_hal_rcc.o
    0x08003abc   0x00002800   Code   RO          733    .text               stm32f4xx_hal_tim.o
    0x080062bc   0x00000d88   Code   RO          757    .text               stm32f4xx_hal_tim_ex.o
    0x08007044   0x00000024   Code   RO          829    .text               startup_stm32f407xx.o
    0x08007068   0x00000120   Code   RO          836    .text               system_stm32f4xx.o
    0x08007188   0x00000062   Code   RO         2126    .text               mc_w.l(uldiv.o)
    0x080071ea   0x00000024   Code   RO         2128    .text               mc_w.l(memcpya.o)
    0x0800720e   0x0000014e   Code   RO         2393    .text               mf_w.l(dadd.o)
    0x0800735c   0x000000e4   Code   RO         2395    .text               mf_w.l(dmul.o)
    0x08007440   0x000000de   Code   RO         2397    .text               mf_w.l(ddiv.o)
    0x0800751e   0x00000026   Code   RO         2399    .text               mf_w.l(f2d.o)
    0x08007544   0x00000030   Code   RO         2401    .text               mf_w.l(cdrcmple.o)
    0x08007574   0x0000002c   Code   RO         2442    .text               mc_w.l(uidiv.o)
    0x080075a0   0x0000001e   Code   RO         2444    .text               mc_w.l(llshl.o)
    0x080075be   0x00000020   Code   RO         2446    .text               mc_w.l(llushr.o)
    0x080075de   0x00000024   Code   RO         2448    .text               mc_w.l(llsshr.o)
    0x08007602   0x00000000   Code   RO         2457    .text               mc_w.l(iusefp.o)
    0x08007602   0x000000ba   Code   RO         2460    .text               mf_w.l(depilogue.o)
    0x080076bc   0x00000030   Code   RO         2466    .text               mf_w.l(dfixul.o)
    0x080076ec   0x00000024   Code   RO         2470    .text               mc_w.l(init.o)
    0x08007710   0x00000004   Code   RO         2080    SVC_TABLE           RTX_CM4.lib(svc_table.o)
    0x08007714   0x00000020   Code   RO         2365    i.__0printf         mc_w.l(printfa.o)
    0x08007734   0x0000000e   Code   RO         2474    i.__scatterload_copy  mc_w.l(handlers.o)
    0x08007742   0x00000002   Code   RO         2475    i.__scatterload_null  mc_w.l(handlers.o)
    0x08007744   0x0000000e   Code   RO         2476    i.__scatterload_zeroinit  mc_w.l(handlers.o)
    0x08007752   0x00000002   PAD
    0x08007754   0x00000164   Code   RO         2372    i._fp_digits        mc_w.l(printfa.o)
    0x080078b8   0x00000046   Code   RO         1943    i._init_box         RTX_CM4.lib(rt_membox.o)
    0x080078fe   0x00000002   PAD
    0x08007900   0x000006dc   Code   RO         2373    i._printf_core      mc_w.l(printfa.o)
    0x08007fdc   0x00000024   Code   RO         2374    i._printf_post_padding  mc_w.l(printfa.o)
    0x08008000   0x0000002e   Code   RO         2375    i._printf_pre_padding  mc_w.l(printfa.o)
    0x0800802e   0x00000002   PAD
    0x08008030   0x00000030   Code   RO         1996    i.dbg_init          RTX_CM4.lib(hal_cm.o)
    0x08008060   0x00000020   Code   RO         1997    i.dbg_task_notify   RTX_CM4.lib(hal_cm.o)
    0x08008080   0x00000010   Code   RO         1998    i.dbg_task_switch   RTX_CM4.lib(hal_cm.o)
    0x08008090   0x0000002a   Code   RO          867    i.isrMessageGet     RTX_CM4.lib(rt_cmsis.o)
    0x080080ba   0x0000002c   Code   RO          868    i.isrMessagePut     RTX_CM4.lib(rt_cmsis.o)
    0x080080e6   0x00000002   PAD
    0x080080e8   0x00000052   Code   RO         1822    i.isr_mbx_receive   RTX_CM4.lib(rt_mailbox.o)
    0x0800813a   0x0000000e   Code   RO         1823    i.isr_mbx_send      RTX_CM4.lib(rt_mailbox.o)
    0x08008148   0x00000018   Code   RO          871    i.osDelay           RTX_CM4.lib(rt_cmsis.o)
    0x08008160   0x00000024   Code   RO          872    i.osKernelInitialize  RTX_CM4.lib(rt_cmsis.o)
    0x08008184   0x0000006c   Code   RO          874    i.osKernelStart     RTX_CM4.lib(rt_cmsis.o)
    0x080081f0   0x00000018   Code   RO          883    i.osMessageGet      RTX_CM4.lib(rt_cmsis.o)
    0x08008208   0x00000030   Code   RO          885    i.osMutexCreate     RTX_CM4.lib(rt_cmsis.o)
    0x08008238   0x00000018   Code   RO          887    i.osMutexRelease    RTX_CM4.lib(rt_cmsis.o)
    0x08008250   0x00000018   Code   RO          888    i.osMutexWait       RTX_CM4.lib(rt_cmsis.o)
    0x08008268   0x00000030   Code   RO          900    i.osThreadCreate    RTX_CM4.lib(rt_cmsis.o)
    0x08008298   0x00000018   Code   RO          901    i.osThreadExit      RTX_CM4.lib(rt_cmsis.o)
    0x080082b0   0x0000000c   Code   RO          907    i.osTimerCall       RTX_CM4.lib(rt_cmsis.o)
    0x080082bc   0x0000002c   Code   RO          912    i.osTimerThread     RTX_CM4.lib(rt_cmsis.o)
    0x080082e8   0x00000028   Code   RO         1610    i.os_tick_init      RTX_CM4.lib(rt_system.o)
    0x08008310   0x00000002   Code   RO         1611    i.os_tick_irqack    RTX_CM4.lib(rt_system.o)
    0x08008312   0x0000001a   Code   RO         1944    i.rt_alloc_box      RTX_CM4.lib(rt_membox.o)
    0x0800832c   0x0000003e   Code   RO         1972    i.rt_alloc_mem      RTX_CM4.lib(rt_memory.o)
    0x0800836a   0x00000002   PAD
    0x0800836c   0x00000038   Code   RO         1525    i.rt_block          RTX_CM4.lib(rt_task.o)
    0x080083a4   0x00000048   Code   RO         2049    i.rt_chk_robin      RTX_CM4.lib(rt_robin.o)
    0x080083ec   0x00000070   Code   RO         1746    i.rt_dec_dly        RTX_CM4.lib(rt_list.o)
    0x0800845c   0x00000044   Code   RO         1526    i.rt_dispatch       RTX_CM4.lib(rt_task.o)
    0x080084a0   0x00000006   Code   RO         1492    i.rt_dly_wait       RTX_CM4.lib(rt_time.o)
    0x080084a6   0x00000002   PAD
    0x080084a8   0x00000050   Code   RO         1703    i.rt_evt_psh        RTX_CM4.lib(rt_event.o)
    0x080084f8   0x0000002c   Code   RO         1945    i.rt_free_box       RTX_CM4.lib(rt_membox.o)
    0x08008524   0x00000028   Code   RO         1973    i.rt_free_mem       RTX_CM4.lib(rt_memory.o)
    0x0800854c   0x00000028   Code   RO         1747    i.rt_get_first      RTX_CM4.lib(rt_list.o)
    0x08008574   0x00000008   Code   RO          917    i.rt_id2obj         RTX_CM4.lib(rt_cmsis.o)
    0x0800857c   0x00000048   Code   RO         1527    i.rt_init_context   RTX_CM4.lib(rt_task.o)
    0x080085c4   0x0000001a   Code   RO         1974    i.rt_init_mem       RTX_CM4.lib(rt_memory.o)
    0x080085de   0x00000002   PAD
    0x080085e0   0x00000018   Code   RO         2050    i.rt_init_robin     RTX_CM4.lib(rt_robin.o)
    0x080085f8   0x00000080   Code   RO         1999    i.rt_init_stack     RTX_CM4.lib(hal_cm.o)
    0x08008678   0x00000008   Code   RO         1824    i.rt_mbx_check      RTX_CM4.lib(rt_mailbox.o)
    0x08008680   0x0000001a   Code   RO         1825    i.rt_mbx_init       RTX_CM4.lib(rt_mailbox.o)
    0x0800869a   0x00000002   PAD
    0x0800869c   0x000000f0   Code   RO         1826    i.rt_mbx_psh        RTX_CM4.lib(rt_mailbox.o)
    0x0800878c   0x000000b4   Code   RO         1828    i.rt_mbx_wait       RTX_CM4.lib(rt_mailbox.o)
    0x08008840   0x00000044   Code   RO          918    i.rt_ms2tick        RTX_CM4.lib(rt_cmsis.o)
    0x08008884   0x00000010   Code   RO         1913    i.rt_mut_init       RTX_CM4.lib(rt_mutex.o)
    0x08008894   0x000000d8   Code   RO         1914    i.rt_mut_release    RTX_CM4.lib(rt_mutex.o)
    0x0800896c   0x00000068   Code   RO         1915    i.rt_mut_wait       RTX_CM4.lib(rt_mutex.o)
    0x080089d4   0x0000007c   Code   RO         1614    i.rt_pop_req        RTX_CM4.lib(rt_system.o)
    0x08008a50   0x00000020   Code   RO         1615    i.rt_psh_req        RTX_CM4.lib(rt_system.o)
    0x08008a70   0x0000005c   Code   RO         1749    i.rt_psq_enq        RTX_CM4.lib(rt_list.o)
    0x08008acc   0x00000048   Code   RO         1750    i.rt_put_dly        RTX_CM4.lib(rt_list.o)
    0x08008b14   0x00000036   Code   RO         1751    i.rt_put_prio       RTX_CM4.lib(rt_list.o)
    0x08008b4a   0x00000002   PAD
    0x08008b4c   0x00000014   Code   RO         1752    i.rt_put_rdy_first  RTX_CM4.lib(rt_list.o)
    0x08008b60   0x00000034   Code   RO         1753    i.rt_resort_prio    RTX_CM4.lib(rt_list.o)
    0x08008b94   0x00000010   Code   RO         2000    i.rt_ret_regs       RTX_CM4.lib(hal_cm.o)
    0x08008ba4   0x0000000c   Code   RO         2001    i.rt_ret_val        RTX_CM4.lib(hal_cm.o)
    0x08008bb0   0x00000010   Code   RO         2002    i.rt_ret_val2       RTX_CM4.lib(hal_cm.o)
    0x08008bc0   0x00000028   Code   RO         1754    i.rt_rmv_dly        RTX_CM4.lib(rt_list.o)
    0x08008be8   0x00000030   Code   RO         1755    i.rt_rmv_list       RTX_CM4.lib(rt_list.o)
    0x08008c18   0x00000034   Code   RO         1873    i.rt_sem_psh        RTX_CM4.lib(rt_semaphore.o)
    0x08008c4c   0x00000024   Code   RO         1617    i.rt_stk_check      RTX_CM4.lib(rt_system.o)
    0x08008c70   0x00000028   Code   RO         1528    i.rt_switch_req     RTX_CM4.lib(rt_task.o)
    0x08008c98   0x000000cc   Code   RO         1529    i.rt_sys_init       RTX_CM4.lib(rt_task.o)
    0x08008d64   0x00000078   Code   RO         1530    i.rt_sys_start      RTX_CM4.lib(rt_task.o)
    0x08008ddc   0x00000040   Code   RO         1619    i.rt_systick        RTX_CM4.lib(rt_system.o)
    0x08008e1c   0x00000012   Code   RO          919    i.rt_tid2ptcb       RTX_CM4.lib(rt_cmsis.o)
    0x08008e2e   0x00000002   PAD
    0x08008e30   0x00000034   Code   RO          920    i.rt_timer_insert   RTX_CM4.lib(rt_cmsis.o)
    0x08008e64   0x00000088   Code   RO         1531    i.rt_tsk_create     RTX_CM4.lib(rt_task.o)
    0x08008eec   0x0000017c   Code   RO         1532    i.rt_tsk_delete     RTX_CM4.lib(rt_task.o)
    0x08009068   0x0000007c   Code   RO         1534    i.rt_tsk_prio       RTX_CM4.lib(rt_task.o)
    0x080090e4   0x00000010   Code   RO         1535    i.rt_tsk_self       RTX_CM4.lib(rt_task.o)
    0x080090f4   0x00000012   Code   RO          922    i.svcDelay          RTX_CM4.lib(rt_cmsis.o)
    0x08009106   0x00000002   PAD
    0x08009108   0x00000070   Code   RO          923    i.svcKernelInitialize  RTX_CM4.lib(rt_cmsis.o)
    0x08009178   0x00000048   Code   RO          925    i.svcKernelStart    RTX_CM4.lib(rt_cmsis.o)
    0x080091c0   0x00000024   Code   RO          928    i.svcMessageCreate  RTX_CM4.lib(rt_cmsis.o)
    0x080091e4   0x0000003a   Code   RO          929    i.svcMessageGet     RTX_CM4.lib(rt_cmsis.o)
    0x0800921e   0x0000001c   Code   RO          931    i.svcMutexCreate    RTX_CM4.lib(rt_cmsis.o)
    0x0800923a   0x00000022   Code   RO          933    i.svcMutexRelease   RTX_CM4.lib(rt_cmsis.o)
    0x0800925c   0x00000036   Code   RO          934    i.svcMutexWait      RTX_CM4.lib(rt_cmsis.o)
    0x08009292   0x00000002   PAD
    0x08009294   0x00000070   Code   RO          943    i.svcThreadCreate   RTX_CM4.lib(rt_cmsis.o)
    0x08009304   0x0000001c   Code   RO          944    i.svcThreadGetId    RTX_CM4.lib(rt_cmsis.o)
    0x08009320   0x00000038   Code   RO          947    i.svcThreadTerminate  RTX_CM4.lib(rt_cmsis.o)
    0x08009358   0x00000018   Code   RO          949    i.svcTimerCall      RTX_CM4.lib(rt_cmsis.o)
    0x08009370   0x0000005c   Code   RO          958    i.sysTimerTick      RTX_CM4.lib(rt_cmsis.o)
    0x080093cc   0x00000010   Data   RO          177    .constdata          thread_led.o
    0x080093dc   0x00000010   Data   RO          213    .constdata          thread_tempsensor.o
    0x080093ec   0x00000056   Data   RO          406    .constdata          rtx_conf_cm.o
    0x08009442   0x00000008   Data   RO          538    .constdata          stm32f4xx_hal_dma.o
    0x0800944a   0x00000010   Data   RO          659    .constdata          stm32f4xx_hal_rcc.o
    0x0800945a   0x00000010   Data   RO          837    .constdata          system_stm32f4xx.o
    0x0800946a   0x00000002   PAD
    0x0800946c   0x00000020   Data   RO         2472    Region$$Table       anon$$obj.o


    Execution Region RW_IRAM1 (Base: 0x20000000, Size: 0x00001f70, Max: 0x00020000, ABSOLUTE)

    Base Addr    Size         Type   Attr      Idx    E Section Name        Object

    0x20000000   0x0000000c   Data   RW            6    .data               main.o
    0x2000000c   0x00000004   Data   RW          178    .data               thread_led.o
    0x20000010   0x0000000c   Data   RW          214    .data               thread_tempsensor.o
    0x2000001c   0x00000020   Data   RW          407    .data               rtx_conf_cm.o
    0x2000003c   0x00000004   Data   RW          436    .data               stm32f4xx_hal.o
    0x20000040   0x00000004   Data   RW          838    .data               system_stm32f4xx.o
    0x20000044   0x00000008   Data   RW          961    .data               RTX_CM4.lib(rt_cmsis.o)
    0x2000004c   0x00000004   Data   RW         1496    .data               RTX_CM4.lib(rt_time.o)
    0x20000050   0x00000008   Data   RW         1537    .data               RTX_CM4.lib(rt_task.o)
    0x20000058   0x00000008   Data   RW         1622    .data               RTX_CM4.lib(rt_system.o)
    0x20000060   0x00000001   Data   RW         2003    .data               RTX_CM4.lib(hal_cm.o)
    0x20000061   0x00000003   PAD
    0x20000064   0x00000008   Data   RW         2051    .data               RTX_CM4.lib(rt_robin.o)
    0x2000006c   0x00000004   Data   RW         2441    .data               mc_w.l(stdout.o)
    0x20000070   0x0000003c   Zero   RW            5    .bss                main.o
    0x200000ac   0x00000014   Zero   RW          176    .bss                thread_led.o
    0x200000c0   0x00000058   Zero   RW          212    .bss                thread_tempsensor.o
    0x20000118   0x000019f0   Zero   RW          405    .bss                rtx_conf_cm.o
    0x20001b08   0x00000034   Zero   RW         1536    .bss                RTX_CM4.lib(rt_task.o)
    0x20001b3c   0x00000030   Zero   RW         1756    .bss                RTX_CM4.lib(rt_list.o)
    0x20001b6c   0x00000004   PAD
    0x20001b70   0x00000400   Zero   RW          826    STACK               startup_stm32f407xx.o


==============================================================================

Image component sizes


      Code (inc. data)   RO Data    RW Data    ZI Data      Debug   Object Name

      2288         60          0          0          0       2910   display_segment.o
        56          4          0          0          0      27323   fput_debug.o
       472         50          0         12         60     390649   main.o
        62          6         86         32       6640       7378   rtx_conf_cm.o
        36          8        392          0       1024        856   startup_stm32f407xx.o
       432         26          0          4          0       4990   stm32f4xx_hal.o
      2460         70          0          0          0       7575   stm32f4xx_hal_adc.o
      1824         40          0          0          0       5694   stm32f4xx_hal_adc_ex.o
       804         20          0          0          0      32311   stm32f4xx_hal_cortex.o
      1560         16          8          0          0       5016   stm32f4xx_hal_dma.o
       972         50          0          0          0       3835   stm32f4xx_hal_gpio.o
      2636         66         16          0          0       5742   stm32f4xx_hal_rcc.o
     10240        152          0          0          0      31026   stm32f4xx_hal_tim.o
      3464         26          0          0          0      11826   stm32f4xx_hal_tim_ex.o
       288         32         16          4          0       1627   system_stm32f4xx.o
       168         48         16          4         20       1644   thread_led.o
       488        132         16         12         88       2348   thread_tempsensor.o

    ----------------------------------------------------------------------
     28252        806        584         68       7832     542750   Object Totals
         0          0         32          0          0          0   (incl. Generated)
         2          0          2          0          0          0   (incl. Padding)

    ----------------------------------------------------------------------

      Code (inc. data)   RO Data    RW Data    ZI Data      Debug   Library Member Name

       268         24          0          1          0       4452   hal_cm.o
       408         34          0          0          0        816   hal_cm4.o
      1372        168          0          8          0      39086   rt_cmsis.o
        80          4          0          0          0        701   rt_event.o
       530         34          0          0         48       8597   rt_list.o
       550         10          0          0          0       4185   rt_mailbox.o
       140          0          0          0          0       2045   rt_membox.o
       128          0          0          0          0       2419   rt_memory.o
       336         12          0          0          0       2201   rt_mutex.o
        96         22          0          8          0       1230   rt_robin.o
        52          4          0          0          0        613   rt_semaphore.o
       298         52          0          8          0       6439   rt_system.o
      1216        174          0          8         52      10025   rt_task.o
         6          0          0          4          0        684   rt_time.o
         4          4          0          0          0        200   svc_table.o
         0          0          0          0          0          0   entry.o
         0          0          0          0          0          0   entry10a.o
         0          0          0          0          0          0   entry11a.o
         8          4          0          0          0          0   entry2.o
         4          0          0          0          0          0   entry5.o
         0          0          0          0          0          0   entry7b.o
         0          0          0          0          0          0   entry8b.o
        30          0          0          0          0          0   handlers.o
        36          8          0          0          0         68   init.o
         0          0          0          0          0          0   iusefp.o
        30          0          0          0          0         68   llshl.o
        36          0          0          0          0         68   llsshr.o
        32          0          0          0          0         68   llushr.o
        36          0          0          0          0         68   memcpya.o
      2226         90          0          0          0        444   printfa.o
         0          0          0          4          0          0   stdout.o
        44          0          0          0          0         80   uidiv.o
        98          0          0          0          0         92   uldiv.o
        48          0          0          0          0         68   cdrcmple.o
       334          0          0          0          0        148   dadd.o
       222          0          0          0          0        100   ddiv.o
       186          0          0          0          0        176   depilogue.o
        48          0          0          0          0         68   dfixul.o
       228          0          0          0          0         96   dmul.o
        38          0          0          0          0         68   f2d.o

    ----------------------------------------------------------------------
      9192        644          0         44        104      85373   Library Totals
        24          0          0          3          4          0   (incl. Padding)

    ----------------------------------------------------------------------

      Code (inc. data)   RO Data    RW Data    ZI Data      Debug   Library Name

      5484        542          0         37        100      83693   RTX_CM4.lib
      2580        102          0          4          0        956   mc_w.l
      1104          0          0          0          0        724   mf_w.l

    ----------------------------------------------------------------------
      9192        644          0         44        104      85373   Library Totals

    ----------------------------------------------------------------------

==============================================================================


      Code (inc. data)   RO Data    RW Data    ZI Data      Debug   

     37444       1450        584        112       7936     615795   Grand Totals
     37444       1450        584        112       7936     615795   ELF Image Totals
     37444       1450        584        112          0          0   ROM Totals

==============================================================================

    Total RO  Size (Code + RO Data)                38028 (  37.14kB)
    Total RW  Size (RW Data + ZI Data)              8048 (   7.86kB)
    Total ROM Size (Code + RO Data + RW Data)      38140 (  37.25kB)

==============================================================================

