


ARM Macro Assembler    Page 1 


    1 00000000         ; Luke Soldano, Xavier Agostini (C) 2016
    2 00000000         ; McGill University, ECSE 426, Lab One
    3 00000000         ; Assembly code to initialize arrary
    4 00000000         
    5 00000000                 AREA             fn, DATA, READWRITE
    6 00000000                 EXPORT           dummyInput
    7 00000000                 EXPORT           dummyOutput
    8 00000000                 EXPORT           dummyStruct
    9 00000000 00000001 
              00000002 
              00000003 
              00000004 
              00000005 dummyInput
                               DCD              1,2,3,4,5
   10 00000014 00000001 
              00000002 
              00000003 
              00000004 
              00000005 dummyOutput
                               DCD              1,2,3,4,5
   11 00000028 00000001 
              00000002 
              00000003 
              00000004 
              00000005 dummyStruct
                               DCD              1,2,3,4,5
   12 0000003C                 END
Command Line: --debug --xref --diag_suppress=9931 --cpu=Cortex-M4.fp --apcs=int
erwork --depend=.\objects\array1.d -o.\objects\array1.o -IC:\zzzz\MP426_Lab1\La
b1_STM32F4Cube_Base_project\RTE -IC:\Keil_v5\ARM\PACK\ARM\CMSIS\4.5.0\CMSIS\Inc
lude -IC:\Keil_v5\ARM\PACK\Keil\STM32F4xx_DFP\2.7.0\Drivers\CMSIS\Device\ST\STM
32F4xx\Include --predefine="__UVISION_VERSION SETA 515" --predefine="_RTE_ SETA
 1" --predefine="STM32F407xx SETA 1" --list=.\listings\array1.lst Sources\array
1.s



ARM Macro Assembler    Page 1 Alphabetic symbol ordering
Relocatable symbols

dummyInput 00000000

Symbol: dummyInput
   Definitions
      At line 9 in file Sources\array1.s
   Uses
      At line 6 in file Sources\array1.s
Comment: dummyInput used once
dummyOutput 00000014

Symbol: dummyOutput
   Definitions
      At line 10 in file Sources\array1.s
   Uses
      At line 7 in file Sources\array1.s
Comment: dummyOutput used once
dummyStruct 00000028

Symbol: dummyStruct
   Definitions
      At line 11 in file Sources\array1.s
   Uses
      At line 8 in file Sources\array1.s
Comment: dummyStruct used once
fn 00000000

Symbol: fn
   Definitions
      At line 5 in file Sources\array1.s
   Uses
      None
Comment: fn unused
4 symbols
337 symbols in table
