Component: ARM Compiler 5.05 update 2 (build 169) Tool: armlink [4d0f33]

==============================================================================

Section Cross References

    main.o(.text) refers to _printf_percent.o(.ARM.Collect$$_printf_percent$$00000000) for _printf_percent
    main.o(.text) refers to _printf_i.o(.ARM.Collect$$_printf_percent$$00000008) for _printf_i
    main.o(.text) refers to _printf_f.o(.ARM.Collect$$_printf_percent$$00000003) for _printf_f
    main.o(.text) refers to _printf_dec.o(.text) for _printf_int_dec
    main.o(.text) refers to printf1.o(x$fpl$printf1) for _printf_fp_dec
    main.o(.text) refers to arm_sub_f32.o(.text) for arm_sub_f32
    main.o(.text) refers to arm_mean_f32.o(.text) for arm_mean_f32
    main.o(.text) refers to arm_std_f32.o(.text) for arm_std_f32
    main.o(.text) refers to arm_correlate_f32.o(.text) for arm_correlate_f32
    main.o(.text) refers to arm_conv_f32.o(.text) for arm_conv_f32
    main.o(.text) refers to f2d.o(x$fpl$f2d) for __aeabi_f2d
    main.o(.text) refers to pow.o(i.__hardfp_pow) for __hardfp_pow
    main.o(.text) refers to daddsub_clz.o(x$fpl$dadd) for __aeabi_dadd
    main.o(.text) refers to d2f_clz.o(x$fpl$d2f) for __aeabi_d2f
    main.o(.text) refers to dmul_clz.o(x$fpl$dmul) for __aeabi_dmul
    main.o(.text) refers to sqrt_full.o(i.__hardfp_sqrt) for __hardfp_sqrt
    main.o(.text) refers to drleqf.o(x$fpl$drleqf) for __aeabi_cdrcmple
    main.o(.text) refers to kalmanfilter_asm.o(fn) for Kalmanfilter_asm
    main.o(.text) refers to rt_memcpy_w.o(.text) for __aeabi_memcpy4
    main.o(.text) refers to noretval__2printf.o(.text) for __2printf
    main.o(.text) refers to main.o(.constdata) for .constdata
    testbench_asm.o(fn) refers to array1.o(fn) for dummyOutput
    testbench_asm.o(fn) refers to kalmanfilter_asm.o(fn) for Kalmanfilter_asm
    startup_stm32f407xx.o(STACK) refers (Special) to heapauxi.o(.text) for __use_two_region_memory
    startup_stm32f407xx.o(HEAP) refers (Special) to heapauxi.o(.text) for __use_two_region_memory
    startup_stm32f407xx.o(RESET) refers (Special) to heapauxi.o(.text) for __use_two_region_memory
    startup_stm32f407xx.o(RESET) refers to startup_stm32f407xx.o(STACK) for __initial_sp
    startup_stm32f407xx.o(RESET) refers to startup_stm32f407xx.o(.text) for Reset_Handler
    startup_stm32f407xx.o(.text) refers (Special) to heapauxi.o(.text) for __use_two_region_memory
    startup_stm32f407xx.o(.text) refers to main.o(.text) for main
    startup_stm32f407xx.o(.text) refers to startup_stm32f407xx.o(HEAP) for Heap_Mem
    startup_stm32f407xx.o(.text) refers to startup_stm32f407xx.o(STACK) for Stack_Mem
    system_stm32f4xx.o(.text) refers to system_stm32f4xx.o(.data) for SystemCoreClock
    system_stm32f4xx.o(.text) refers to system_stm32f4xx.o(.constdata) for AHBPrescTable
    __2printf.o(.text) refers to _printf_char_file.o(.text) for _printf_char_file
    __2printf.o(.text) refers to stdio_streams.o(.bss) for __stdout
    noretval__2printf.o(.text) refers to _printf_char_file.o(.text) for _printf_char_file
    noretval__2printf.o(.text) refers to stdio_streams.o(.bss) for __stdout
    __printf.o(.text) refers to _printf_percent.o(.ARM.Collect$$_printf_percent$$00000000) for _printf_percent
    _printf_dec.o(.text) refers to _printf_intcommon.o(.text) for _printf_int_common
    __printf_flags.o(.text) refers to _printf_percent.o(.ARM.Collect$$_printf_percent$$00000000) for _printf_percent
    __printf_flags.o(.text) refers to __printf_flags.o(.constdata) for .constdata
    __printf_ss.o(.text) refers to _printf_percent.o(.ARM.Collect$$_printf_percent$$00000000) for _printf_percent
    __printf_flags_ss.o(.text) refers to _printf_percent.o(.ARM.Collect$$_printf_percent$$00000000) for _printf_percent
    __printf_flags_ss.o(.text) refers to __printf_flags_ss.o(.constdata) for .constdata
    __printf_wp.o(.text) refers to __printf_wp.o(i._is_digit) for _is_digit
    __printf_wp.o(.text) refers to _printf_percent.o(.ARM.Collect$$_printf_percent$$00000000) for _printf_percent
    __printf_flags_wp.o(.text) refers to __printf_wp.o(i._is_digit) for _is_digit
    __printf_flags_wp.o(.text) refers to _printf_percent.o(.ARM.Collect$$_printf_percent$$00000000) for _printf_percent
    __printf_flags_wp.o(.text) refers to __printf_flags_wp.o(.constdata) for .constdata
    __printf_ss_wp.o(.text) refers to __printf_wp.o(i._is_digit) for _is_digit
    __printf_ss_wp.o(.text) refers to _printf_percent.o(.ARM.Collect$$_printf_percent$$00000000) for _printf_percent
    __printf_flags_ss_wp.o(.text) refers to __printf_wp.o(i._is_digit) for _is_digit
    __printf_flags_ss_wp.o(.text) refers to _printf_percent.o(.ARM.Collect$$_printf_percent$$00000000) for _printf_percent
    __printf_flags_ss_wp.o(.text) refers to __printf_flags_ss_wp.o(.constdata) for .constdata
    _printf_i.o(.ARM.Collect$$_printf_percent$$00000008) refers (Weak) to _printf_dec.o(.text) for _printf_int_dec
[...]
    Sources\array1.s                         0x00000000   Number         0  array1.o ABSOLUTE
    Sources\fput_debug.c                     0x00000000   Number         0  fput_debug.o ABSOLUTE
    Sources\main.c                           0x00000000   Number         0  main.o ABSOLUTE
    dc.s                                     0x00000000   Number         0  dc.o ABSOLUTE
    testBench_asm.s                          0x00000000   Number         0  testbench_asm.o ABSOLUTE
    RESET                                    0x08000000   Section      392  startup_stm32f407xx.o(RESET)
    !!!main                                  0x08000188   Section        8  __main.o(!!!main)
    !!!scatter                               0x08000190   Section       52  __scatter.o(!!!scatter)
    !!handler_copy                           0x080001c4   Section       26  __scatter_copy.o(!!handler_copy)
    !!handler_zi                             0x080001e0   Section       28  __scatter_zi.o(!!handler_zi)
    .ARM.Collect$$_printf_percent$$00000000  0x080001fc   Section        0  _printf_percent.o(.ARM.Collect$$_printf_percent$$00000000)
    .ARM.Collect$$_printf_percent$$00000003  0x080001fc   Section        6  _printf_f.o(.ARM.Collect$$_printf_percent$$00000003)
    .ARM.Collect$$_printf_percent$$00000008  0x08000202   Section        6  _printf_i.o(.ARM.Collect$$_printf_percent$$00000008)
    .ARM.Collect$$_printf_percent$$00000017  0x08000208   Section        4  _printf_percent_end.o(.ARM.Collect$$_printf_percent$$00000017)
    .ARM.Collect$$libinit$$00000000          0x0800020c   Section        2  libinit.o(.ARM.Collect$$libinit$$00000000)
    .ARM.Collect$$libinit$$00000001          0x0800020e   Section        4  libinit2.o(.ARM.Collect$$libinit$$00000001)
    .ARM.Collect$$libinit$$00000004          0x08000212   Section        0  libinit2.o(.ARM.Collect$$libinit$$00000004)
    .ARM.Collect$$libinit$$00000005          0x08000212   Section        8  libinit2.o(.ARM.Collect$$libinit$$00000005)
    .ARM.Collect$$libinit$$0000000A          0x0800021a   Section        0  libinit2.o(.ARM.Collect$$libinit$$0000000A)
    .ARM.Collect$$libinit$$0000000C          0x0800021a   Section        0  libinit2.o(.ARM.Collect$$libinit$$0000000C)
    .ARM.Collect$$libinit$$0000000E          0x0800021a   Section        0  libinit2.o(.ARM.Collect$$libinit$$0000000E)
    .ARM.Collect$$libinit$$0000000F          0x0800021a   Section        6  libinit2.o(.ARM.Collect$$libinit$$0000000F)
    .ARM.Collect$$libinit$$00000011          0x08000220   Section        0  libinit2.o(.ARM.Collect$$libinit$$00000011)
    .ARM.Collect$$libinit$$00000013          0x08000220   Section        0  libinit2.o(.ARM.Collect$$libinit$$00000013)
    .ARM.Collect$$libinit$$00000015          0x08000220   Section        0  libinit2.o(.ARM.Collect$$libinit$$00000015)
    .ARM.Collect$$libinit$$00000016          0x08000220   Section       10  libinit2.o(.ARM.Collect$$libinit$$00000016)
    .ARM.Collect$$libinit$$00000017          0x0800022a   Section        0  libinit2.o(.ARM.Collect$$libinit$$00000017)
    .ARM.Collect$$libinit$$00000019          0x0800022a   Section        0  libinit2.o(.ARM.Collect$$libinit$$00000019)
    .ARM.Collect$$libinit$$0000001B          0x0800022a   Section        0  libinit2.o(.ARM.Collect$$libinit$$0000001B)
    .ARM.Collect$$libinit$$0000001D          0x0800022a   Section        0  libinit2.o(.ARM.Collect$$libinit$$0000001D)
    .ARM.Collect$$libinit$$0000001F          0x0800022a   Section        0  libinit2.o(.ARM.Collect$$libinit$$0000001F)
    .ARM.Collect$$libinit$$00000021          0x0800022a   Section        0  libinit2.o(.ARM.Collect$$libinit$$00000021)
    .ARM.Collect$$libinit$$00000023          0x0800022a   Section        0  libinit2.o(.ARM.Collect$$libinit$$00000023)
    .ARM.Collect$$libinit$$00000024          0x0800022a   Section        4  libinit2.o(.ARM.Collect$$libinit$$00000024)
    .ARM.Collect$$libinit$$00000025          0x0800022e   Section        0  libinit2.o(.ARM.Collect$$libinit$$00000025)
    .ARM.Collect$$libinit$$0000002C          0x0800022e   Section        0  libinit2.o(.ARM.Collect$$libinit$$0000002C)
    .ARM.Collect$$libinit$$0000002E          0x0800022e   Section        0  libinit2.o(.ARM.Collect$$libinit$$0000002E)
    .ARM.Collect$$libinit$$00000030          0x0800022e   Section        0  libinit2.o(.ARM.Collect$$libinit$$00000030)
    .ARM.Collect$$libinit$$00000032          0x0800022e   Section        0  libinit2.o(.ARM.Collect$$libinit$$00000032)
    .ARM.Collect$$libinit$$00000033          0x0800022e   Section        2  libinit2.o(.ARM.Collect$$libinit$$00000033)
    .ARM.Collect$$libshutdown$$00000000      0x08000230   Section        2  libshutdown.o(.ARM.Collect$$libshutdown$$00000000)
    .ARM.Collect$$libshutdown$$00000002      0x08000232   Section        4  libshutdown2.o(.ARM.Collect$$libshutdown$$00000002)
    .ARM.Collect$$libshutdown$$00000003      0x08000236   Section        0  libshutdown2.o(.ARM.Collect$$libshutdown$$00000003)
    .ARM.Collect$$libshutdown$$00000006      0x08000236   Section        0  libshutdown2.o(.ARM.Collect$$libshutdown$$00000006)
    .ARM.Collect$$libshutdown$$00000009      0x08000236   Section        0  libshutdown2.o(.ARM.Collect$$libshutdown$$00000009)
    .ARM.Collect$$libshutdown$$0000000B      0x08000236   Section        0  libshutdown2.o(.ARM.Collect$$libshutdown$$0000000B)
    .ARM.Collect$$libshutdown$$0000000E      0x08000236   Section        0  libshutdown2.o(.ARM.Collect$$libshutdown$$0000000E)
    .ARM.Collect$$libshutdown$$0000000F      0x08000236   Section        2  libshutdown2.o(.ARM.Collect$$libshutdown$$0000000F)
    .ARM.Collect$$rtentry$$00000000          0x08000238   Section        0  __rtentry.o(.ARM.Collect$$rtentry$$00000000)
    .ARM.Collect$$rtentry$$00000002          0x08000238   Section        0  __rtentry2.o(.ARM.Collect$$rtentry$$00000002)
    .ARM.Collect$$rtentry$$00000004          0x08000238   Section        6  __rtentry4.o(.ARM.Collect$$rtentry$$00000004)
    .ARM.Collect$$rtentry$$00000009          0x0800023e   Section        0  __rtentry2.o(.ARM.Collect$$rtentry$$00000009)
    .ARM.Collect$$rtentry$$0000000A          0x0800023e   Section        4  __rtentry2.o(.ARM.Collect$$rtentry$$0000000A)
    .ARM.Collect$$rtentry$$0000000C          0x08000242   Section        0  __rtentry2.o(.ARM.Collect$$rtentry$$0000000C)
    .ARM.Collect$$rtentry$$0000000D          0x08000242   Section        8  __rtentry2.o(.ARM.Collect$$rtentry$$0000000D)
    .ARM.Collect$$rtexit$$00000000           0x0800024a   Section        2  rtexit.o(.ARM.Collect$$rtexit$$00000000)
    .ARM.Collect$$rtexit$$00000002           0x0800024c   Section        0  rtexit2.o(.ARM.Collect$$rtexit$$00000002)
    .ARM.Collect$$rtexit$$00000003           0x0800024c   Section        4  rtexit2.o(.ARM.Collect$$rtexit$$00000003)
    .ARM.Collect$$rtexit$$00000004           0x08000250   Section        6  rtexit2.o(.ARM.Collect$$rtexit$$00000004)
    .emb_text                                0x08000258   Section        0  maybetermalloc1.o(.emb_text)
    .text                                    0x08000258   Section        0  main.o(.text)
    .text                                    0x08000ba4   Section        0  fput_debug.o(.text)
    .text                                    0x08000bdc   Section       84  startup_stm32f407xx.o(.text)
    $v0                                      0x08000bdc   Number         0  startup_stm32f407xx.o(.text)
    .text                                    0x08000c30   Section        0  arm_sub_f32.o(.text)
    .text                                    0x08000d04   Section        0  arm_conv_f32.o(.text)
    .text                                    0x08001274   Section        0  arm_correlate_f32.o(.text)
    .text                                    0x08001800   Section        0  arm_mean_f32.o(.text)
    .text                                    0x08001890   Section        0  arm_std_f32.o(.text)
    .text                                    0x080019c4   Section        0  noretval__2printf.o(.text)
    .text                                    0x080019dc   Section        0  _printf_dec.o(.text)
    .text                                    0x08001a54   Section        0  __printf_flags_wp.o(.text)
    .text                                    0x08001b8c   Section      100  rt_memcpy_w.o(.text)
    .text                                    0x08001bf0   Section        0  heapauxi.o(.text)
    .text                                    0x08001bf6   Section        0  _rserrno.o(.text)
    .text                                    0x08001c0c   Section        0  _printf_intcommon.o(.text)
    .text                                    0x08001cbe   Section        0  _printf_fp_dec.o(.text)
    _fp_digits                               0x08001cc1   Thumb Code   428  _printf_fp_dec.o(.text)
    .text                                    0x080020d8   Section        0  _printf_char_file.o(.text)
    .text                                    0x080020fc   Section        8  rt_locale_intlibspace.o(.text)
    .text                                    0x08002104   Section        8  rt_errno_addr_intlibspace.o(.text)
    .text                                    0x0800210c   Section      138  lludiv10.o(.text)
    .text                                    0x08002198   Section        0  _fptrap.o(.text)
    .text                                    0x080021c8   Section        0  _printf_char_common.o(.text)
    _printf_input_char                       0x080021c9   Thumb Code    10  _printf_char_common.o(.text)
    .text                                    0x080021f8   Section        0  _printf_fp_infnan.o(.text)
    .text                                    0x08002278   Section        0  bigflt0.o(.text)
    .text                                    0x08002354   Section        0  ferror.o(.text)
    .text                                    0x0800235c   Section        0  initio.o(.text)
    .text                                    0x08002494   Section        0  sys_io.o(.text)
    .text                                    0x080024fc   Section        8  libspace.o(.text)
    .text                                    0x08002504   Section       74  sys_stackheap_outer.o(.text)
    .text                                    0x0800254e   Section        0  h1_free.o(.text)
    .text                                    0x0800259c   Section        0  setvbuf.o(.text)
    .text                                    0x080025e4   Section        0  fopen.o(.text)
    _freopen_locked                          0x080025e5   Thumb Code     0  fopen.o(.text)
    .text                                    0x080026d0   Section        0  fclose.o(.text)
    .text                                    0x0800271c   Section        0  exit.o(.text)
    .text                                    0x08002728   Section        0  defsig_fpe_outer.o(.text)
    .text                                    0x08002736   Section        0  defsig_rtred_outer.o(.text)
    .text                                    0x08002744   Section       78  rt_memclr_w.o(.text)
    .text                                    0x08002794   Section      128  strcmpv7m.o(.text)
    .text                                    0x08002814   Section        2  use_no_semi.o(.text)
    .text                                    0x08002816   Section        0  indicate_semi.o(.text)
    .text                                    0x08002818   Section        8  rt_heap_descriptor_intlibspace.o(.text)
    .text                                    0x08002820   Section        0  hguard.o(.text)
    .text                                    0x08002824   Section        0  init_alloc.o(.text)
    .text                                    0x080028ae   Section        0  h1_alloc.o(.text)
    .text                                    0x0800290c   Section        0  fseek.o(.text)
    .text                                    0x08002a04   Section        0  stdio.o(.text)
    .text                                    0x08002af4   Section        0  defsig_exit.o(.text)
    .text                                    0x08002b00   Section        0  defsig_fpe_inner.o(.text)
    .text                                    0x08002bac   Section        0  defsig_rtred_inner.o(.text)
    .text                                    0x08002be0   Section        0  strlen.o(.text)
    .text                                    0x08002c20   Section        0  sys_exit.o(.text)
    .text                                    0x08002c2c   Section        0  h1_init.o(.text)
    .text                                    0x08002c3a   Section        0  h1_extend.o(.text)
    .text                                    0x08002c6e   Section        0  ftell.o(.text)
    .text                                    0x08002cb0   Section        0  defsig_general.o(.text)
    .text                                    0x08002ce2   Section        0  defsig_rtmem_outer.o(.text)
    .text                                    0x08002cf0   Section        0  sys_wrch.o(.text)
    .text                                    0x08002d00   Section        0  defsig_rtmem_inner.o(.text)
    CL$$btod_d2e                             0x08002d50   Section       62  btod.o(CL$$btod_d2e)
    CL$$btod_d2e_denorm_low                  0x08002d8e   Section       70  btod.o(CL$$btod_d2e_denorm_low)
    CL$$btod_d2e_norm_op1                    0x08002dd4   Section       96  btod.o(CL$$btod_d2e_norm_op1)
    CL$$btod_div_common                      0x08002e34   Section      824  btod.o(CL$$btod_div_common)
    CL$$btod_e2e                             0x0800316c   Section      198  btod.o(CL$$btod_e2e)
    CL$$btod_ediv                            0x08003232   Section       40  btod.o(CL$$btod_ediv)
    CL$$btod_emul                            0x0800325a   Section       40  btod.o(CL$$btod_emul)
    CL$$btod_mult_common                     0x08003282   Section      580  btod.o(CL$$btod_mult_common)
    fn                                       0x080034c8   Section      134  kalmanfilter_asm.o(fn)
    $v0                                      0x080034c8   Number         0  kalmanfilter_asm.o(fn)
    i.__ARM_fpclassify                       0x0800354e   Section        0  fpclassify.o(i.__ARM_fpclassify)
    i.__hardfp_pow                           0x08003580   Section        0  pow.o(i.__hardfp_pow)
    i.__hardfp_sqrt                          0x080041b8   Section        0  sqrt_full.o(i.__hardfp_sqrt)
    i.__kernel_poly                          0x08004232   Section        0  poly.o(i.__kernel_poly)
    i.__mathlib_dbl_divzero                  0x08004330   Section        0  dunder.o(i.__mathlib_dbl_divzero)
    i.__mathlib_dbl_infnan2                  0x08004360   Section        0  dunder.o(i.__mathlib_dbl_infnan2)
    i.__mathlib_dbl_invalid                  0x08004378   Section        0  dunder.o(i.__mathlib_dbl_invalid)
    i.__mathlib_dbl_overflow                 0x08004398   Section        0  dunder.o(i.__mathlib_dbl_overflow)
    i.__mathlib_dbl_underflow                0x080043b8   Section        0  dunder.o(i.__mathlib_dbl_underflow)
    i._is_digit                              0x080043d8   Section        0  __printf_wp.o(i._is_digit)
    i.fabs                                   0x080043e6   Section        0  fabs.o(i.fabs)
    i.sqrt                                   0x080043fe   Section        0  sqrt_full.o(i.sqrt)
    locale$$code                             0x0800446c   Section       44  lc_numeric_c.o(locale$$code)
    x$fpl$basic                              0x08004498   Section       24  basic.o(x$fpl$basic)
    $v0                                      0x08004498   Number         0  basic.o(x$fpl$basic)
    x$fpl$d2f                                0x080044b0   Section      708  d2f_clz.o(x$fpl$d2f)
    $v0                                      0x080044b0   Number         0  d2f_clz.o(x$fpl$d2f)
    x$fpl$dadd                               0x08004774   Section      588  daddsub_clz.o(x$fpl$dadd)
    $v0                                      0x08004774   Number         0  daddsub_clz.o(x$fpl$dadd)
    _dadd1                                   0x0800479f   Thumb Code     0  daddsub_clz.o(x$fpl$dadd)
    dadd_zerodenorm                          0x0800493f   Thumb Code     0  daddsub_clz.o(x$fpl$dadd)
    x$fpl$dcheck1                            0x080049c0   Section       28  dcheck1.o(x$fpl$dcheck1)
    $v0                                      0x080049c0   Number         0  dcheck1.o(x$fpl$dcheck1)
    x$fpl$dcmpinf                            0x080049dc   Section       24  dcmpi.o(x$fpl$dcmpinf)
    $v0                                      0x080049dc   Number         0  dcmpi.o(x$fpl$dcmpinf)
    x$fpl$ddiv                               0x080049f4   Section      892  ddiv_clz.o(x$fpl$ddiv)
    $v0                                      0x080049f4   Number         0  ddiv_clz.o(x$fpl$ddiv)
    ddiv_entry                               0x080049fb   Thumb Code     0  ddiv_clz.o(x$fpl$ddiv)
    x$fpl$dflt                               0x08004d70   Section       46  dflt_clz.o(x$fpl$dflt)
    $v0                                      0x08004d70   Number         0  dflt_clz.o(x$fpl$dflt)
    x$fpl$dfltn                              0x08004d9e   Section       26  dflt_clz.o(x$fpl$dfltn)
    $v0                                      0x08004d9e   Number         0  dflt_clz.o(x$fpl$dfltn)
    x$fpl$dleqf                              0x08004db8   Section      120  dleqf.o(x$fpl$dleqf)
    $v0                                      0x08004db8   Number         0  dleqf.o(x$fpl$dleqf)
    x$fpl$dmul                               0x08004e30   Section      448  dmul_clz.o(x$fpl$dmul)
    $v0                                      0x08004e30   Number         0  dmul_clz.o(x$fpl$dmul)
    x$fpl$dnaninf                            0x08004ff0   Section      258  dnaninf.o(x$fpl$dnaninf)
    $v0                                      0x08004ff0   Number         0  dnaninf.o(x$fpl$dnaninf)
    x$fpl$drenorm                            0x080050f2   Section      112  drenorm_clz.o(x$fpl$drenorm)
    $v0                                      0x080050f2   Number         0  drenorm_clz.o(x$fpl$drenorm)
    x$fpl$dretinf                            0x08005162   Section       12  dretinf.o(x$fpl$dretinf)
    $v0                                      0x08005162   Number         0  dretinf.o(x$fpl$dretinf)
    x$fpl$drleqf                             0x0800516e   Section       98  drleqf.o(x$fpl$drleqf)
    $v0                                      0x0800516e   Number         0  drleqf.o(x$fpl$drleqf)
    x$fpl$drsb                               0x080051d0   Section       80  daddsub_clz.o(x$fpl$drsb)
    $v0                                      0x080051d0   Number         0  daddsub_clz.o(x$fpl$drsb)
    x$fpl$dsqrt                              0x08005220   Section      520  dsqrt_umaalclz.o(x$fpl$dsqrt)
    $v0                                      0x08005220   Number         0  dsqrt_umaalclz.o(x$fpl$dsqrt)
    x$fpl$dsub                               0x08005428   Section      668  daddsub_clz.o(x$fpl$dsub)
    $v0                                      0x08005428   Number         0  daddsub_clz.o(x$fpl$dsub)
    _dsub1                                   0x08005453   Thumb Code     0  daddsub_clz.o(x$fpl$dsub)
    daddsub_denorm                           0x08005617   Thumb Code     0  daddsub_clz.o(x$fpl$dsub)
    dsub_uncommon_first                      0x0800562b   Thumb Code     0  daddsub_clz.o(x$fpl$dsub)
    dsub_zerodenorm                          0x08005649   Thumb Code     0  daddsub_clz.o(x$fpl$dsub)
    x$fpl$dunder                             0x080056c4   Section      378  dunder_clz.o(x$fpl$dunder)
    $v0                                      0x080056c4   Number         0  dunder_clz.o(x$fpl$dunder)
    x$fpl$exception                          0x08005840   Section      492  except.o(x$fpl$exception)
    $v0                                      0x08005840   Number         0  except.o(x$fpl$exception)
    x$fpl$f2d                                0x08005a2c   Section      122  f2d.o(x$fpl$f2d)
    $v0                                      0x08005a2c   Number         0  f2d.o(x$fpl$f2d)
    x$fpl$fnaninf                            0x08005aa6   Section      242  fnaninf.o(x$fpl$fnaninf)
    $v0                                      0x08005aa6   Number         0  fnaninf.o(x$fpl$fnaninf)
    x$fpl$fpinit                             0x08005b98   Section       10  fpinit.o(x$fpl$fpinit)
    $v0                                      0x08005b98   Number         0  fpinit.o(x$fpl$fpinit)
    x$fpl$fretinf                            0x08005ba2   Section       10  fretinf.o(x$fpl$fretinf)
    $v0                                      0x08005ba2   Number         0  fretinf.o(x$fpl$fretinf)
    x$fpl$funder                             0x08005bac   Section      316  funder_clz.o(x$fpl$funder)
    $v0                                      0x08005bac   Number         0  funder_clz.o(x$fpl$funder)
    x$fpl$ieeestatus                         0x08005ce8   Section       32  istatus.o(x$fpl$ieeestatus)
    $v0                                      0x08005ce8   Number         0  istatus.o(x$fpl$ieeestatus)
    x$fpl$printf1                            0x08005d08   Section        4  printf1.o(x$fpl$printf1)
    $v0                                      0x08005d08   Number         0  printf1.o(x$fpl$printf1)
    x$fpl$retnan                             0x08005d0c   Section      178  retnan.o(x$fpl$retnan)
    $v0                                      0x08005d0c   Number         0  retnan.o(x$fpl$retnan)
    x$fpl$scalbn                             0x08005dc0   Section      276  scalbn_clz.o(x$fpl$scalbn)
    $v0                                      0x08005dc0   Number         0  scalbn_clz.o(x$fpl$scalbn)
    x$fpl$trapveneer                         0x08005ed4   Section      126  trapv.o(x$fpl$trapveneer)
    $v0                                      0x08005ed4   Number         0  trapv.o(x$fpl$trapveneer)
    x$fpl$usenofp                            0x08005f52   Section        0  usenofp.o(x$fpl$usenofp)
    .constdata                               0x08005f54   Section       20  main.o(.constdata)
    .constdata                               0x08005f68   Section       17  __printf_flags_wp.o(.constdata)
    maptable                                 0x08005f68   Data          17  __printf_flags_wp.o(.constdata)
    .constdata                               0x08005f80   Section      136  pow.o(.constdata)
    bp                                       0x08005f80   Data          16  pow.o(.constdata)
    dp_h                                     0x08005f90   Data          16  pow.o(.constdata)
    dp_l                                     0x08005fa0   Data          16  pow.o(.constdata)
    L                                        0x08005fb0   Data          48  pow.o(.constdata)
    P                                        0x08005fe0   Data          40  pow.o(.constdata)
    .constdata                               0x08006008   Section        8  qnan.o(.constdata)
    .constdata                               0x08006010   Section      148  bigflt0.o(.constdata)
    tenpwrs_x                                0x08006010   Data          60  bigflt0.o(.constdata)
    tenpwrs_i                                0x0800604c   Data          64  bigflt0.o(.constdata)
    .constdata                               0x080060a4   Section        4  sys_io.o(.constdata)
    .constdata                               0x080060a8   Section        4  sys_io.o(.constdata)
    .constdata                               0x080060ac   Section        4  sys_io.o(.constdata)
    locale$$data                             0x080060d0   Section       28  lc_numeric_c.o(locale$$data)
    __lcnum_c_name                           0x080060d4   Data           2  lc_numeric_c.o(locale$$data)
    __lcnum_c_start                          0x080060dc   Data           0  lc_numeric_c.o(locale$$data)
    __lcnum_c_point                          0x080060e8   Data           0  lc_numeric_c.o(locale$$data)
    __lcnum_c_thousands                      0x080060ea   Data           0  lc_numeric_c.o(locale$$data)
    __lcnum_c_grouping                       0x080060eb   Data           0  lc_numeric_c.o(locale$$data)
    __lcnum_c_end                            0x080060ec   Data           0  lc_numeric_c.o(locale$$data)
    .data                                    0x20000000   Section        4  stdio_streams.o(.data)
    .data                                    0x20000004   Section        4  stdio_streams.o(.data)
    .data                                    0x20000008   Section        4  stdio_streams.o(.data)
    .bss                                     0x2000000c   Section       84  stdio_streams.o(.bss)
    .bss                                     0x20000060   Section       84  stdio_streams.o(.bss)
    .bss                                     0x200000b4   Section       84  stdio_streams.o(.bss)
    .bss                                     0x20000108   Section       96  libspace.o(.bss)
    HEAP                                     0x20000168   Section      512  startup_stm32f407xx.o(HEAP)
    Heap_Mem                                 0x20000168   Data         512  startup_stm32f407xx.o(HEAP)
    STACK                                    0x20000368   Section     1024  startup_stm32f407xx.o(STACK)
    Stack_Mem                                0x20000368   Data        1024  startup_stm32f407xx.o(STACK)
    __initial_sp                             0x20000768   Data           0  startup_stm32f407xx.o(STACK)

    Global Symbols

    Symbol Name                              Value     Ov Type        Size  Object(Section)

    BuildAttributes$$THM_ISAv4$E$P$D$K$B$S$7EM$VFPi3$EXTD16$VFPS$VFMA$PE$A:L22UL41UL21$X:L11$S22US41US21$IEEE1$IW$USESV6$~STKCKD$USESV7$~SHL$OTIME$ROPI$IEEEX$EBA8$UX$STANDARDLIB$REQ8$EABIv2 0x00000000   Number         0  anon$$obj.o ABSOLUTE
    __ARM_use_no_argv                        0x00000000   Number         0  main.o ABSOLUTE
    _printf_flags                            0x00000000   Number         0  printf_stubs.o ABSOLUTE
    _printf_return_value                     0x00000000   Number         0  printf_stubs.o ABSOLUTE
    _printf_sizespec                         0x00000000   Number         0  printf_stubs.o ABSOLUTE
    _printf_widthprec                        0x00000000   Number         0  printf_stubs.o ABSOLUTE
    __ARM_exceptions_init                     - Undefined Weak Reference
    __alloca_initialize                       - Undefined Weak Reference
    __arm_preinit_                            - Undefined Weak Reference
    __cpp_initialize__aeabi_                  - Undefined Weak Reference
    __cxa_finalize                            - Undefined Weak Reference
    __sigvec_lookup                           - Undefined Weak Reference
    __user_heap_extent                        - Undefined Weak Reference
    _atexit_init                              - Undefined Weak Reference
    _call_atexit_fns                          - Undefined Weak Reference
    _clock_init                               - Undefined Weak Reference
    _fp_trap_big                              - Undefined Weak Reference
    _fp_trap_init                             - Undefined Weak Reference
    _fp_trap_shutdown                         - Undefined Weak Reference
    _get_lc_collate                           - Undefined Weak Reference
    _get_lc_ctype                             - Undefined Weak Reference
    _get_lc_monetary                          - Undefined Weak Reference
    _get_lc_time                              - Undefined Weak Reference
    _getenv_init                              - Undefined Weak Reference
    _handle_redirection                       - Undefined Weak Reference
    _mutex_acquire                            - Undefined Weak Reference
    _mutex_free                               - Undefined Weak Reference
    _mutex_release                            - Undefined Weak Reference
    _printf_post_padding                      - Undefined Weak Reference
    _printf_pre_padding                       - Undefined Weak Reference
    _printf_truncate_signed                   - Undefined Weak Reference
    _printf_truncate_unsigned                 - Undefined Weak Reference
    _rand_init                                - Undefined Weak Reference
    _signal_finish                            - Undefined Weak Reference
    _signal_init                              - Undefined Weak Reference
    __Vectors_Size                           0x00000188   Number         0  startup_stm32f407xx.o ABSOLUTE
    __Vectors                                0x08000000   Data           4  startup_stm32f407xx.o(RESET)
    __Vectors_End                            0x08000188   Data           0  startup_stm32f407xx.o(RESET)
    __main                                   0x08000189   Thumb Code     8  __main.o(!!!main)
    __scatterload                            0x08000191   Thumb Code     0  __scatter.o(!!!scatter)
    __scatterload_rt2                        0x08000191   Thumb Code    44  __scatter.o(!!!scatter)
    __scatterload_rt2_thumb_only             0x08000191   Thumb Code     0  __scatter.o(!!!scatter)
    __scatterload_null                       0x0800019f   Thumb Code     0  __scatter.o(!!!scatter)
    __scatterload_copy                       0x080001c5   Thumb Code    26  __scatter_copy.o(!!handler_copy)
    __scatterload_zeroinit                   0x080001e1   Thumb Code    28  __scatter_zi.o(!!handler_zi)
    _printf_f                                0x080001fd   Thumb Code     0  _printf_f.o(.ARM.Collect$$_printf_percent$$00000003)
    _printf_percent                          0x080001fd   Thumb Code     0  _printf_percent.o(.ARM.Collect$$_printf_percent$$00000000)
    _printf_i                                0x08000203   Thumb Code     0  _printf_i.o(.ARM.Collect$$_printf_percent$$00000008)
    _printf_percent_end                      0x08000209   Thumb Code     0  _printf_percent_end.o(.ARM.Collect$$_printf_percent$$00000017)
    __rt_lib_init                            0x0800020d   Thumb Code     0  libinit.o(.ARM.Collect$$libinit$$00000000)
    __rt_lib_init_fp_1                       0x0800020f   Thumb Code     0  libinit2.o(.ARM.Collect$$libinit$$00000001)
    __rt_lib_init_heap_2                     0x08000213   Thumb Code     0  libinit2.o(.ARM.Collect$$libinit$$00000005)
    __rt_lib_init_preinit_1                  0x08000213   Thumb Code     0  libinit2.o(.ARM.Collect$$libinit$$00000004)
    __rt_lib_init_heap_1                     0x0800021b   Thumb Code     0  libinit2.o(.ARM.Collect$$libinit$$0000000A)
    __rt_lib_init_lc_common                  0x0800021b   Thumb Code     0  libinit2.o(.ARM.Collect$$libinit$$0000000F)
    __rt_lib_init_rand_1                     0x0800021b   Thumb Code     0  libinit2.o(.ARM.Collect$$libinit$$0000000E)
    __rt_lib_init_user_alloc_1               0x0800021b   Thumb Code     0  libinit2.o(.ARM.Collect$$libinit$$0000000C)
    __rt_lib_init_lc_collate_1               0x08000221   Thumb Code     0  libinit2.o(.ARM.Collect$$libinit$$00000011)
    __rt_lib_init_lc_ctype_1                 0x08000221   Thumb Code     0  libinit2.o(.ARM.Collect$$libinit$$00000013)
    __rt_lib_init_lc_monetary_1              0x08000221   Thumb Code     0  libinit2.o(.ARM.Collect$$libinit$$00000015)
    __rt_lib_init_lc_numeric_2               0x08000221   Thumb Code     0  libinit2.o(.ARM.Collect$$libinit$$00000016)
    __rt_lib_init_atexit_1                   0x0800022b   Thumb Code     0  libinit2.o(.ARM.Collect$$libinit$$0000001B)
    __rt_lib_init_clock_1                    0x0800022b   Thumb Code     0  libinit2.o(.ARM.Collect$$libinit$$00000021)
    __rt_lib_init_fp_trap_1                  0x0800022b   Thumb Code     0  libinit2.o(.ARM.Collect$$libinit$$0000001F)
    __rt_lib_init_getenv_1                   0x0800022b   Thumb Code     0  libinit2.o(.ARM.Collect$$libinit$$00000023)
    __rt_lib_init_lc_numeric_1               0x0800022b   Thumb Code     0  libinit2.o(.ARM.Collect$$libinit$$00000017)
    __rt_lib_init_lc_time_1                  0x0800022b   Thumb Code     0  libinit2.o(.ARM.Collect$$libinit$$00000019)
    __rt_lib_init_signal_1                   0x0800022b   Thumb Code     0  libinit2.o(.ARM.Collect$$libinit$$0000001D)
    __rt_lib_init_stdio_2                    0x0800022b   Thumb Code     0  libinit2.o(.ARM.Collect$$libinit$$00000024)
    __rt_lib_init_alloca_1                   0x0800022f   Thumb Code     0  libinit2.o(.ARM.Collect$$libinit$$0000002E)
    __rt_lib_init_argv_1                     0x0800022f   Thumb Code     0  libinit2.o(.ARM.Collect$$libinit$$0000002C)
    __rt_lib_init_cpp_1                      0x0800022f   Thumb Code     0  libinit2.o(.ARM.Collect$$libinit$$00000032)
    __rt_lib_init_exceptions_1               0x0800022f   Thumb Code     0  libinit2.o(.ARM.Collect$$libinit$$00000030)
    __rt_lib_init_return                     0x0800022f   Thumb Code     0  libinit2.o(.ARM.Collect$$libinit$$00000033)
    __rt_lib_init_stdio_1                    0x0800022f   Thumb Code     0  libinit2.o(.ARM.Collect$$libinit$$00000025)
    __rt_lib_shutdown                        0x08000231   Thumb Code     0  libshutdown.o(.ARM.Collect$$libshutdown$$00000000)
    __rt_lib_shutdown_stdio_2                0x08000233   Thumb Code     0  libshutdown2.o(.ARM.Collect$$libshutdown$$00000002)
    __rt_lib_shutdown_fp_trap_1              0x08000237   Thumb Code     0  libshutdown2.o(.ARM.Collect$$libshutdown$$00000006)
    __rt_lib_shutdown_heap_1                 0x08000237   Thumb Code     0  libshutdown2.o(.ARM.Collect$$libshutdown$$0000000E)
    __rt_lib_shutdown_return                 0x08000237   Thumb Code     0  libshutdown2.o(.ARM.Collect$$libshutdown$$0000000F)
    __rt_lib_shutdown_signal_1               0x08000237   Thumb Code     0  libshutdown2.o(.ARM.Collect$$libshutdown$$00000009)
    __rt_lib_shutdown_stdio_1                0x08000237   Thumb Code     0  libshutdown2.o(.ARM.Collect$$libshutdown$$00000003)
    __rt_lib_shutdown_user_alloc_1           0x08000237   Thumb Code     0  libshutdown2.o(.ARM.Collect$$libshutdown$$0000000B)
    __rt_entry                               0x08000239   Thumb Code     0  __rtentry.o(.ARM.Collect$$rtentry$$00000000)
    __rt_entry_presh_1                       0x08000239   Thumb Code     0  __rtentry2.o(.ARM.Collect$$rtentry$$00000002)
    __rt_entry_sh                            0x08000239   Thumb Code     0  __rtentry4.o(.ARM.Collect$$rtentry$$00000004)
    __rt_entry_li                            0x0800023f   Thumb Code     0  __rtentry2.o(.ARM.Collect$$rtentry$$0000000A)
    __rt_entry_postsh_1                      0x0800023f   Thumb Code     0  __rtentry2.o(.ARM.Collect$$rtentry$$00000009)
    __rt_entry_main                          0x08000243   Thumb Code     0  __rtentry2.o(.ARM.Collect$$rtentry$$0000000D)
    __rt_entry_postli_1                      0x08000243   Thumb Code     0  __rtentry2.o(.ARM.Collect$$rtentry$$0000000C)
    __rt_exit                                0x0800024b   Thumb Code     0  rtexit.o(.ARM.Collect$$rtexit$$00000000)
    __rt_exit_ls                             0x0800024d   Thumb Code     0  rtexit2.o(.ARM.Collect$$rtexit$$00000003)
    __rt_exit_prels_1                        0x0800024d   Thumb Code     0  rtexit2.o(.ARM.Collect$$rtexit$$00000002)
    __rt_exit_exit                           0x08000251   Thumb Code     0  rtexit2.o(.ARM.Collect$$rtexit$$00000004)
    _maybe_terminate_alloc                   0x08000259   Thumb Code     0  maybetermalloc1.o(.emb_text)
    dsp_arm                                  0x08000259   Thumb Code    84  main.o(.text)
    dsp_c                                    0x080002ad   Thumb Code   536  main.o(.text)
    Kalmannfilter_C                          0x080004c5   Thumb Code   684  main.o(.text)
    call_asm                                 0x08000771   Thumb Code    68  main.o(.text)
    main                                     0x080007b5   Thumb Code   594  main.o(.text)
    fputc                                    0x08000ba5   Thumb Code    52  fput_debug.o(.text)
    Reset_Handler                            0x08000bdd   Thumb Code    28  startup_stm32f407xx.o(.text)
    NMI_Handler                              0x08000bf9   Thumb Code     2  startup_stm32f407xx.o(.text)
    HardFault_Handler                        0x08000bfb   Thumb Code     2  startup_stm32f407xx.o(.text)
    MemManage_Handler                        0x08000bfd   Thumb Code     2  startup_stm32f407xx.o(.text)
    BusFault_Handler                         0x08000bff   Thumb Code     2  startup_stm32f407xx.o(.text)
    UsageFault_Handler                       0x08000c01   Thumb Code     2  startup_stm32f407xx.o(.text)
    SVC_Handler                              0x08000c03   Thumb Code     2  startup_stm32f407xx.o(.text)
    DebugMon_Handler                         0x08000c05   Thumb Code     2  startup_stm32f407xx.o(.text)
    PendSV_Handler                           0x08000c07   Thumb Code     2  startup_stm32f407xx.o(.text)
    SysTick_Handler                          0x08000c09   Thumb Code     2  startup_stm32f407xx.o(.text)
    ADC_IRQHandler                           0x08000c0b   Thumb Code     0  startup_stm32f407xx.o(.text)
    CAN1_RX0_IRQHandler                      0x08000c0b   Thumb Code     0  startup_stm32f407xx.o(.text)
    CAN1_RX1_IRQHandler                      0x08000c0b   Thumb Code     0  startup_stm32f407xx.o(.text)
    CAN1_SCE_IRQHandler                      0x08000c0b   Thumb Code     0  startup_stm32f407xx.o(.text)
    CAN1_TX_IRQHandler                       0x08000c0b   Thumb Code     0  startup_stm32f407xx.o(.text)
    CAN2_RX0_IRQHandler                      0x08000c0b   Thumb Code     0  startup_stm32f407xx.o(.text)
    CAN2_RX1_IRQHandler                      0x08000c0b   Thumb Code     0  startup_stm32f407xx.o(.text)
    CAN2_SCE_IRQHandler                      0x08000c0b   Thumb Code     0  startup_stm32f407xx.o(.text)
    CAN2_TX_IRQHandler                       0x08000c0b   Thumb Code     0  startup_stm32f407xx.o(.text)
    DCMI_IRQHandler                          0x08000c0b   Thumb Code     0  startup_stm32f407xx.o(.text)
    DMA1_Stream0_IRQHandler                  0x08000c0b   Thumb Code     0  startup_stm32f407xx.o(.text)
    DMA1_Stream1_IRQHandler                  0x08000c0b   Thumb Code     0  startup_stm32f407xx.o(.text)
    DMA1_Stream2_IRQHandler                  0x08000c0b   Thumb Code     0  startup_stm32f407xx.o(.text)
    DMA1_Stream3_IRQHandler                  0x08000c0b   Thumb Code     0  startup_stm32f407xx.o(.text)
    DMA1_Stream4_IRQHandler                  0x08000c0b   Thumb Code     0  startup_stm32f407xx.o(.text)
    DMA1_Stream5_IRQHandler                  0x08000c0b   Thumb Code     0  startup_stm32f407xx.o(.text)
    DMA1_Stream6_IRQHandler                  0x08000c0b   Thumb Code     0  startup_stm32f407xx.o(.text)
    DMA1_Stream7_IRQHandler                  0x08000c0b   Thumb Code     0  startup_stm32f407xx.o(.text)
    DMA2_Stream0_IRQHandler                  0x08000c0b   Thumb Code     0  startup_stm32f407xx.o(.text)
    DMA2_Stream1_IRQHandler                  0x08000c0b   Thumb Code     0  startup_stm32f407xx.o(.text)
    DMA2_Stream2_IRQHandler                  0x08000c0b   Thumb Code     0  startup_stm32f407xx.o(.text)
    DMA2_Stream3_IRQHandler                  0x08000c0b   Thumb Code     0  startup_stm32f407xx.o(.text)
    DMA2_Stream4_IRQHandler                  0x08000c0b   Thumb Code     0  startup_stm32f407xx.o(.text)
    DMA2_Stream5_IRQHandler                  0x08000c0b   Thumb Code     0  startup_stm32f407xx.o(.text)
    DMA2_Stream6_IRQHandler                  0x08000c0b   Thumb Code     0  startup_stm32f407xx.o(.text)
    DMA2_Stream7_IRQHandler                  0x08000c0b   Thumb Code     0  startup_stm32f407xx.o(.text)
    ETH_IRQHandler                           0x08000c0b   Thumb Code     0  startup_stm32f407xx.o(.text)
    ETH_WKUP_IRQHandler                      0x08000c0b   Thumb Code     0  startup_stm32f407xx.o(.text)
    EXTI0_IRQHandler                         0x08000c0b   Thumb Code     0  startup_stm32f407xx.o(.text)
    EXTI15_10_IRQHandler                     0x08000c0b   Thumb Code     0  startup_stm32f407xx.o(.text)
    EXTI1_IRQHandler                         0x08000c0b   Thumb Code     0  startup_stm32f407xx.o(.text)
    EXTI2_IRQHandler                         0x08000c0b   Thumb Code     0  startup_stm32f407xx.o(.text)
    EXTI3_IRQHandler                         0x08000c0b   Thumb Code     0  startup_stm32f407xx.o(.text)
    EXTI4_IRQHandler                         0x08000c0b   Thumb Code     0  startup_stm32f407xx.o(.text)
    EXTI9_5_IRQHandler                       0x08000c0b   Thumb Code     0  startup_stm32f407xx.o(.text)
    FLASH_IRQHandler                         0x08000c0b   Thumb Code     0  startup_stm32f407xx.o(.text)
    FMC_IRQHandler                           0x08000c0b   Thumb Code     0  startup_stm32f407xx.o(.text)
    FPU_IRQHandler                           0x08000c0b   Thumb Code     0  startup_stm32f407xx.o(.text)
    HASH_RNG_IRQHandler                      0x08000c0b   Thumb Code     0  startup_stm32f407xx.o(.text)
    I2C1_ER_IRQHandler                       0x08000c0b   Thumb Code     0  startup_stm32f407xx.o(.text)
    I2C1_EV_IRQHandler                       0x08000c0b   Thumb Code     0  startup_stm32f407xx.o(.text)
    I2C2_ER_IRQHandler                       0x08000c0b   Thumb Code     0  startup_stm32f407xx.o(.text)
    I2C2_EV_IRQHandler                       0x08000c0b   Thumb Code     0  startup_stm32f407xx.o(.text)
    I2C3_ER_IRQHandler                       0x08000c0b   Thumb Code     0  startup_stm32f407xx.o(.text)
    I2C3_EV_IRQHandler                       0x08000c0b   Thumb Code     0  startup_stm32f407xx.o(.text)
    OTG_FS_IRQHandler                        0x08000c0b   Thumb Code     0  startup_stm32f407xx.o(.text)
    OTG_FS_WKUP_IRQHandler                   0x08000c0b   Thumb Code     0  startup_stm32f407xx.o(.text)
    OTG_HS_EP1_IN_IRQHandler                 0x08000c0b   Thumb Code     0  startup_stm32f407xx.o(.text)
    OTG_HS_EP1_OUT_IRQHandler                0x08000c0b   Thumb Code     0  startup_stm32f407xx.o(.text)
    OTG_HS_IRQHandler                        0x08000c0b   Thumb Code     0  startup_stm32f407xx.o(.text)
    OTG_HS_WKUP_IRQHandler                   0x08000c0b   Thumb Code     0  startup_stm32f407xx.o(.text)
    PVD_IRQHandler                           0x08000c0b   Thumb Code     0  startup_stm32f407xx.o(.text)
    RCC_IRQHandler                           0x08000c0b   Thumb Code     0  startup_stm32f407xx.o(.text)
    RTC_Alarm_IRQHandler                     0x08000c0b   Thumb Code     0  startup_stm32f407xx.o(.text)
    RTC_WKUP_IRQHandler                      0x08000c0b   Thumb Code     0  startup_stm32f407xx.o(.text)
    SDIO_IRQHandler                          0x08000c0b   Thumb Code     0  startup_stm32f407xx.o(.text)
    SPI1_IRQHandler                          0x08000c0b   Thumb Code     0  startup_stm32f407xx.o(.text)
    SPI2_IRQHandler                          0x08000c0b   Thumb Code     0  startup_stm32f407xx.o(.text)
    SPI3_IRQHandler                          0x08000c0b   Thumb Code     0  startup_stm32f407xx.o(.text)
    TAMP_STAMP_IRQHandler                    0x08000c0b   Thumb Code     0  startup_stm32f407xx.o(.text)
    TIM1_BRK_TIM9_IRQHandler                 0x08000c0b   Thumb Code     0  startup_stm32f407xx.o(.text)
    TIM1_CC_IRQHandler                       0x08000c0b   Thumb Code     0  startup_stm32f407xx.o(.text)
    TIM1_TRG_COM_TIM11_IRQHandler            0x08000c0b   Thumb Code     0  startup_stm32f407xx.o(.text)
    TIM1_UP_TIM10_IRQHandler                 0x08000c0b   Thumb Code     0  startup_stm32f407xx.o(.text)
    TIM2_IRQHandler                          0x08000c0b   Thumb Code     0  startup_stm32f407xx.o(.text)
    TIM3_IRQHandler                          0x08000c0b   Thumb Code     0  startup_stm32f407xx.o(.text)
    TIM4_IRQHandler                          0x08000c0b   Thumb Code     0  startup_stm32f407xx.o(.text)
    TIM5_IRQHandler                          0x08000c0b   Thumb Code     0  startup_stm32f407xx.o(.text)
    TIM6_DAC_IRQHandler                      0x08000c0b   Thumb Code     0  startup_stm32f407xx.o(.text)
    TIM7_IRQHandler                          0x08000c0b   Thumb Code     0  startup_stm32f407xx.o(.text)
    TIM8_BRK_TIM12_IRQHandler                0x08000c0b   Thumb Code     0  startup_stm32f407xx.o(.text)
    TIM8_CC_IRQHandler                       0x08000c0b   Thumb Code     0  startup_stm32f407xx.o(.text)
    TIM8_TRG_COM_TIM14_IRQHandler            0x08000c0b   Thumb Code     0  startup_stm32f407xx.o(.text)
    TIM8_UP_TIM13_IRQHandler                 0x08000c0b   Thumb Code     0  startup_stm32f407xx.o(.text)
    UART4_IRQHandler                         0x08000c0b   Thumb Code     0  startup_stm32f407xx.o(.text)
    UART5_IRQHandler                         0x08000c0b   Thumb Code     0  startup_stm32f407xx.o(.text)
    USART1_IRQHandler                        0x08000c0b   Thumb Code     0  startup_stm32f407xx.o(.text)
    USART2_IRQHandler                        0x08000c0b   Thumb Code     0  startup_stm32f407xx.o(.text)
    USART3_IRQHandler                        0x08000c0b   Thumb Code     0  startup_stm32f407xx.o(.text)
    USART6_IRQHandler                        0x08000c0b   Thumb Code     0  startup_stm32f407xx.o(.text)
    WWDG_IRQHandler                          0x08000c0b   Thumb Code     0  startup_stm32f407xx.o(.text)
    __user_initial_stackheap                 0x08000c0d   Thumb Code     0  startup_stm32f407xx.o(.text)
    arm_sub_f32                              0x08000c31   Thumb Code   210  arm_sub_f32.o(.text)
    arm_conv_f32                             0x08000d05   Thumb Code  1390  arm_conv_f32.o(.text)
    arm_correlate_f32                        0x08001275   Thumb Code  1420  arm_correlate_f32.o(.text)
    arm_mean_f32                             0x08001801   Thumb Code   138  arm_mean_f32.o(.text)
    arm_std_f32                              0x08001891   Thumb Code   304  arm_std_f32.o(.text)
    __2printf                                0x080019c5   Thumb Code    20  noretval__2printf.o(.text)
    _printf_int_dec                          0x080019dd   Thumb Code   104  _printf_dec.o(.text)
    __printf                                 0x08001a55   Thumb Code   308  __printf_flags_wp.o(.text)
    __aeabi_memcpy4                          0x08001b8d   Thumb Code     0  rt_memcpy_w.o(.text)
    __aeabi_memcpy8                          0x08001b8d   Thumb Code     0  rt_memcpy_w.o(.text)
    __rt_memcpy_w                            0x08001b8d   Thumb Code   100  rt_memcpy_w.o(.text)
    _memcpy_lastbytes_aligned                0x08001bd5   Thumb Code     0  rt_memcpy_w.o(.text)
    __use_two_region_memory                  0x08001bf1   Thumb Code     2  heapauxi.o(.text)
    __rt_heap_escrow                         0x08001bf3   Thumb Code     2  heapauxi.o(.text)
    __rt_heap_expand                         0x08001bf5   Thumb Code     2  heapauxi.o(.text)
    __read_errno                             0x08001bf7   Thumb Code    10  _rserrno.o(.text)
    __set_errno                              0x08001c01   Thumb Code    12  _rserrno.o(.text)
    _printf_int_common                       0x08001c0d   Thumb Code   178  _printf_intcommon.o(.text)
    __lib_sel_fp_printf                      0x08001cbf   Thumb Code     2  _printf_fp_dec.o(.text)
    _printf_fp_dec_real                      0x08001e6d   Thumb Code   620  _printf_fp_dec.o(.text)
    _printf_char_file                        0x080020d9   Thumb Code    32  _printf_char_file.o(.text)
    __rt_locale                              0x080020fd   Thumb Code     8  rt_locale_intlibspace.o(.text)
    __aeabi_errno_addr                       0x08002105   Thumb Code     8  rt_errno_addr_intlibspace.o(.text)
    __errno$intlibspace                      0x08002105   Thumb Code     0  rt_errno_addr_intlibspace.o(.text)
    __rt_errno_addr$intlibspace              0x08002105   Thumb Code     0  rt_errno_addr_intlibspace.o(.text)
    _ll_udiv10                               0x0800210d   Thumb Code   138  lludiv10.o(.text)
    _fp_trap                                 0x08002199   Thumb Code    44  _fptrap.o(.text)
    _printf_char_common                      0x080021d3   Thumb Code    32  _printf_char_common.o(.text)
    _printf_fp_infnan                        0x080021f9   Thumb Code   112  _printf_fp_infnan.o(.text)
    _btod_etento                             0x08002279   Thumb Code   216  bigflt0.o(.text)
    ferror                                   0x08002355   Thumb Code     8  ferror.o(.text)
    _initio                                  0x0800235d   Thumb Code   210  initio.o(.text)
    _terminateio                             0x0800242f   Thumb Code    56  initio.o(.text)
    _sys_open                                0x08002495   Thumb Code    20  sys_io.o(.text)
    _sys_close                               0x080024a9   Thumb Code    12  sys_io.o(.text)
    _sys_write                               0x080024b5   Thumb Code    16  sys_io.o(.text)
    _sys_read                                0x080024c5   Thumb Code    14  sys_io.o(.text)
    _sys_istty                               0x080024d3   Thumb Code    12  sys_io.o(.text)
    _sys_seek                                0x080024df   Thumb Code    14  sys_io.o(.text)
    _sys_ensure                              0x080024ed   Thumb Code     2  sys_io.o(.text)
    _sys_flen                                0x080024ef   Thumb Code    12  sys_io.o(.text)
    __user_libspace                          0x080024fd   Thumb Code     8  libspace.o(.text)
    __user_perproc_libspace                  0x080024fd   Thumb Code     0  libspace.o(.text)
    __user_perthread_libspace                0x080024fd   Thumb Code     0  libspace.o(.text)
    __user_setup_stackheap                   0x08002505   Thumb Code    74  sys_stackheap_outer.o(.text)
    free                                     0x0800254f   Thumb Code    78  h1_free.o(.text)
    setvbuf                                  0x0800259d   Thumb Code    70  setvbuf.o(.text)
    freopen                                  0x080025e5   Thumb Code   158  fopen.o(.text)
    fopen                                    0x08002683   Thumb Code    74  fopen.o(.text)
    _fclose_internal                         0x080026d1   Thumb Code    76  fclose.o(.text)
    fclose                                   0x080026d1   Thumb Code     0  fclose.o(.text)
    exit                                     0x0800271d   Thumb Code    12  exit.o(.text)
    __rt_SIGFPE                              0x08002729   Thumb Code    14  defsig_fpe_outer.o(.text)
    __rt_SIGRTRED                            0x08002737   Thumb Code    14  defsig_rtred_outer.o(.text)
    __aeabi_memclr4                          0x08002745   Thumb Code     0  rt_memclr_w.o(.text)
    __aeabi_memclr8                          0x08002745   Thumb Code     0  rt_memclr_w.o(.text)
    __rt_memclr_w                            0x08002745   Thumb Code    78  rt_memclr_w.o(.text)
    _memset_w                                0x08002749   Thumb Code     0  rt_memclr_w.o(.text)
    strcmp                                   0x08002795   Thumb Code   128  strcmpv7m.o(.text)
    __I$use$semihosting                      0x08002815   Thumb Code     0  use_no_semi.o(.text)
    __use_no_semihosting_swi                 0x08002815   Thumb Code     2  use_no_semi.o(.text)
    __semihosting_library_function           0x08002817   Thumb Code     0  indicate_semi.o(.text)
    __rt_heap_descriptor                     0x08002819   Thumb Code     8  rt_heap_descriptor_intlibspace.o(.text)
    __use_no_heap                            0x08002821   Thumb Code     2  hguard.o(.text)
    __heap$guard                             0x08002823   Thumb Code     2  hguard.o(.text)
    _terminate_user_alloc                    0x08002825   Thumb Code     2  init_alloc.o(.text)
    _init_user_alloc                         0x08002827   Thumb Code     2  init_alloc.o(.text)
    __Heap_Full                              0x08002829   Thumb Code    34  init_alloc.o(.text)
    __Heap_Broken                            0x0800284b   Thumb Code     6  init_alloc.o(.text)
    _init_alloc                              0x08002851   Thumb Code    94  init_alloc.o(.text)
    malloc                                   0x080028af   Thumb Code    94  h1_alloc.o(.text)
    _fseek                                   0x0800290d   Thumb Code   242  fseek.o(.text)
    fseek                                    0x0800290d   Thumb Code     0  fseek.o(.text)
    _seterr                                  0x08002a05   Thumb Code    20  stdio.o(.text)
    _writebuf                                0x08002a19   Thumb Code    84  stdio.o(.text)
    _fflush                                  0x08002a6d   Thumb Code    70  stdio.o(.text)
    _deferredlazyseek                        0x08002ab3   Thumb Code    60  stdio.o(.text)
    __sig_exit                               0x08002af5   Thumb Code    10  defsig_exit.o(.text)
    __rt_SIGFPE_inner                        0x08002b01   Thumb Code    62  defsig_fpe_inner.o(.text)
    __rt_SIGRTRED_inner                      0x08002bad   Thumb Code    14  defsig_rtred_inner.o(.text)
    strlen                                   0x08002be1   Thumb Code    62  strlen.o(.text)
    _sys_exit                                0x08002c21   Thumb Code     8  sys_exit.o(.text)
    __Heap_Initialize                        0x08002c2d   Thumb Code    10  h1_init.o(.text)
    __Heap_DescSize                          0x08002c37   Thumb Code     4  h1_init.o(.text)
    __Heap_ProvideMemory                     0x08002c3b   Thumb Code    52  h1_extend.o(.text)
    _ftell_internal                          0x08002c6f   Thumb Code    66  ftell.o(.text)
    ftell                                    0x08002c6f   Thumb Code     0  ftell.o(.text)
    __default_signal_display                 0x08002cb1   Thumb Code    50  defsig_general.o(.text)
    __rt_SIGRTMEM                            0x08002ce3   Thumb Code    14  defsig_rtmem_outer.o(.text)
    _ttywrch                                 0x08002cf1   Thumb Code    14  sys_wrch.o(.text)
    __rt_SIGRTMEM_inner                      0x08002d01   Thumb Code    22  defsig_rtmem_inner.o(.text)
    _btod_d2e                                0x08002d51   Thumb Code    62  btod.o(CL$$btod_d2e)
    _d2e_denorm_low                          0x08002d8f   Thumb Code    70  btod.o(CL$$btod_d2e_denorm_low)
    _d2e_norm_op1                            0x08002dd5   Thumb Code    96  btod.o(CL$$btod_d2e_norm_op1)
    __btod_div_common                        0x08002e35   Thumb Code   696  btod.o(CL$$btod_div_common)
    _e2e                                     0x0800316d   Thumb Code   198  btod.o(CL$$btod_e2e)
    _btod_ediv                               0x08003233   Thumb Code    40  btod.o(CL$$btod_ediv)
    _btod_emul                               0x0800325b   Thumb Code    40  btod.o(CL$$btod_emul)
    __btod_mult_common                       0x08003283   Thumb Code   580  btod.o(CL$$btod_mult_common)
    Kalmanfilter_asm                         0x080034c9   Thumb Code     0  kalmanfilter_asm.o(fn)
    __ARM_fpclassify                         0x0800354f   Thumb Code    48  fpclassify.o(i.__ARM_fpclassify)
    __hardfp_pow                             0x08003581   Thumb Code  3044  pow.o(i.__hardfp_pow)
    __hardfp_sqrt                            0x080041b9   Thumb Code   122  sqrt_full.o(i.__hardfp_sqrt)
    __kernel_poly                            0x08004233   Thumb Code   248  poly.o(i.__kernel_poly)
    __mathlib_dbl_divzero                    0x08004331   Thumb Code    28  dunder.o(i.__mathlib_dbl_divzero)
    __mathlib_dbl_infnan2                    0x08004361   Thumb Code    20  dunder.o(i.__mathlib_dbl_infnan2)
    __mathlib_dbl_invalid                    0x08004379   Thumb Code    24  dunder.o(i.__mathlib_dbl_invalid)
    __mathlib_dbl_overflow                   0x08004399   Thumb Code    24  dunder.o(i.__mathlib_dbl_overflow)
    __mathlib_dbl_underflow                  0x080043b9   Thumb Code    24  dunder.o(i.__mathlib_dbl_underflow)
    _is_digit                                0x080043d9   Thumb Code    14  __printf_wp.o(i._is_digit)
    fabs                                     0x080043e7   Thumb Code    24  fabs.o(i.fabs)
    sqrt                                     0x080043ff   Thumb Code   110  sqrt_full.o(i.sqrt)
    _get_lc_numeric                          0x0800446d   Thumb Code    44  lc_numeric_c.o(locale$$code)
    __aeabi_dneg                             0x08004499   Thumb Code     0  basic.o(x$fpl$basic)
    _dneg                                    0x08004499   Thumb Code     6  basic.o(x$fpl$basic)
    __aeabi_fneg                             0x0800449f   Thumb Code     0  basic.o(x$fpl$basic)
    _fneg                                    0x0800449f   Thumb Code     6  basic.o(x$fpl$basic)
    _dabs                                    0x080044a5   Thumb Code     6  basic.o(x$fpl$basic)
    _fabs                                    0x080044ab   Thumb Code     6  basic.o(x$fpl$basic)
    __aeabi_d2f                              0x080044b1   Thumb Code     0  d2f_clz.o(x$fpl$d2f)
    _d2f                                     0x080044b1   Thumb Code   700  d2f_clz.o(x$fpl$d2f)
    __aeabi_dadd                             0x08004775   Thumb Code     0  daddsub_clz.o(x$fpl$dadd)
    _dadd                                    0x08004775   Thumb Code   580  daddsub_clz.o(x$fpl$dadd)
    __fpl_dcheck_NaN1                        0x080049c1   Thumb Code    28  dcheck1.o(x$fpl$dcheck1)
    __fpl_dcmp_Inf                           0x080049dd   Thumb Code    24  dcmpi.o(x$fpl$dcmpinf)
    __aeabi_ddiv                             0x080049f5   Thumb Code     0  ddiv_clz.o(x$fpl$ddiv)
    _ddiv                                    0x080049f5   Thumb Code   748  ddiv_clz.o(x$fpl$ddiv)
    __aeabi_i2d                              0x08004d71   Thumb Code     0  dflt_clz.o(x$fpl$dflt)
    _dflt                                    0x08004d71   Thumb Code    46  dflt_clz.o(x$fpl$dflt)
    __dflt_normalise                         0x08004d9f   Thumb Code    26  dflt_clz.o(x$fpl$dfltn)
    __aeabi_cdcmple                          0x08004db9   Thumb Code     0  dleqf.o(x$fpl$dleqf)
    _dcmple                                  0x08004db9   Thumb Code   120  dleqf.o(x$fpl$dleqf)
    __fpl_dcmple_InfNaN                      0x08004e11   Thumb Code     0  dleqf.o(x$fpl$dleqf)
    __aeabi_dmul                             0x08004e31   Thumb Code     0  dmul_clz.o(x$fpl$dmul)
    _dmul                                    0x08004e31   Thumb Code   440  dmul_clz.o(x$fpl$dmul)
    __fpl_dnaninf                            0x08004ff1   Thumb Code   258  dnaninf.o(x$fpl$dnaninf)
    __fpl_drenorm2                           0x080050f3   Thumb Code   106  drenorm_clz.o(x$fpl$drenorm)
    __fpl_drenorm1                           0x0800515d   Thumb Code     6  drenorm_clz.o(x$fpl$drenorm)
    __fpl_dretinf                            0x08005163   Thumb Code    12  dretinf.o(x$fpl$dretinf)
    __aeabi_cdrcmple                         0x0800516f   Thumb Code     0  drleqf.o(x$fpl$drleqf)
    _drcmple                                 0x0800516f   Thumb Code    98  drleqf.o(x$fpl$drleqf)
    __aeabi_drsub                            0x080051d1   Thumb Code     0  daddsub_clz.o(x$fpl$drsb)
    _drsb                                    0x080051d1   Thumb Code    74  daddsub_clz.o(x$fpl$drsb)
    _dsqrt                                   0x08005221   Thumb Code   520  dsqrt_umaalclz.o(x$fpl$dsqrt)
    __aeabi_dsub                             0x08005429   Thumb Code     0  daddsub_clz.o(x$fpl$dsub)
    _dsub                                    0x08005429   Thumb Code   664  daddsub_clz.o(x$fpl$dsub)
    __dunder                                 0x080056c5   Thumb Code   314  dunder_clz.o(x$fpl$dunder)
    __dunder_d                               0x080057ff   Thumb Code    64  dunder_clz.o(x$fpl$dunder)
    __fpl_exception                          0x08005841   Thumb Code   454  except.o(x$fpl$exception)
    __aeabi_f2d                              0x08005a2d   Thumb Code     0  f2d.o(x$fpl$f2d)
    _f2d                                     0x08005a2d   Thumb Code   122  f2d.o(x$fpl$f2d)
    __fpl_fnaninf                            0x08005aa7   Thumb Code   242  fnaninf.o(x$fpl$fnaninf)
    _fp_init                                 0x08005b99   Thumb Code    10  fpinit.o(x$fpl$fpinit)
    __fplib_config_fpu_vfp                   0x08005ba1   Thumb Code     0  fpinit.o(x$fpl$fpinit)
    __fplib_config_pureend_doubles           0x08005ba1   Thumb Code     0  fpinit.o(x$fpl$fpinit)
    __fpl_fretinf                            0x08005ba3   Thumb Code    10  fretinf.o(x$fpl$fretinf)
    __funder                                 0x08005bad   Thumb Code   254  funder_clz.o(x$fpl$funder)
    __funder_d                               0x08005cab   Thumb Code    62  funder_clz.o(x$fpl$funder)
    __ieee_status                            0x08005ce9   Thumb Code    28  istatus.o(x$fpl$ieeestatus)
    _printf_fp_dec                           0x08005d09   Thumb Code     4  printf1.o(x$fpl$printf1)
    __fpl_return_NaN                         0x08005d0d   Thumb Code   178  retnan.o(x$fpl$retnan)
    __ARM_scalbn                             0x08005dc1   Thumb Code   270  scalbn_clz.o(x$fpl$scalbn)
    _fp_trapveneer                           0x08005ed5   Thumb Code    36  trapv.o(x$fpl$trapveneer)
    __fpl_cmpreturn                          0x08005ef9   Thumb Code    90  trapv.o(x$fpl$trapveneer)
    __I$use$fp                               0x08005f52   Number         0  usenofp.o(x$fpl$usenofp)
    __mathlib_zero                           0x08006008   Data           8  qnan.o(.constdata)
    __stdin_name                             0x080060a4   Data           4  sys_io.o(.constdata)
    __stdout_name                            0x080060a8   Data           4  sys_io.o(.constdata)
    __stderr_name                            0x080060ac   Data           4  sys_io.o(.constdata)
    Region$$Table$$Base                      0x080060b0   Number         0  anon$$obj.o(Region$$Table)
    Region$$Table$$Limit                     0x080060d0   Number         0  anon$$obj.o(Region$$Table)
    __aeabi_stdin                            0x20000000   Data           4  stdio_streams.o(.data)
    __aeabi_stdout                           0x20000004   Data           4  stdio_streams.o(.data)
    __aeabi_stderr                           0x20000008   Data           4  stdio_streams.o(.data)
    __stdin                                  0x2000000c   Data          84  stdio_streams.o(.bss)
    __stdout                                 0x20000060   Data          84  stdio_streams.o(.bss)
    __stderr                                 0x200000b4   Data          84  stdio_streams.o(.bss)
    __libspace_start                         0x20000108   Data          96  libspace.o(.bss)
    __temporary_stack_top$libspace           0x20000168   Data           0  libspace.o(.bss)



==============================================================================

Memory Map of the image

  Image Entry point : 0x08000189

  Load Region LR_IROM1 (Base: 0x08000000, Size: 0x000060f8, Max: 0x00100000, ABSOLUTE)

    Execution Region ER_IROM1 (Base: 0x08000000, Size: 0x000060ec, Max: 0x00100000, ABSOLUTE)

    Base Addr    Size         Type   Attr      Idx    E Section Name        Object

    0x08000000   0x00000188   Data   RO          114    RESET               startup_stm32f407xx.o
    0x08000188   0x00000008   Code   RO          342  * !!!main             c_w.l(__main.o)
    0x08000190   0x00000034   Code   RO          823    !!!scatter          c_w.l(__scatter.o)
    0x080001c4   0x0000001a   Code   RO          825    !!handler_copy      c_w.l(__scatter_copy.o)
    0x080001de   0x00000002   PAD
    0x080001e0   0x0000001c   Code   RO          827    !!handler_zi        c_w.l(__scatter_zi.o)
    0x080001fc   0x00000000   Code   RO          337    .ARM.Collect$$_printf_percent$$00000000  c_w.l(_printf_percent.o)
    0x080001fc   0x00000006   Code   RO          336    .ARM.Collect$$_printf_percent$$00000003  c_w.l(_printf_f.o)
    0x08000202   0x00000006   Code   RO          335    .ARM.Collect$$_printf_percent$$00000008  c_w.l(_printf_i.o)
    0x08000208   0x00000004   Code   RO          395    .ARM.Collect$$_printf_percent$$00000017  c_w.l(_printf_percent_end.o)
    0x0800020c   0x00000002   Code   RO          641    .ARM.Collect$$libinit$$00000000  c_w.l(libinit.o)
    0x0800020e   0x00000004   Code   RO          642    .ARM.Collect$$libinit$$00000001  c_w.l(libinit2.o)
    0x08000212   0x00000000   Code   RO          645    .ARM.Collect$$libinit$$00000004  c_w.l(libinit2.o)
    0x08000212   0x00000008   Code   RO          646    .ARM.Collect$$libinit$$00000005  c_w.l(libinit2.o)
    0x0800021a   0x00000000   Code   RO          648    .ARM.Collect$$libinit$$0000000A  c_w.l(libinit2.o)
    0x0800021a   0x00000000   Code   RO          650    .ARM.Collect$$libinit$$0000000C  c_w.l(libinit2.o)
    0x0800021a   0x00000000   Code   RO          652    .ARM.Collect$$libinit$$0000000E  c_w.l(libinit2.o)
    0x0800021a   0x00000006   Code   RO          653    .ARM.Collect$$libinit$$0000000F  c_w.l(libinit2.o)
    0x08000220   0x00000000   Code   RO          655    .ARM.Collect$$libinit$$00000011  c_w.l(libinit2.o)
    0x08000220   0x00000000   Code   RO          657    .ARM.Collect$$libinit$$00000013  c_w.l(libinit2.o)
    0x08000220   0x00000000   Code   RO          659    .ARM.Collect$$libinit$$00000015  c_w.l(libinit2.o)
    0x08000220   0x0000000a   Code   RO          660    .ARM.Collect$$libinit$$00000016  c_w.l(libinit2.o)
    0x0800022a   0x00000000   Code   RO          661    .ARM.Collect$$libinit$$00000017  c_w.l(libinit2.o)
    0x0800022a   0x00000000   Code   RO          663    .ARM.Collect$$libinit$$00000019  c_w.l(libinit2.o)
    0x0800022a   0x00000000   Code   RO          665    .ARM.Collect$$libinit$$0000001B  c_w.l(libinit2.o)
    0x0800022a   0x00000000   Code   RO          667    .ARM.Collect$$libinit$$0000001D  c_w.l(libinit2.o)
    0x0800022a   0x00000000   Code   RO          669    .ARM.Collect$$libinit$$0000001F  c_w.l(libinit2.o)
    0x0800022a   0x00000000   Code   RO          671    .ARM.Collect$$libinit$$00000021  c_w.l(libinit2.o)
    0x0800022a   0x00000000   Code   RO          673    .ARM.Collect$$libinit$$00000023  c_w.l(libinit2.o)
    0x0800022a   0x00000004   Code   RO          674    .ARM.Collect$$libinit$$00000024  c_w.l(libinit2.o)
    0x0800022e   0x00000000   Code   RO          675    .ARM.Collect$$libinit$$00000025  c_w.l(libinit2.o)
    0x0800022e   0x00000000   Code   RO          679    .ARM.Collect$$libinit$$0000002C  c_w.l(libinit2.o)
    0x0800022e   0x00000000   Code   RO          681    .ARM.Collect$$libinit$$0000002E  c_w.l(libinit2.o)
    0x0800022e   0x00000000   Code   RO          683    .ARM.Collect$$libinit$$00000030  c_w.l(libinit2.o)
    0x0800022e   0x00000000   Code   RO          685    .ARM.Collect$$libinit$$00000032  c_w.l(libinit2.o)
    0x0800022e   0x00000002   Code   RO          686    .ARM.Collect$$libinit$$00000033  c_w.l(libinit2.o)
    0x08000230   0x00000002   Code   RO          804    .ARM.Collect$$libshutdown$$00000000  c_w.l(libshutdown.o)
    0x08000232   0x00000004   Code   RO          688    .ARM.Collect$$libshutdown$$00000002  c_w.l(libshutdown2.o)
    0x08000236   0x00000000   Code   RO          689    .ARM.Collect$$libshutdown$$00000003  c_w.l(libshutdown2.o)
    0x08000236   0x00000000   Code   RO          692    .ARM.Collect$$libshutdown$$00000006  c_w.l(libshutdown2.o)
    0x08000236   0x00000000   Code   RO          695    .ARM.Collect$$libshutdown$$00000009  c_w.l(libshutdown2.o)
    0x08000236   0x00000000   Code   RO          697    .ARM.Collect$$libshutdown$$0000000B  c_w.l(libshutdown2.o)
    0x08000236   0x00000000   Code   RO          700    .ARM.Collect$$libshutdown$$0000000E  c_w.l(libshutdown2.o)
    0x08000236   0x00000002   Code   RO          701    .ARM.Collect$$libshutdown$$0000000F  c_w.l(libshutdown2.o)
    0x08000238   0x00000000   Code   RO          386    .ARM.Collect$$rtentry$$00000000  c_w.l(__rtentry.o)
    0x08000238   0x00000000   Code   RO          465    .ARM.Collect$$rtentry$$00000002  c_w.l(__rtentry2.o)
    0x08000238   0x00000006   Code   RO          477    .ARM.Collect$$rtentry$$00000004  c_w.l(__rtentry4.o)
    0x0800023e   0x00000000   Code   RO          467    .ARM.Collect$$rtentry$$00000009  c_w.l(__rtentry2.o)
    0x0800023e   0x00000004   Code   RO          468    .ARM.Collect$$rtentry$$0000000A  c_w.l(__rtentry2.o)
    0x08000242   0x00000000   Code   RO          470    .ARM.Collect$$rtentry$$0000000C  c_w.l(__rtentry2.o)
    0x08000242   0x00000008   Code   RO          471    .ARM.Collect$$rtentry$$0000000D  c_w.l(__rtentry2.o)
    0x0800024a   0x00000002   Code   RO          705    .ARM.Collect$$rtexit$$00000000  c_w.l(rtexit.o)
    0x0800024c   0x00000000   Code   RO          755    .ARM.Collect$$rtexit$$00000002  c_w.l(rtexit2.o)
    0x0800024c   0x00000004   Code   RO          756    .ARM.Collect$$rtexit$$00000003  c_w.l(rtexit2.o)
    0x08000250   0x00000006   Code   RO          757    .ARM.Collect$$rtexit$$00000004  c_w.l(rtexit2.o)
    0x08000256   0x00000002   PAD
    0x08000258   0x00000000   Code   RO          761    .emb_text           c_w.l(maybetermalloc1.o)
    0x08000258   0x0000094c   Code   RO            4    .text               main.o
    0x08000ba4   0x00000038   Code   RO           70    .text               fput_debug.o
    0x08000bdc   0x00000054   Code   RO          115    .text               startup_stm32f407xx.o
    0x08000c30   0x000000d2   Code   RO          157    .text               arm_cortexM4lf_math.lib(arm_sub_f32.o)
    0x08000d02   0x00000002   PAD
    0x08000d04   0x0000056e   Code   RO          209    .text               arm_cortexM4lf_math.lib(arm_conv_f32.o)
    0x08001272   0x00000002   PAD
    0x08001274   0x0000058c   Code   RO          233    .text               arm_cortexM4lf_math.lib(arm_correlate_f32.o)
    0x08001800   0x00000090   Code   RO          257    .text               arm_cortexM4lf_math.lib(arm_mean_f32.o)
    0x08001890   0x00000134   Code   RO          281    .text               arm_cortexM4lf_math.lib(arm_std_f32.o)
    0x080019c4   0x00000018   Code   RO          309    .text               c_w.l(noretval__2printf.o)
    0x080019dc   0x00000078   Code   RO          313    .text               c_w.l(_printf_dec.o)
    0x08001a54   0x00000138   Code   RO          327    .text               c_w.l(__printf_flags_wp.o)
    0x08001b8c   0x00000064   Code   RO          338    .text               c_w.l(rt_memcpy_w.o)
    0x08001bf0   0x00000006   Code   RO          340    .text               c_w.l(heapauxi.o)
    0x08001bf6   0x00000016   Code   RO          387    .text               c_w.l(_rserrno.o)
    0x08001c0c   0x000000b2   Code   RO          389    .text               c_w.l(_printf_intcommon.o)
    0x08001cbe   0x0000041a   Code   RO          391    .text               c_w.l(_printf_fp_dec.o)
    0x080020d8   0x00000024   Code   RO          393    .text               c_w.l(_printf_char_file.o)
    0x080020fc   0x00000008   Code   RO          482    .text               c_w.l(rt_locale_intlibspace.o)
    0x08002104   0x00000008   Code   RO          487    .text               c_w.l(rt_errno_addr_intlibspace.o)
    0x0800210c   0x0000008a   Code   RO          489    .text               c_w.l(lludiv10.o)
    0x08002196   0x00000002   PAD
    0x08002198   0x00000030   Code   RO          491    .text               c_w.l(_fptrap.o)
    0x080021c8   0x00000030   Code   RO          493    .text               c_w.l(_printf_char_common.o)
    0x080021f8   0x00000080   Code   RO          495    .text               c_w.l(_printf_fp_infnan.o)
    0x08002278   0x000000dc   Code   RO          497    .text               c_w.l(bigflt0.o)
    0x08002354   0x00000008   Code   RO          522    .text               c_w.l(ferror.o)
    0x0800235c   0x00000138   Code   RO          524    .text               c_w.l(initio.o)
    0x08002494   0x00000066   Code   RO          541    .text               c_w.l(sys_io.o)
    0x080024fa   0x00000002   PAD
    0x080024fc   0x00000008   Code   RO          546    .text               c_w.l(libspace.o)
    0x08002504   0x0000004a   Code   RO          551    .text               c_w.l(sys_stackheap_outer.o)
    0x0800254e   0x0000004e   Code   RO          555    .text               c_w.l(h1_free.o)
    0x0800259c   0x00000046   Code   RO          611    .text               c_w.l(setvbuf.o)
    0x080025e2   0x00000002   PAD
    0x080025e4   0x000000ec   Code   RO          614    .text               c_w.l(fopen.o)
    0x080026d0   0x0000004c   Code   RO          616    .text               c_w.l(fclose.o)
    0x0800271c   0x0000000c   Code   RO          622    .text               c_w.l(exit.o)
    0x08002728   0x0000000e   Code   RO          624    .text               c_w.l(defsig_fpe_outer.o)
    0x08002736   0x0000000e   Code   RO          628    .text               c_w.l(defsig_rtred_outer.o)
    0x08002744   0x0000004e   Code   RO          632    .text               c_w.l(rt_memclr_w.o)
    0x08002792   0x00000002   PAD
    0x08002794   0x00000080   Code   RO          634    .text               c_w.l(strcmpv7m.o)
    0x08002814   0x00000002   Code   RO          702    .text               c_w.l(use_no_semi.o)
    0x08002816   0x00000000   Code   RO          704    .text               c_w.l(indicate_semi.o)
    0x08002816   0x00000002   PAD
    0x08002818   0x00000008   Code   RO          712    .text               c_w.l(rt_heap_descriptor_intlibspace.o)
    0x08002820   0x00000004   Code   RO          714    .text               c_w.l(hguard.o)
    0x08002824   0x0000008a   Code   RO          716    .text               c_w.l(init_alloc.o)
    0x080028ae   0x0000005e   Code   RO          722    .text               c_w.l(h1_alloc.o)
    0x0800290c   0x000000f8   Code   RO          736    .text               c_w.l(fseek.o)
    0x08002a04   0x000000f0   Code   RO          738    .text               c_w.l(stdio.o)
    0x08002af4   0x0000000a   Code   RO          740    .text               c_w.l(defsig_exit.o)
    0x08002afe   0x00000002   PAD
    0x08002b00   0x000000ac   Code   RO          742    .text               c_w.l(defsig_fpe_inner.o)
    0x08002bac   0x00000034   Code   RO          744    .text               c_w.l(defsig_rtred_inner.o)
    0x08002be0   0x0000003e   Code   RO          746    .text               c_w.l(strlen.o)
    0x08002c1e   0x00000002   PAD
    0x08002c20   0x0000000c   Code   RO          752    .text               c_w.l(sys_exit.o)
    0x08002c2c   0x0000000e   Code   RO          763    .text               c_w.l(h1_init.o)
    0x08002c3a   0x00000034   Code   RO          765    .text               c_w.l(h1_extend.o)
    0x08002c6e   0x00000042   Code   RO          771    .text               c_w.l(ftell.o)
    0x08002cb0   0x00000032   Code   RO          775    .text               c_w.l(defsig_general.o)
    0x08002ce2   0x0000000e   Code   RO          777    .text               c_w.l(defsig_rtmem_outer.o)
    0x08002cf0   0x0000000e   Code   RO          790    .text               c_w.l(sys_wrch.o)
    0x08002cfe   0x00000002   PAD
    0x08002d00   0x00000050   Code   RO          798    .text               c_w.l(defsig_rtmem_inner.o)
    0x08002d50   0x0000003e   Code   RO          500    CL$$btod_d2e        c_w.l(btod.o)
    0x08002d8e   0x00000046   Code   RO          502    CL$$btod_d2e_denorm_low  c_w.l(btod.o)
    0x08002dd4   0x00000060   Code   RO          501    CL$$btod_d2e_norm_op1  c_w.l(btod.o)
    0x08002e34   0x00000338   Code   RO          510    CL$$btod_div_common  c_w.l(btod.o)
    0x0800316c   0x000000c6   Code   RO          507    CL$$btod_e2e        c_w.l(btod.o)
    0x08003232   0x00000028   Code   RO          504    CL$$btod_ediv       c_w.l(btod.o)
    0x0800325a   0x00000028   Code   RO          503    CL$$btod_emul       c_w.l(btod.o)
    0x08003282   0x00000244   Code   RO          509    CL$$btod_mult_common  c_w.l(btod.o)
    0x080034c6   0x00000002   PAD
    0x080034c8   0x00000086   Code   RO          105    fn                  kalmanfilter_asm.o
    0x0800354e   0x00000030   Code   RO          459    i.__ARM_fpclassify  m_wm.l(fpclassify.o)
    0x0800357e   0x00000002   PAD
    0x08003580   0x00000c38   Code   RO          360    i.__hardfp_pow      m_wm.l(pow.o)
    0x080041b8   0x0000007a   Code   RO          374    i.__hardfp_sqrt     m_wm.l(sqrt_full.o)
    0x08004232   0x000000f8   Code   RO          461    i.__kernel_poly     m_wm.l(poly.o)
    0x0800432a   0x00000006   PAD
    0x08004330   0x00000030   Code   RO          439    i.__mathlib_dbl_divzero  m_wm.l(dunder.o)
    0x08004360   0x00000014   Code   RO          441    i.__mathlib_dbl_infnan2  m_wm.l(dunder.o)
    0x08004374   0x00000004   PAD
    0x08004378   0x00000020   Code   RO          442    i.__mathlib_dbl_invalid  m_wm.l(dunder.o)
    0x08004398   0x00000020   Code   RO          443    i.__mathlib_dbl_overflow  m_wm.l(dunder.o)
    0x080043b8   0x00000020   Code   RO          445    i.__mathlib_dbl_underflow  m_wm.l(dunder.o)
    0x080043d8   0x0000000e   Code   RO          325    i._is_digit         c_w.l(__printf_wp.o)
    0x080043e6   0x00000018   Code   RO          455    i.fabs              m_wm.l(fabs.o)
    0x080043fe   0x0000006e   Code   RO          376    i.sqrt              m_wm.l(sqrt_full.o)
    0x0800446c   0x0000002c   Code   RO          531    locale$$code        c_w.l(lc_numeric_c.o)
    0x08004498   0x00000018   Code   RO          402    x$fpl$basic         g_wm.l(basic.o)
    0x080044b0   0x000002c4   Code   RO          344    x$fpl$d2f           g_wm.l(d2f_clz.o)
    0x08004774   0x0000024c   Code   RO          346    x$fpl$dadd          g_wm.l(daddsub_clz.o)
    0x080049c0   0x0000001c   Code   RO          533    x$fpl$dcheck1       g_wm.l(dcheck1.o)
    0x080049dc   0x00000018   Code   RO          535    x$fpl$dcmpinf       g_wm.l(dcmpi.o)
    0x080049f4   0x0000037c   Code   RO          405    x$fpl$ddiv          g_wm.l(ddiv_clz.o)
    0x08004d70   0x0000002e   Code   RO          409    x$fpl$dflt          g_wm.l(dflt_clz.o)
    0x08004d9e   0x0000001a   Code   RO          410    x$fpl$dfltn         g_wm.l(dflt_clz.o)
    0x08004db8   0x00000078   Code   RO          414    x$fpl$dleqf         g_wm.l(dleqf.o)
    0x08004e30   0x000001c0   Code   RO          352    x$fpl$dmul          g_wm.l(dmul_clz.o)
    0x08004ff0   0x00000102   Code   RO          416    x$fpl$dnaninf       g_wm.l(dnaninf.o)
    0x080050f2   0x00000070   Code   RO          418    x$fpl$drenorm       g_wm.l(drenorm_clz.o)
    0x08005162   0x0000000c   Code   RO          420    x$fpl$dretinf       g_wm.l(dretinf.o)
    0x0800516e   0x00000062   Code   RO          354    x$fpl$drleqf        g_wm.l(drleqf.o)
    0x080051d0   0x00000050   Code   RO          347    x$fpl$drsb          g_wm.l(daddsub_clz.o)
    0x08005220   0x00000208   Code   RO          422    x$fpl$dsqrt         g_wm.l(dsqrt_umaalclz.o)
    0x08005428   0x0000029c   Code   RO          348    x$fpl$dsub          g_wm.l(daddsub_clz.o)
    0x080056c4   0x0000017a   Code   RO          424    x$fpl$dunder        g_wm.l(dunder_clz.o)
    0x0800583e   0x00000002   PAD
    0x08005840   0x000001ec   Code   RO          426    x$fpl$exception     g_wm.l(except.o)
    0x08005a2c   0x0000007a   Code   RO          356    x$fpl$f2d           g_wm.l(f2d.o)
    0x08005aa6   0x000000f2   Code   RO          428    x$fpl$fnaninf       g_wm.l(fnaninf.o)
    0x08005b98   0x0000000a   Code   RO          750    x$fpl$fpinit        g_wm.l(fpinit.o)
    0x08005ba2   0x0000000a   Code   RO          430    x$fpl$fretinf       g_wm.l(fretinf.o)
    0x08005bac   0x0000013c   Code   RO          432    x$fpl$funder        g_wm.l(funder_clz.o)
    0x08005ce8   0x00000020   Code   RO          537    x$fpl$ieeestatus    g_wm.l(istatus.o)
    0x08005d08   0x00000004   Code   RO          358    x$fpl$printf1       g_wm.l(printf1.o)
    0x08005d0c   0x000000b2   Code   RO          539    x$fpl$retnan        g_wm.l(retnan.o)
    0x08005dbe   0x00000002   PAD
    0x08005dc0   0x00000114   Code   RO          434    x$fpl$scalbn        g_wm.l(scalbn_clz.o)
    0x08005ed4   0x0000007e   Code   RO          436    x$fpl$trapveneer    g_wm.l(trapv.o)
    0x08005f52   0x00000000   Code   RO          438    x$fpl$usenofp       g_wm.l(usenofp.o)
    0x08005f52   0x00000002   PAD
    0x08005f54   0x00000014   Data   RO            5    .constdata          main.o
    0x08005f68   0x00000011   Data   RO          328    .constdata          c_w.l(__printf_flags_wp.o)
    0x08005f79   0x00000007   PAD
    0x08005f80   0x00000088   Data   RO          363    .constdata          m_wm.l(pow.o)
    0x08006008   0x00000008   Data   RO          463    .constdata          m_wm.l(qnan.o)
    0x08006010   0x00000094   Data   RO          498    .constdata          c_w.l(bigflt0.o)
    0x080060a4   0x00000004   Data   RO          542    .constdata          c_w.l(sys_io.o)
    0x080060a8   0x00000004   Data   RO          543    .constdata          c_w.l(sys_io.o)
    0x080060ac   0x00000004   Data   RO          544    .constdata          c_w.l(sys_io.o)
    0x080060b0   0x00000020   Data   RO          821    Region$$Table       anon$$obj.o
    0x080060d0   0x0000001c   Data   RO          530    locale$$data        c_w.l(lc_numeric_c.o)


    Execution Region RW_IRAM1 (Base: 0x20000000, Size: 0x00000768, Max: 0x00020000, ABSOLUTE)

    Base Addr    Size         Type   Attr      Idx    E Section Name        Object

    0x20000000   0x00000004   Data   RW          399    .data               c_w.l(stdio_streams.o)
    0x20000004   0x00000004   Data   RW          400    .data               c_w.l(stdio_streams.o)
    0x20000008   0x00000004   Data   RW          401    .data               c_w.l(stdio_streams.o)
    0x2000000c   0x00000054   Zero   RW          396    .bss                c_w.l(stdio_streams.o)
    0x20000060   0x00000054   Zero   RW          397    .bss                c_w.l(stdio_streams.o)
    0x200000b4   0x00000054   Zero   RW          398    .bss                c_w.l(stdio_streams.o)
    0x20000108   0x00000060   Zero   RW          547    .bss                c_w.l(libspace.o)
    0x20000168   0x00000200   Zero   RW          113    HEAP                startup_stm32f407xx.o
    0x20000368   0x00000400   Zero   RW          112    STACK               startup_stm32f407xx.o


==============================================================================

Image component sizes


      Code (inc. data)   RO Data    RW Data    ZI Data      Debug   Object Name

        56          4          0          0          0     272067   fput_debug.o
       134          0          0          0          0        272   kalmanfilter_asm.o
      2380        464         20          0          0      22758   main.o
        84         26        392          0       1536        872   startup_stm32f407xx.o

    ----------------------------------------------------------------------
      2654        494        444          0       1536     295969   Object Totals
         0          0         32          0          0          0   (incl. Generated)
         0          0          0          0          0          0   (incl. Padding)

    ----------------------------------------------------------------------

      Code (inc. data)   RO Data    RW Data    ZI Data      Debug   Library Member Name

      1390          6          0          0          0       3611   arm_conv_f32.o
      1420          6          0          0          0       3784   arm_correlate_f32.o
       144          6          0          0          0        915   arm_mean_f32.o
       308          4          0          0          0      14718   arm_std_f32.o
       210          0          0          0          0      17414   arm_sub_f32.o
         8          0          0          0          0         68   __main.o
       312          4         17          0          0         92   __printf_flags_wp.o
        14          0          0          0          0         68   __printf_wp.o
         0          0          0          0          0          0   __rtentry.o
        12          0          0          0          0          0   __rtentry2.o
         6          0          0          0          0          0   __rtentry4.o
        52          8          0          0          0          0   __scatter.o
        26          0          0          0          0          0   __scatter_copy.o
        28          0          0          0          0          0   __scatter_zi.o
        48          4          0          0          0         84   _fptrap.o
        48          6          0          0          0         96   _printf_char_common.o
        36          4          0          0          0         80   _printf_char_file.o
       120         16          0          0          0         92   _printf_dec.o
         6          0          0          0          0          0   _printf_f.o
      1050          0          0          0          0        216   _printf_fp_dec.o
       128         16          0          0          0         84   _printf_fp_infnan.o
         6          0          0          0          0          0   _printf_i.o
       178          0          0          0          0         88   _printf_intcommon.o
         0          0          0          0          0          0   _printf_percent.o
         4          0          0          0          0          0   _printf_percent_end.o
        22          0          0          0          0        100   _rserrno.o
       220          4        148          0          0         96   bigflt0.o
      1910        128          0          0          0        672   btod.o
        10          0          0          0          0         68   defsig_exit.o
       172        110          0          0          0         76   defsig_fpe_inner.o
        14          0          0          0          0         80   defsig_fpe_outer.o
        50          0          0          0          0         88   defsig_general.o
        80         58          0          0          0         76   defsig_rtmem_inner.o
        14          0          0          0          0         80   defsig_rtmem_outer.o
        52         38          0          0          0         76   defsig_rtred_inner.o
        14          0          0          0          0         80   defsig_rtred_outer.o
        12          0          0          0          0         72   exit.o
        76          0          0          0          0         88   fclose.o
         8          0          0          0          0         68   ferror.o
       236          4          0          0          0        128   fopen.o
       248          6          0          0          0         84   fseek.o
        66          0          0          0          0         76   ftell.o
        94          0          0          0          0         80   h1_alloc.o
        52          0          0          0          0         68   h1_extend.o
        78          0          0          0          0         80   h1_free.o
        14          0          0          0          0         84   h1_init.o
         6          0          0          0          0        152   heapauxi.o
         4          0          0          0          0        136   hguard.o
         0          0          0          0          0          0   indicate_semi.o
       138          0          0          0          0        168   init_alloc.o
       312         46          0          0          0        112   initio.o
        44         10         28          0          0         76   lc_numeric_c.o
         2          0          0          0          0          0   libinit.o
        34          0          0          0          0          0   libinit2.o
         2          0          0          0          0          0   libshutdown.o
         6          0          0          0          0          0   libshutdown2.o
         8          4          0          0         96         68   libspace.o
       138          0          0          0          0         80   lludiv10.o
         0          0          0          0          0          0   maybetermalloc1.o
        24          4          0          0          0         84   noretval__2printf.o
         8          4          0          0          0         68   rt_errno_addr_intlibspace.o
         8          4          0          0          0         68   rt_heap_descriptor_intlibspace.o
         8          4          0          0          0         68   rt_locale_intlibspace.o
        78          0          0          0          0         80   rt_memclr_w.o
       100          0          0          0          0         80   rt_memcpy_w.o
         2          0          0          0          0          0   rtexit.o
        10          0          0          0          0          0   rtexit2.o
        70          0          0          0          0         80   setvbuf.o
       240          6          0          0          0        156   stdio.o
         0          0          0         12        252          0   stdio_streams.o
       128          0          0          0          0         68   strcmpv7m.o
        62          0          0          0          0         76   strlen.o
        12          4          0          0          0         68   sys_exit.o
       102          0         12          0          0        240   sys_io.o
        74          0          0          0          0         80   sys_stackheap_outer.o
        14          0          0          0          0         76   sys_wrch.o
         2          0          0          0          0         68   use_no_semi.o
        24          0          0          0          0        164   basic.o
       708         16          0          0          0        140   d2f_clz.o
      1336         32          0          0          0        532   daddsub_clz.o
        28          0          0          0          0        116   dcheck1.o
        24          0          0          0          0        116   dcmpi.o
       892        152          0          0          0        292   ddiv_clz.o
        72          0          0          0          0        232   dflt_clz.o
       120          8          0          0          0        140   dleqf.o
       448         16          0          0          0        164   dmul_clz.o
       258          4          0          0          0        156   dnaninf.o
       112          0          0          0          0        160   drenorm_clz.o
        12          0          0          0          0        116   dretinf.o
        98          0          0          0          0        128   drleqf.o
       520         56          0          0          0        180   dsqrt_umaalclz.o
       378          0          0          0          0        168   dunder_clz.o
       492         36          0          0          0        148   except.o
       122          8          0          0          0        132   f2d.o
       242          4          0          0          0        144   fnaninf.o
        10          0          0          0          0        116   fpinit.o
        10          0          0          0          0        116   fretinf.o
       316          0          0          0          0        132   funder_clz.o
        32          4          0          0          0        116   istatus.o
         4          0          0          0          0        116   printf1.o
       178          0          0          0          0        116   retnan.o
       276          4          0          0          0        124   scalbn_clz.o
       126          0          0          0          0        148   trapv.o
         0          0          0          0          0          0   usenofp.o
       164         44          0          0          0        620   dunder.o
        24          0          0          0          0        124   fabs.o
        48          0          0          0          0        124   fpclassify.o
       248          0          0          0          0        152   poly.o
      3128        302        136          0          0        356   pow.o
         0          0          8          0          0          0   qnan.o
       232          0          0          0          0        296   sqrt_full.o

    ----------------------------------------------------------------------
     21358       1200        356         12        348      51766   Library Totals
        44          0          7          0          0          0   (incl. Padding)

    ----------------------------------------------------------------------

      Code (inc. data)   RO Data    RW Data    ZI Data      Debug   Library Name

      3472         22          0          0          0      40442   arm_cortexM4lf_math.lib
      7160        492        205         12        348       5440   c_w.l
      6838        340          0          0          0       4212   g_wm.l
      3844        346        144          0          0       1672   m_wm.l

    ----------------------------------------------------------------------
     21358       1200        356         12        348      51766   Library Totals

    ----------------------------------------------------------------------

==============================================================================


      Code (inc. data)   RO Data    RW Data    ZI Data      Debug   

     24012       1694        800         12       1884     340619   Grand Totals
     24012       1694        800         12       1884     340619   ELF Image Totals
     24012       1694        800         12          0          0   ROM Totals

==============================================================================

    Total RO  Size (Code + RO Data)                24812 (  24.23kB)
    Total RW  Size (RW Data + ZI Data)              1896 (   1.85kB)
    Total ROM Size (Code + RO Data + RW Data)      24824 (  24.24kB)

==============================================================================

